[ninzio.com/craft/index.html]
[backblue.gif]
[fade.gif]
[index.html]
[ninzio.com/craft/wp-content/plugins/WPRT_VC_Addons/assets/craft-iconscbf4.css]
[ninzio.com/craft/wp-content/plugins/js_composer/assets/css/js_composer.min5243.css]
[ninzio.com/craft/wp-content/plugins/contact-form-7/includes/css/styles5597.css]
[ninzio.com/craft/wp-content/plugins/revslider/public/assets/css/settings8c43.css]
[ninzio.com/craft/comments/feed/index.html]
[ninzio.com/craft/feed/index.html]
[ninzio.com/craft/wp-content/themes/thecraft/style8a54.css]
[ninzio.com/craft/wp-content/themes/thecraft/assets/css/visual-composer8a54.css]
[ninzio.com/craft/wp-content/themes/thecraft/assets/css/animate49eb.css]
[ninzio.com/craft/wp-content/themes/thecraft/assets/css/animsitionf39e.css]
[ninzio.com/craft/wp-content/themes/thecraft/assets/css/font-awesome1849.css]
[ninzio.com/craft/wp-content/themes/thecraft/assets/css/slickaff7.css]
[ninzio.com/craft/wp-content/themes/thecraft/assets/css/themecore-icons8a54.css]
[ninzio.com/craft/wp-content/themes/thecraft/assets/css/woocommerce8a54.css]
[ninzio.com/craft/wp-content/plugins/WPRT_Switcher/assets/style5152.css]
[ninzio.com/craft/wp-content/plugins/WPRT_VC_Addons/assets/flexslider9254.css]
[ninzio.com/craft/wp-content/plugins/WPRT_VC_Addons/assets/owl.carousel77e6.css]
[ninzio.com/craft/wp-content/plugins/WPRT_VC_Addons/assets/cubeportfolio.min6b00.css]
[ninzio.com/craft/wp-content/plugins/WPRT_VC_Addons/assets/magnific.popup8a54.css]
[ninzio.com/craft/wp-content/plugins/WPRT_VC_Addons/assets/vegas254d.css]
[ninzio.com/craft/wp-content/plugins/WPRT_VC_Addons/assets/ytplayer5b75.css]
[ninzio.com/craft/wp-content/plugins/WPRT_VC_Addons/assets/shortcodes5152.css]
[ninzio.com/craft/wp-includes/js/jquery/jqueryb8ff.js]
[ninzio.com/craft/wp-includes/js/jquery/jquery-migrate.min330a.js]
[ninzio.com/craft/wp-content/plugins/woocommerce/assets/js/frontend/add-to-cart.min6765.js]
[ninzio.com/craft/wp-content/plugins/js_composer/assets/js/vendors/woocommerce-add-to-cart5243.js]
[ninzio.com/craft/wp-content/plugins/revslider/public/assets/js/jquery.themepunch.revolution.min8c43.js]
[ninzio.com/craft/wp-content/plugins/revslider/public/assets/js/jquery.themepunch.tools.min8c43.js]
[ninzio.com/craft/xmlrpc0db0.php]
[ninzio.com/craft/wp-json/index.html]
[ninzio.com/craft/wp-includes/wlwmanifest.xml]
[ninzio.com/craft/wp-json/oembed/1.0/embed0996.json]
[ninzio.com/craft/wp-json/oembed/1.0/embed06b1]
[ninzio.com/craft/wp-content/uploads/2018/01/favicon.png]
[ninzio.com/craft/wp-content/uploads/2017/11/logo.png]
[ninzio.com/craft/wp-content/uploads/2018/01/bg-slider-2.jpg]
[ninzio.com/craft/wp-content/uploads/2018/01/bg-slider-1.jpg]
[ninzio.com/craft/cart/index.html]
[ninzio.com/craft/home-3/index.html]
[ninzio.com/craft/wp-content/uploads/2018/01/bg-slider-3.jpg]
[ninzio.com/craft/home-2/index.html]
[ninzio.com/craft/wp-content/uploads/2017/11/portfolio1-600x450.jpg]
[ninzio.com/craft/home-4/index.html]
[ninzio.com/craft/wp-content/uploads/2017/11/portfolio1.jpg]
[ninzio.com/craft/home-5/index.html]
[ninzio.com/craft/home-6/index.html]
[ninzio.com/craft/wp-content/uploads/2017/11/portfolio2-600x450.jpg]
[ninzio.com/craft/header-1/index.html]
[ninzio.com/craft/wp-content/uploads/2017/11/portfolio2.jpg]
[ninzio.com/craft/header-2/index.html]
[ninzio.com/craft/header-3/index.html]
[ninzio.com/craft/wp-content/uploads/2017/11/portfolio3-600x450.jpg]
[ninzio.com/craft/header-4/index.html]
[ninzio.com/craft/header-5/index.html]
[ninzio.com/craft/wp-content/uploads/2017/11/portfolio3.jpg]
[ninzio.com/craft/header-6/index.html]
[ninzio.com/craft/wp-content/uploads/2017/11/portfolio4-600x450.jpg]
[ninzio.com/craft/wp-content/uploads/2017/11/portfolio4.jpg]
[ninzio.com/craft/header-7/index.html]
[ninzio.com/craft/about-us/index.html]
[ninzio.com/craft/wp-content/uploads/2017/11/portfolio5-600x450.jpg]
[ninzio.com/craft/wp-content/uploads/2017/11/portfolio5.jpg]
[ninzio.com/craft/services/index.html]
[ninzio.com/craft/contact-us/index.html]
[ninzio.com/craft/wp-content/uploads/2017/11/portfolio6-600x450.jpg]
[ninzio.com/craft/pricing/index.html]
[ninzio.com/craft/portfolio-standard/index.html]
[ninzio.com/craft/wp-content/uploads/2017/11/portfolio6.jpg]
[ninzio.com/craft/portfolio-simple/index.html]
[ninzio.com/craft/wp-content/uploads/2017/11/portfolio7-600x450.jpg]
[ninzio.com/craft/portfolio-grid/index.html]
[ninzio.com/craft/wp-content/uploads/2017/11/portfolio7.jpg]
[ninzio.com/craft/wp-content/uploads/2017/11/portfolio8-600x450.jpg]
[ninzio.com/craft/project/website-creation/index.html]
[ninzio.com/craft/project/mountain-woman-3/index.html]
[ninzio.com/craft/wp-content/uploads/2017/11/portfolio8.jpg]
[ninzio.com/craft/wp-content/uploads/2017/09/testimonial1.jpg]
[ninzio.com/craft/blog/index.html]
[ninzio.com/craft/wp-content/uploads/2017/09/testimonial2.jpg]
[ninzio.com/craft/blog-grid/index.html]
[ninzio.com/craft/wp-content/uploads/2017/09/testimonial3.jpg]
[ninzio.com/craft/blog-list/index.html]
[ninzio.com/craft/wp-content/uploads/2017/09/testimonial4.jpg]
[ninzio.com/craft/officers-fired-after-removal-of-united-airlines-passenger-5/index.html]
[ninzio.com/craft/shop/index.html]
[ninzio.com/craft/wp-content/uploads/2017/09/testimonial5.jpg]
[ninzio.com/craft/product/awesome-green-tshirt/index.html]
[ninzio.com/craft/wp-content/uploads/2017/11/logo_white.png]
[ninzio.com/craft/elements/buttons/index.html]
[ninzio.com/craft/elements/counter/index.html]
[ninzio.com/craft/elements/lists/index.html]
[scontent-yyz1-1.cdninstagram.com/vp/d0d4c659475efc09eda8adb211e17c6d/5AA6BA31/t51.2885-15/e35/c0.40.640.640/28427440_1560814037349457_8569759236530110464_n.jpg]
[ninzio.com/craft/elements/lines-and-divider/index.html]
[ninzio.com/craft/elements/icons/index.html]
[ninzio.com/craft/elements/iconbox/index.html]
[ninzio.com/craft/elements/accordions/index.html]
[scontent-yyz1-1.cdninstagram.com/vp/a63fbcbf8c4bdc91da5323f8b3b181c0/5B443AB0/t51.2885-15/s640x640/sh0.08/e35/28433746_388897464905916_7665864338086821888_n.jpg]
[ninzio.com/craft/elements/progress-bar/index.html]
[ninzio.com/craft/elements/testimonials/index.html]
[ninzio.com/craft/elements/tabs/index.html]
[scontent-yyz1-1.cdninstagram.com/vp/9f902c5202acd8502f9eaafafdf7dd97/5AA68D90/t51.2885-15/e35/c0.80.640.640/28754571_315329465657702_1702097240211849216_n.jpg]
[ninzio.com/craft/elements/blog-posts/index.html]
[ninzio.com/craft/elements/imagebox/index.html]
[scontent-yyz1-1.cdninstagram.com/vp/74deb229de71583ea87589b5d269e0a7/5B2FA7D3/t51.2885-15/s640x640/sh0.08/e35/28429207_204857540248003_3488569374946623488_n.jpg]
[ninzio.com/craft/elements/member-post/index.html]
[ninzio.com/craft/elements/partner-post/index.html]
[ninzio.com/craft/elements/project-post/index.html]
[ninzio.com/craft/wp-content/plugins/contact-form-7/includes/js/scripts5597.js]
[ninzio.com/craft/elements/pricing-table/index.html]
[ninzio.com/craft/wp-content/plugins/woocommerce/assets/js/jquery-blockui/jquery.blockUI.min44fd.js]
[ninzio.com/craft/elements/google-map/index.html]
[ninzio.com/craft/elements/actionbox/index.html]
[ninzio.com/craft/wp-content/plugins/woocommerce/assets/js/js-cookie/js.cookie.min6b25.js]
[ninzio.com/craft/elements/subscribe-form/index.html]
[ninzio.com/craft/elements/count-down/index.html]
[ninzio.com/craft/project/creative-design/index.html]
[ninzio.com/craft/wp-content/plugins/woocommerce/assets/js/frontend/woocommerce.min6765.js]
[ninzio.com/craft/project/happy-teenager/index.html]
[ninzio.com/craft/project/stylish-notebook/index.html]
[ninzio.com/craft/project/fantastic-workspace/index.html]
[ninzio.com/craft/wp-content/plugins/woocommerce/assets/js/frontend/cart-fragments.min6765.js]
[ninzio.com/craft/project/morning-wake-up/index.html]
[ninzio.com/craft/project/modern-photo/index.html]
[ninzio.com/craft/wp-content/themes/thecraft/assets/js/html5shiv1ac1.js]
[ninzio.com/craft/tag/business/index.html]
[ninzio.com/craft/tag/corporate/index.html]
[ninzio.com/craft/tag/design/index.html]
[ninzio.com/craft/wp-content/themes/thecraft/assets/js/respond6f3e.js]
[ninzio.com/craft/tag/development/index.html]
[ninzio.com/craft/wp-content/themes/thecraft/assets/js/matchmedia8a54.js]
[ninzio.com/craft/tag/entertanment/index.html]
[ninzio.com/craft/tag/fashion/index.html]
[ninzio.com/craft/wp-content/themes/thecraft/assets/js/easing6f3e.js]
[ninzio.com/craft/tag/money/index.html]
[ninzio.com/craft/tag/multipurpose/index.html]
[ninzio.com/craft/tag/logo/index.html]
[ninzio.com/craft/tag/team/index.html]
[ninzio.com/craft/wp-includes/js/imagesloaded.min55a0.js]
[ninzio.com/craft/tag/thecraft/index.html]
[ninzio.com/craft/tag/wordpress/index.html]
[ninzio.com/craft/tag/themeforest/index.html]
[ninzio.com/craft/wp-content/themes/thecraft/assets/js/fitvidsf488.js]
[ninzio.com/craft/true-color-monitors-all-one-personal-books-workplace-4/index.html]
[ninzio.com/craft/wp-content/themes/thecraft/assets/js/animsitionf39e.js]
[scontent-yyz1-1.cdninstagram.com/vp/706816430b65031b1e6ec032f747cea9/5B437374/t51.2885-15/s640x640/sh0.08/e35/c0.64.1080.1080/28429945_387965168281521_3063739247572811776_n.3d.dela]
[scontent-yyz1-1.cdninstagram.com/vp/6b39e22ad31e7a82f50f58e88dc931fe/5B29CD8B/t51.2885-15/s640x640/sh0.08/e35/c0.128.1024.1024/28430711_180783769368246_7374058689423998976_n.3b.del]
[ninzio.com/craft/wp-content/themes/thecraft/assets/js/main8a54.js]
[ninzio.com/craft/wp-content/plugins/WPRT_Switcher/assets/cookie5152.js]
[ninzio.com/craft/wp-content/plugins/WPRT_Switcher/assets/switcher5152.js]
[ninzio.com/craft/wp-content/plugins/WPRT_VC_Addons/assets/equalize.min8a54.js]
[ninzio.com/craft/wp-content/plugins/WPRT_VC_Addons/assets/waypoints1c12.js]
[ninzio.com/craft/wp-includes/js/wp-embed.mincbf4.js]
[ninzio.com/craft/wp-content/plugins/WPRT_VC_Addons/assets/shortcodes5152.js]
[ninzio.com/craft/wp-content/plugins/js_composer/assets/js/dist/js_composer_front.min5243.js]
[ninzio.com/craft/wp-content/plugins/WPRT_VC_Addons/assets/appear26f3.js]
[ninzio.com/craft/wp-content/plugins/WPRT_VC_Addons/assets/owl.carousel.min77e6.js]
[ninzio.com/craft/index.html]
[ninzio.com/craft/xmlrpc.php]
[ninzio.com/craft/wp-content/plugins/WPRT_VC_Addons/assets/fonts/craft-iconc4f8.eot]
[ninzio.com/craft/wp-content/plugins/WPRT_VC_Addons/assets/magnific.popup.min8a54.js]
[ninzio.com/craft/wp-content/plugins/WPRT_VC_Addons/assets/fonts/craft-iconc4f8.ttf]
[ninzio.com/craft/wp-content/plugins/WPRT_VC_Addons/assets/fonts/craft-iconc4f8.woff]
[ninzio.com/craft/wp-content/plugins/WPRT_VC_Addons/assets/craft-iconscbf4.css]
[ninzio.com/craft/wp-content/plugins/js_composer/assets/vc/alert.png]
[ninzio.com/craft/wp-content/plugins/js_composer/assets/vc/info.png]
[ninzio.com/craft/wp-content/plugins/js_composer/assets/vc/tick.png]
[ninzio.com/craft/wp-content/plugins/js_composer/assets/vc/exclamation.png]
[ninzio.com/craft/wp-content/plugins/js_composer/assets/images/icons/address-book.png]
[ninzio.com/craft/wp-content/plugins/js_composer/assets/images/icons/alarm-clock.png]
[ninzio.com/craft/wp-content/plugins/js_composer/assets/images/icons/anchor.png]
[ninzio.com/craft/wp-content/plugins/js_composer/assets/images/icons/application-image.png]
[ninzio.com/craft/wp-content/plugins/js_composer/assets/images/icons/arrow.png]
[ninzio.com/craft/wp-content/plugins/js_composer/assets/images/icons/asterisk.png]
[ninzio.com/craft/wp-content/plugins/js_composer/assets/images/icons/auction-hammer.png]
[ninzio.com/craft/wp-content/plugins/js_composer/assets/images/icons/balloon.png]
[ninzio.com/craft/wp-content/plugins/js_composer/assets/images/icons/balloon-buzz.png]
[ninzio.com/craft/wp-content/plugins/js_composer/assets/images/icons/balloon-facebook.png]
[ninzio.com/craft/wp-content/plugins/js_composer/assets/images/icons/balloon-twitter.png]
[ninzio.com/craft/wp-content/plugins/js_composer/assets/images/icons/battery-full.png]
[ninzio.com/craft/wp-content/plugins/js_composer/assets/images/icons/binocular.png]
[ninzio.com/craft/wp-content/plugins/js_composer/assets/images/icons/blue-document-excel.png]
[ninzio.com/craft/wp-content/plugins/js_composer/assets/images/icons/blue-document-image.png]
[ninzio.com/craft/wp-content/plugins/js_composer/assets/images/icons/blue-document-music.png]
[ninzio.com/craft/wp-content/plugins/js_composer/assets/images/icons/blue-document-office.png]
[ninzio.com/craft/wp-content/plugins/js_composer/assets/images/icons/blue-document-pdf.png]
[ninzio.com/craft/wp-content/plugins/js_composer/assets/images/icons/blue-document-powerpoint.png]
[ninzio.com/craft/wp-content/plugins/js_composer/assets/images/icons/blue-document-word.png]
[ninzio.com/craft/wp-content/plugins/js_composer/assets/images/icons/bookmark.png]
[ninzio.com/craft/wp-content/plugins/js_composer/assets/images/icons/camcorder.png]
[ninzio.com/craft/wp-content/plugins/js_composer/assets/images/icons/camera.png]
[ninzio.com/craft/wp-content/plugins/js_composer/assets/images/icons/chart.png]
[ninzio.com/craft/wp-content/plugins/js_composer/assets/images/icons/chart-pie.png]
[ninzio.com/craft/wp-content/plugins/js_composer/assets/images/icons/clock.png]
[ninzio.com/craft/wp-content/plugins/js_composer/assets/images/icons/control.png]
[ninzio.com/craft/wp-content/plugins/js_composer/assets/images/icons/fire.png]
[ninzio.com/craft/wp-content/plugins/js_composer/assets/images/icons/heart.png]
[ninzio.com/craft/wp-content/plugins/js_composer/assets/images/icons/mail.png]
[ninzio.com/craft/wp-content/plugins/js_composer/assets/images/icons/plus-shield.png]
[ninzio.com/craft/wp-content/plugins/js_composer/assets/images/icons/video.png]
[ninzio.com/craft/wp-content/plugins/js_composer/assets/fonts/vc_icons_v2/fonts/vcpb-plugin-icons01aa.ttf]
[ninzio.com/craft/wp-content/plugins/js_composer/assets/fonts/vc_icons_v2/fonts/vcpb-plugin-icons01aa.woff]
[ninzio.com/craft/wp-content/plugins/js_composer/assets/images/toggle_open.png]
[ninzio.com/craft/wp-content/plugins/js_composer/assets/images/toggle_close.png]
[ninzio.com/craft/wp-content/plugins/js_composer/assets/images/flickr.png]
[ninzio.com/craft/wp-content/plugins/js_composer/assets/fonts/vc_grid/vc_grid_v157a1.eot]
[ninzio.com/craft/wp-content/plugins/js_composer/assets/fonts/vc_grid/vc_grid_v1d41d.eot]
[ninzio.com/craft/wp-content/plugins/js_composer/assets/fonts/vc_grid/vc_grid_v157a1.woff]
[ninzio.com/craft/wp-content/plugins/js_composer/assets/fonts/vc_grid/vc_grid_v157a1.ttf]
[ninzio.com/craft/wp-content/plugins/js_composer/assets/images/spinner.gif]
[ninzio.com/craft/wp-content/plugins/js_composer/assets/vc/remove.png]
[ninzio.com/craft/wp-content/plugins/js_composer/assets/css/js_composer.min5243.css]
[ninzio.com/craft/wp-content/plugins/contact-form-7/images/ajax-loader.gif]
[ninzio.com/craft/wp-content/plugins/contact-form-7/includes/css/styles5597.css]
[ninzio.com/craft/wp-content/plugins/revslider/public/assets/fonts/revicons/revicons90c6.eot]
[ninzio.com/craft/wp-content/plugins/revslider/public/assets/fonts/revicons/revicons90c6.woff]
[ninzio.com/craft/wp-content/plugins/revslider/public/assets/fonts/revicons/revicons90c6.ttf]
[ninzio.com/craft/wp-content/plugins/revslider/public/assets/assets/gridtile.png]
[ninzio.com/craft/wp-content/plugins/revslider/public/assets/assets/gridtile_white.png]
[ninzio.com/craft/wp-content/plugins/revslider/public/assets/assets/gridtile_3x3.png]
[ninzio.com/craft/wp-content/plugins/revslider/public/assets/assets/gridtile_3x3_white.png]
[ninzio.com/craft/wp-content/plugins/revslider/public/assets/assets/coloredbg.png]
[ninzio.com/craft/wp-content/plugins/revslider/public/assets/assets/loader.gif]
[ninzio.com/craft/wp-content/plugins/revslider/public/assets/css/settings8c43.css]
[ninzio.com/craft/wp-content/themes/thecraft/style8a54.css]
[ninzio.com/craft/wp-content/themes/thecraft/assets/css/visual-composer8a54.css]
[ninzio.com/craft/wp-content/themes/thecraft/assets/css/animate49eb.css]
[ninzio.com/craft/wp-content/themes/thecraft/assets/css/animsitionf39e.css]
[ninzio.com/craft/wp-content/themes/thecraft/assets/font/fontawesome-webfont3e6e.eot]
[ninzio.com/craft/wp-content/themes/thecraft/assets/font/fontawesome-webfontd41d.eot]
[ninzio.com/craft/wp-content/themes/thecraft/assets/font/fontawesome-webfont3e6e.woff]
[ninzio.com/craft/wp-content/themes/thecraft/assets/font/fontawesome-webfont3e6e.ttf]
[ninzio.com/craft/wp-content/themes/thecraft/assets/css/font-awesome1849.css]
[ninzio.com/craft/wp-content/themes/thecraft/assets/css/slickaff7.css]
[ninzio.com/craft/wp-content/themes/thecraft/assets/font/craft4b84.eot]
[ninzio.com/craft/wp-content/themes/thecraft/assets/font/craft4b84.ttf]
[ninzio.com/craft/wp-content/themes/thecraft/assets/font/craft4b84.woff]
[ninzio.com/craft/wp-content/themes/thecraft/assets/css/themecore-icons8a54.css]
[ninzio.com/craft/wp-content/themes/thecraft/assets/img/star.png]
[ninzio.com/craft/wp-content/themes/thecraft/assets/css/woocommerce8a54.css]
[ninzio.com/craft/wp-content/plugins/WPRT_Switcher/assets/check.png]
[ninzio.com/craft/wp-content/plugins/WPRT_Switcher/assets/setting.png]
[ninzio.com/craft/wp-content/plugins/WPRT_Switcher/assets/check@2x.png]
[ninzio.com/craft/wp-content/plugins/WPRT_Switcher/assets/setting@2x.png]
[ninzio.com/craft/wp-content/plugins/WPRT_Switcher/assets/style5152.css]
[ninzio.com/craft/wp-content/plugins/WPRT_VC_Addons/assets/flexslider9254.css]
[ninzio.com/craft/wp-content/plugins/WPRT_VC_Addons/assets/owl.carousel77e6.css]
[ninzio.com/craft/wp-content/plugins/WPRT_VC_Addons/assets/cubeportfolio.min6b00.css]
[ninzio.com/craft/wp-content/plugins/WPRT_VC_Addons/assets/magnific.popup8a54.css]
[ninzio.com/craft/wp-content/plugins/WPRT_VC_Addons/assets/overlays/01.png]
[ninzio.com/craft/wp-content/plugins/WPRT_VC_Addons/assets/overlays/02.png]
[ninzio.com/craft/wp-content/plugins/WPRT_VC_Addons/assets/overlays/03.png]
[ninzio.com/craft/wp-content/plugins/WPRT_VC_Addons/assets/overlays/04.png]
[ninzio.com/craft/wp-content/plugins/WPRT_VC_Addons/assets/overlays/05.png]
[ninzio.com/craft/wp-content/plugins/WPRT_VC_Addons/assets/overlays/06.png]
[ninzio.com/craft/wp-content/plugins/WPRT_VC_Addons/assets/overlays/07.png]
[ninzio.com/craft/wp-content/plugins/WPRT_VC_Addons/assets/overlays/08.png]
[ninzio.com/craft/wp-content/plugins/WPRT_VC_Addons/assets/overlays/09.png]
[ninzio.com/craft/wp-content/plugins/WPRT_VC_Addons/assets/vegas254d.css]
[ninzio.com/craft/wp-content/plugins/WPRT_VC_Addons/assets/ytplayer5b75.css]
[ninzio.com/craft/wp-content/plugins/WPRT_VC_Addons/assets/gradient.png]
[ninzio.com/craft/wp-content/plugins/WPRT_VC_Addons/assets/skill-bg.png]
[ninzio.com/craft/wp-content/plugins/WPRT_VC_Addons/assets/shortcodes5152.css]
[ninzio.com/craft/wp-content/plugins/woocommerce/assets/css/select26765.css]
[ninzio.com/craft/wp-includes/js/zxcvbn-async.min5152.js]
[ninzio.com/craft/wp-json/oembed/1.0/embed5030.json]
[ninzio.com/craft/wp-json/oembed/1.0/embedfeed]
[ninzio.com/craft/wp-content/uploads/2017/11/shop1-400x400.jpg]
[ninzio.com/craft/wp-content/uploads/2017/11/shop3-400x400.jpg]
[ninzio.com/craft/wp-content/uploads/2017/11/shop2-400x400.jpg]
[ninzio.com/craft/product/brand-new-black-jeans/index.html]
[ninzio.com/craft/wp-content/uploads/2017/11/shop12-400x400.jpg]
[ninzio.com/craft/product/woman-modern-blouse/index.html]
[ninzio.com/craft/wp-content/plugins/woocommerce/assets/js/frontend/country-select.min6765.js]
[ninzio.com/craft/product/brand-new-black-jeans-3/index.html]
[ninzio.com/craft/wp-content/plugins/woocommerce/assets/js/frontend/address-i18n.min6765.js]
[ninzio.com/craft/product-tag/business/index.html]
[ninzio.com/craft/wp-content/plugins/woocommerce/assets/js/frontend/cart.min6765.js]
[ninzio.com/craft/product-tag/design/index.html]
[ninzio.com/craft/product-tag/development/index.html]
[ninzio.com/craft/product-tag/entertanment/index.html]
[ninzio.com/craft/product-tag/fashion/index.html]
[ninzio.com/craft/product-tag/logo/index.html]
[ninzio.com/craft/wp-admin/js/password-strength-meter.mincbf4.js]
[ninzio.com/craft/wp-content/plugins/woocommerce/assets/js/frontend/password-strength-meter.min6765.js]
[ninzio.com/craft/cart/index.html]
[ninzio.com/craft/product-tag/money/index.html]
[ninzio.com/craft/wp-content/plugins/woocommerce/assets/js/selectWoo/selectWoo.full.min20b9.js]
[ninzio.com/craft/wp-json/oembed/1.0/embedf2e4.json]
[ninzio.com/craft/wp-json/oembed/1.0/embedc842]
[ninzio.com/craft/wp-content/uploads/2017/09/section_img1dbec.jpg]
[ninzio.com/craft/home-3/index.html]
[ninzio.com/craft/wp-content/plugins/WPRT_VC_Addons/assets/countto8a54.js]
[ninzio.com/craft/wp-json/oembed/1.0/embedda26.json]
[ninzio.com/craft/wp-json/oembed/1.0/embed076d]
[ninzio.com/craft/wp-content/uploads/2017/10/section_img218e4.jpg]
[ninzio.com/craft/wp-content/uploads/2017/10/blog1-600x470.jpg]
[ninzio.com/craft/wp-content/uploads/2017/10/blog2-595x470.jpg]
[ninzio.com/craft/wp-content/uploads/2017/10/blog3-595x470.jpg]
[ninzio.com/craft/home-2/index.html]
[ninzio.com/craft/music-playing-featured-technologies-for-child-and-adults-4/index.html]
[ninzio.com/craft/wp-json/oembed/1.0/embed7b32.json]
[ninzio.com/craft/wp-json/oembed/1.0/embedf652]
[ninzio.com/craft/wp-content/uploads/2017/10/section_bg1dbda.jpg]
[ninzio.com/craft/wp-content/uploads/2018/01/slider_bg4-1.jpg]
[ninzio.com/craft/wp-content/uploads/2018/02/zigzag.png]
[ninzio.com/craft/wp-content/uploads/revslider/slider-2/slider_bg5.jpg]
[ninzio.com/craft/wp-content/uploads/2018/01/slider_bg6.jpg]
[ninzio.com/craft/wp-content/uploads/2017/11/devices.jpg]
[ninzio.com/craft/wp-content/uploads/2017/11/content_img1.jpg]
[ninzio.com/craft/wp-content/uploads/2017/09/partner-8.png]
[ninzio.com/craft/wp-content/uploads/2017/09/partner-7.png]
[ninzio.com/craft/wp-content/uploads/2017/09/partner-6.png]
[ninzio.com/craft/wp-content/uploads/2017/09/partner-5.png]
[ninzio.com/craft/wp-content/uploads/2017/09/partner-4.png]
[ninzio.com/craft/wp-content/uploads/2017/09/partner-3.png]
[ninzio.com/craft/wp-content/uploads/2017/09/partner-2.png]
[ninzio.com/craft/wp-content/uploads/2017/09/partner-1.png]
[ninzio.com/craft/home-4/index.html]
[ninzio.com/craft/wp-json/oembed/1.0/embed0116.json]
[ninzio.com/craft/wp-json/oembed/1.0/embed357d]
[ninzio.com/craft/wp-content/uploads/2017/11/image_box1.jpg]
[ninzio.com/craft/wp-content/uploads/2017/11/image_box2.jpg]
[ninzio.com/craft/wp-content/uploads/2017/11/image_box3.jpg]
[ninzio.com/craft/wp-content/uploads/2017/10/person1.jpg]
[ninzio.com/craft/wp-content/uploads/2017/10/person2.jpg]
[ninzio.com/craft/wp-content/uploads/2017/10/person3.jpg]
[ninzio.com/craft/wp-content/uploads/2017/10/person4.jpg]
[ninzio.com/craft/wp-content/uploads/2017/10/person5.jpg]
[ninzio.com/craft/wp-content/plugins/WPRT_VC_Addons/assets/cubeportfolio.min6b00.js]
[ninzio.com/craft/home-5/index.html]
[ninzio.com/craft/wp-json/oembed/1.0/embed1255.json]
[ninzio.com/craft/wp-json/oembed/1.0/embed167f]
[ninzio.com/craft/home-6/index.html]
[ninzio.com/craft/home-6/indexcb7a.html]
[ninzio.com/craft/wp-json/oembed/1.0/embedb14b.json]
[ninzio.com/craft/home-6/index5637.html]
[ninzio.com/craft/wp-json/oembed/1.0/embede2f9]
[ninzio.com/craft/header-1/index.html]
[ninzio.com/craft/home-6/indexf433.html]
[ninzio.com/craft/wp-json/oembed/1.0/embedc2e4.json]
[ninzio.com/craft/wp-json/oembed/1.0/embed6df0]
[ninzio.com/craft/header-2/index.html]
[ninzio.com/craft/wp-json/oembed/1.0/embed051a.json]
[ninzio.com/craft/wp-json/oembed/1.0/embedcf13]
[ninzio.com/craft/header-3/index.html]
[ninzio.com/craft/wp-json/oembed/1.0/embedeb37.json]
[ninzio.com/craft/wp-json/oembed/1.0/embed090f]
[ninzio.com/craft/header-4/index.html]
[ninzio.com/craft/wp-json/oembed/1.0/embed43ba.json]
[ninzio.com/craft/wp-json/oembed/1.0/embedcd5c]
[ninzio.com/craft/wp-content/uploads/2017/11/logo_all_white.png]
[ninzio.com/craft/header-5/index.html]
[ninzio.com/craft/wp-json/oembed/1.0/embed2a1b.json]
[ninzio.com/craft/wp-json/oembed/1.0/embedf104]
[ninzio.com/craft/header-6/index.html]
[ninzio.com/craft/wp-json/oembed/1.0/embed3923.json]
[ninzio.com/craft/wp-json/oembed/1.0/embed11f6]
[ninzio.com/craft/header-7/index.html]
[ninzio.com/craft/wp-json/oembed/1.0/embedda88.json]
[ninzio.com/craft/wp-json/oembed/1.0/embeda917]
[ninzio.com/craft/about-us/index.html]
[ninzio.com/craft/wp-json/oembed/1.0/embed9951.json]
[ninzio.com/craft/wp-json/oembed/1.0/embed40d5]
[ninzio.com/craft/services/index.html]
[ninzio.com/craft/wp-json/oembed/1.0/embed1c77.json]
[ninzio.com/craft/wp-json/oembed/1.0/embed8aa6]
[ninzio.com/craft/contact-us/index.html]
[ninzio.com/craft/wp-json/oembed/1.0/embeded09.json]
[ninzio.com/craft/wp-json/oembed/1.0/embedfcea]
[ninzio.com/craft/pricing/index.html]
[ninzio.com/craft/wp-json/oembed/1.0/embed137f.json]
[ninzio.com/craft/wp-json/oembed/1.0/embed993e]
[ninzio.com/craft/wp-content/uploads/2017/11/portfolio9-600x450.jpg]
[ninzio.com/craft/wp-content/uploads/2017/11/portfolio9.jpg]
[ninzio.com/craft/wp-content/uploads/2017/11/portfolio10-600x450.jpg]
[ninzio.com/craft/project/website-creation-2/index.html]
[ninzio.com/craft/wp-content/uploads/2017/11/portfolio10.jpg]
[ninzio.com/craft/wp-content/uploads/2017/11/portfolio11-600x450.jpg]
[ninzio.com/craft/project/fantastic-design/index.html]
[ninzio.com/craft/wp-content/uploads/2017/11/portfolio11.jpg]
[ninzio.com/craft/wp-content/uploads/2017/11/portfolio12-600x450.jpg]
[ninzio.com/craft/wp-content/uploads/2017/11/portfolio12.jpg]
[ninzio.com/craft/project/wonderful-night/index.html]
[ninzio.com/craft/portfolio-standard/index.html]
[ninzio.com/craft/project/mountain-woman-2/index.html]
[ninzio.com/craft/portfolio-standard/page/2/index.html]
[ninzio.com/craft/wp-json/oembed/1.0/embed5373.json]
[ninzio.com/craft/portfolio-simple/index.html]
[ninzio.com/craft/wp-json/oembed/1.0/embed00fc]
[ninzio.com/craft/wp-json/oembed/1.0/embedbb78.json]
[ninzio.com/craft/portfolio-simple/page/2/index.html]
[ninzio.com/craft/wp-json/oembed/1.0/embed9271]
[ninzio.com/craft/portfolio-grid/index.html]
[ninzio.com/craft/portfolio-grid/page/2/index.html]
[ninzio.com/craft/wp-json/oembed/1.0/embedc76c.json]
[ninzio.com/craft/wp-json/oembed/1.0/embed3967]
[ninzio.com/craft/wp-content/uploads/2017/11/portfolio2_full.jpg]
[ninzio.com/craft/wp-content/uploads/2017/11/portfolio1_full.jpg]
[ninzio.com/craft/project/website-creation/index.html]
[ninzio.com/craft/wp-json/oembed/1.0/embed286a.json]
[ninzio.com/craft/wp-json/oembed/1.0/embed8957]
[ninzio.com/craft/wp-content/uploads/2017/11/portfolio-s1.png]
[ninzio.com/craft/wp-content/uploads/2017/11/portfolio-s2.jpg]
[ninzio.com/craft/wp-content/uploads/2017/11/portfolio-s3.jpg]
[ninzio.com/craft/wp-content/uploads/2017/11/portfolio13-600x450.jpg]
[ninzio.com/craft/wp-content/uploads/2017/11/portfolio13.jpg]
[ninzio.com/craft/project/modern-woman/index.html]
[ninzio.com/craft/wp-content/uploads/2017/11/portfolio15-600x450.jpg]
[ninzio.com/craft/wp-content/uploads/2017/11/portfolio15.jpg]
[ninzio.com/craft/project/website-creation-3/index.html]
[ninzio.com/craft/project/mountain-woman-3/index.html]
[ninzio.com/craft/wp-content/uploads/2017/10/blog1-795x405.jpg]
[ninzio.com/craft/wp-content/uploads/2017/10/blog2-795x405.jpg]
[ninzio.com/craft/author/admin/index.html]
[ninzio.com/craft/wp-content/uploads/2017/10/blog3-795x405.jpg]
[ninzio.com/craft/wp-content/uploads/2017/10/blog4-795x405.jpg]
[ninzio.com/craft/true-color-monitors-all-one-personal-books-workplace-3/index.html]
[ninzio.com/craft/wp-content/uploads/2017/10/blog5-795x405.jpg]
[ninzio.com/craft/music-playing-featured-technologies-for-child-and-adults-3/index.html]
[ninzio.com/craft/wp-content/uploads/2017/10/blog6-795x405.jpg]
[ninzio.com/craft/officers-fired-after-removal-of-united-airlines-passenger-3/index.html]
[ninzio.com/craft/wp-content/uploads/2017/10/blog7-795x405.jpg]
[ninzio.com/craft/music-playing-featured-technologies-for-child-and-adults-2/index.html]
[ninzio.com/craft/wp-content/uploads/2017/10/blog8-795x405.jpg]
[ninzio.com/craft/wp-content/uploads/2017/10/blog9-795x405.jpg]
[ninzio.com/craft/officers-fired-after-removal-of-united-airlines-passenger/index.html]
[ninzio.com/craft/wp-content/uploads/2017/10/blog10-795x405.jpg]
[ninzio.com/craft/true-color-monitors-all-one-personal-books-workplace-2/index.html]
[ninzio.com/craft/blog/index.html]
[ninzio.com/craft/music-playing-featured-technologies-for-child-and-adults/index.html]
[ninzio.com/craft/blog/page/2/index.html]
[ninzio.com/craft/wp-json/oembed/1.0/embed8c02.json]
[ninzio.com/craft/wp-json/oembed/1.0/embed4e16]
[ninzio.com/craft/wp-content/uploads/2017/10/blog4-595x470.jpg]
[ninzio.com/craft/wp-content/uploads/2017/10/blog5-595x470.jpg]
[ninzio.com/craft/wp-content/uploads/2017/10/blog6-595x470.jpg]
[ninzio.com/craft/wp-content/uploads/2017/10/blog7-595x470.jpg]
[ninzio.com/craft/wp-content/uploads/2017/10/blog8-595x470.jpg]
[ninzio.com/craft/wp-content/uploads/2017/10/blog9-595x470.jpg]
[ninzio.com/craft/blog-grid/index.html]
[ninzio.com/craft/wp-content/plugins/js_composer/assets/lib/bower/isotope/dist/isotope.pkgd.min5243.js]
[ninzio.com/craft/blog-grid/page/2/index.html]
[ninzio.com/craft/wp-json/oembed/1.0/embedcfc7.json]
[ninzio.com/craft/blog-list/index.html]
[ninzio.com/craft/wp-json/oembed/1.0/embed769e]
[ninzio.com/craft/officers-fired-after-removal-of-united-airlines-passenger-5/feed/index.html]
[ninzio.com/craft/blog-list/page/2/index.html]
[ninzio.com/craft/wp-json/oembed/1.0/embede521.json]
[ninzio.com/craft/wp-json/oembed/1.0/embedccef]
[ninzio.com/craft/wp-content/uploads/2017/10/blog2-480x393.jpg]
[ninzio.com/craft/wp-content/uploads/2017/10/blog3-480x393.jpg]
[ninzio.com/craft/category/lessons/index.html]
[ninzio.com/craft/category/design/index.html]
[ninzio.com/craft/wp-content/uploads/2017/10/blog5-480x393.jpg]
[ninzio.com/craft/category/entertanment/index.html]
[ninzio.com/craft/wp-content/uploads/2017/10/blog7-480x393.jpg]
[ninzio.com/craft/wp-content/uploads/2017/10/blog8-480x393.jpg]
[ninzio.com/craft/wp-content/uploads/2017/10/blog9-480x393.jpg]
[ninzio.com/craft/wp-content/uploads/2017/10/blog10-480x393.jpg]
[ninzio.com/craft/wp-content/uploads/2017/10/blog11-480x393.jpg]
[ninzio.com/craft/wp-content/uploads/2017/10/blog12-480x393.jpg]
[ninzio.com/craft/true-color-monitors-all-one-personal-books-workplace/index.html]
[ninzio.com/craft/officers-fired-after-removal-of-united-airlines-passenger-2/index.html]
[ninzio.com/craft/wp-includes/js/comment-reply.mincbf4.js]
[ninzio.com/craft/officers-fired-after-removal-of-united-airlines-passenger-5/index6d69.html]
[ninzio.com/craft/officers-fired-after-removal-of-united-airlines-passenger-5/index.html]
[ninzio.com/craft/wp-content/themes/thecraft/assets/js/slickaff7.js]
[ninzio.com/craft/officers-fired-after-removal-of-united-airlines-passenger-5/index3d09.html]
[ninzio.com/craft/wp-content/uploads/2017/11/shop7-400x400.jpg]
[ninzio.com/craft/shop/feed/index.html]
[ninzio.com/craft/wp-content/uploads/2017/11/shop11-400x400.jpg]
[ninzio.com/craft/shop/index5637.html]
[ninzio.com/craft/product/brand-new-black-jeans-2/index.html]
[ninzio.com/craft/wp-content/uploads/2017/11/shop8-400x400.jpg]
[ninzio.com/craft/shop/index.html]
[ninzio.com/craft/shop/index203d.html]
[ninzio.com/craft/shop/indexf433.html]
[ninzio.com/craft/shop/indexdda4.html]
[ninzio.com/craft/wp-content/plugins/woocommerce/assets/css/photoswipe/photoswipe6765.css]
[ninzio.com/craft/product/brand-new-blouse/index.html]
[ninzio.com/craft/shop/index95f9.html]
[ninzio.com/craft/wp-content/plugins/woocommerce/assets/css/photoswipe/default-skin/default-skin6765.css]
[ninzio.com/craft/wp-json/oembed/1.0/embed8c47.json]
[ninzio.com/craft/product/classic-wear-polo/index.html]
[ninzio.com/craft/shop/index8465.html]
[ninzio.com/craft/shop/page/2/index.html]
[ninzio.com/craft/product/awesome-green-tshirt/feed/index.html]
[ninzio.com/craft/wp-json/oembed/1.0/embedc7dd]
[ninzio.com/craft/wp-content/uploads/2017/11/shop2.jpg]
[ninzio.com/craft/wp-content/uploads/2017/11/shop2-600x681.jpg]
[ninzio.com/craft/wp-content/uploads/2017/11/shop7.jpg]
[ninzio.com/craft/product-category/accesories/index.html]
[ninzio.com/craft/wp-content/uploads/2017/11/shop7-600x681.jpg]
[ninzio.com/craft/wp-content/uploads/2017/11/shop11.jpg]
[ninzio.com/craft/wp-content/uploads/2017/11/shop11-600x681.jpg]
[ninzio.com/craft/wp-content/uploads/2017/11/shop10.jpg]
[ninzio.com/craft/wp-content/uploads/2017/11/shop10-600x681.jpg]
[ninzio.com/craft/wp-content/uploads/2017/11/shop9.jpg]
[ninzio.com/craft/wp-content/uploads/2017/11/shop9-600x681.jpg]
[ninzio.com/craft/wp-content/uploads/2017/11/shop8.jpg]
[ninzio.com/craft/wp-content/uploads/2017/11/shop8-600x681.jpg]
[ninzio.com/craft/wp-content/uploads/2017/11/shop4-400x400.jpg]
[ninzio.com/craft/product-category/woman-shoes/index.html]
[ninzio.com/craft/product/awesome-green-tshirt/indexf433.html]
[ninzio.com/craft/wp-content/uploads/2017/11/shop10-400x400.jpg]
[ninzio.com/craft/product/awesome-green-tshirt/indexcb7a.html]
[ninzio.com/craft/wp-content/plugins/woocommerce/assets/js/zoom/jquery.zoom.min82b5.js]
[ninzio.com/craft/product/awesome-green-tshirt/indexd13b.html]
[ninzio.com/craft/product/elegant-men-shirt/index.html]
[ninzio.com/craft/product/simple-wear-polo/index.html]
[ninzio.com/craft/product/awesome-green-tshirt/index8baf.html]
[ninzio.com/craft/wp-content/plugins/js_composer/assets/lib/bower/flexslider/jquery.flexslider-min5243.js]
[ninzio.com/craft/product/awesome-green-tshirt/index.html]
[ninzio.com/craft/wp-content/plugins/woocommerce/assets/js/photoswipe/photoswipe-ui-default.min0235.js]
[ninzio.com/craft/wp-content/plugins/woocommerce/assets/js/frontend/single-product.min6765.js]
[ninzio.com/craft/wp-content/plugins/woocommerce/assets/js/photoswipe/photoswipe.min0235.js]
[ninzio.com/craft/wp-json/oembed/1.0/embedb019.json]
[ninzio.com/craft/wp-json/oembed/1.0/embed9f48]
[ninzio.com/craft/wp-content/plugins/js_composer/assets/css/lib/vc-entypo/vc_entypo.min5243.css]
[ninzio.com/craft/elements/buttons/index.html]
[ninzio.com/craft/elements/index.html]
[ninzio.com/craft/wp-json/oembed/1.0/embed01ca.json]
[ninzio.com/craft/elements/counter/index.html]
[ninzio.com/craft/wp-json/oembed/1.0/embeda23b]
[ninzio.com/craft/wp-json/oembed/1.0/embed920d.json]
[ninzio.com/craft/wp-json/oembed/1.0/embed3cb3]
[ninzio.com/craft/elements/lists/index.html]
[ninzio.com/craft/wp-json/oembed/1.0/embed070b.json]
[ninzio.com/craft/wp-json/oembed/1.0/embeda66b]
[ninzio.com/craft/elements/lines-and-divider/index.html]
[ninzio.com/craft/wp-json/oembed/1.0/embed72a7.json]
[ninzio.com/craft/wp-json/oembed/1.0/embed2963]
[ninzio.com/craft/elements/icons/index.html]
[ninzio.com/craft/wp-json/oembed/1.0/embed8560.json]
[ninzio.com/craft/wp-json/oembed/1.0/embedddaf]
[ninzio.com/craft/elements/iconbox/index.html]
[ninzio.com/craft/wp-json/oembed/1.0/embed6ce8.json]
[ninzio.com/craft/wp-json/oembed/1.0/embedccc9]
[ninzio.com/craft/elements/accordions/index.html]
[ninzio.com/craft/wp-json/oembed/1.0/embed34c9.json]
[ninzio.com/craft/wp-json/oembed/1.0/embede352]
[ninzio.com/craft/elements/progress-bar/index.html]
[ninzio.com/craft/wp-json/oembed/1.0/embed7425.json]
[ninzio.com/craft/wp-json/oembed/1.0/embed45f0]
[ninzio.com/craft/elements/testimonials/index.html]
[ninzio.com/craft/wp-json/oembed/1.0/embed8956.json]
[ninzio.com/craft/wp-json/oembed/1.0/embedc4a0]
[ninzio.com/craft/wp-content/uploads/2017/10/person3-300x293.jpg]
[ninzio.com/craft/elements/tabs/index.html]
[ninzio.com/craft/wp-json/oembed/1.0/embedf9b9.json]
[ninzio.com/craft/wp-json/oembed/1.0/embed556e]
[ninzio.com/craft/elements/imagebox/index.html]
[ninzio.com/craft/wp-json/oembed/1.0/embedf6d3.json]
[ninzio.com/craft/wp-json/oembed/1.0/embed0063]
[ninzio.com/craft/elements/blog-posts/index.html]
[ninzio.com/craft/wp-json/oembed/1.0/embedad1d.json]
[ninzio.com/craft/wp-json/oembed/1.0/embedda18]
[ninzio.com/craft/elements/partner-post/index.html]
[ninzio.com/craft/wp-json/oembed/1.0/embed0821.json]
[ninzio.com/craft/wp-json/oembed/1.0/embedd3a0]
[ninzio.com/craft/elements/member-post/index.html]
[ninzio.com/craft/wp-json/oembed/1.0/embedc510.json]
[ninzio.com/craft/wp-json/oembed/1.0/embedf3b7]
[ninzio.com/craft/wp-content/uploads/2017/11/portfolio14-600x450.jpg]
[ninzio.com/craft/wp-content/uploads/2017/11/portfolio14.jpg]
[ninzio.com/craft/elements/project-post/page/2/index.html]
[ninzio.com/craft/wp-content/uploads/2017/11/portfolio16-600x450.jpg]
[ninzio.com/craft/elements/project-post/page/3/index.html]
[ninzio.com/craft/wp-content/uploads/2017/11/portfolio16.jpg]
[ninzio.com/craft/project/awesome-workspace/index.html]
[ninzio.com/craft/elements/project-post/index.html]
[ninzio.com/craft/project/creative-workspace/index.html]
[ninzio.com/craft/wp-json/oembed/1.0/embed5b7d.json]
[ninzio.com/craft/elements/pricing-table/index.html]
[ninzio.com/craft/wp-json/oembed/1.0/embeda939]
[ninzio.com/craft/wp-json/oembed/1.0/embedad6c.json]
[ninzio.com/craft/wp-json/oembed/1.0/embedac31]
[ninzio.com/craft/elements/actionbox/index.html]
[ninzio.com/craft/wp-json/oembed/1.0/embed2632.json]
[ninzio.com/craft/wp-json/oembed/1.0/embed3c20]
[ninzio.com/craft/elements/google-map/index.html]
[ninzio.com/craft/wp-json/oembed/1.0/embed0b1d.json]
[ninzio.com/craft/wp-json/oembed/1.0/embed500e]
[ninzio.com/craft/elements/subscribe-form/index.html]
[ninzio.com/craft/wp-json/oembed/1.0/embede1bf.json]
[ninzio.com/craft/wp-json/oembed/1.0/embede1df]
[ninzio.com/craft/wp-content/plugins/WPRT_VC_Addons/assets/countdown8a54.js]
[ninzio.com/craft/elements/count-down/index.html]
[ninzio.com/craft/wp-json/oembed/1.0/embedf332.json]
[ninzio.com/craft/wp-json/oembed/1.0/embedfc7f]
[ninzio.com/craft/project/creative-design/index.html]
[ninzio.com/craft/wp-json/oembed/1.0/embed8630.json]
[ninzio.com/craft/wp-json/oembed/1.0/embed363d]
[ninzio.com/craft/project/stylish-notebook/index.html]
[ninzio.com/craft/wp-json/oembed/1.0/embedaa8c.json]
[ninzio.com/craft/wp-json/oembed/1.0/embed37de]
[ninzio.com/craft/project/happy-teenager/index.html]
[ninzio.com/craft/wp-json/oembed/1.0/embedc0fb.json]
[ninzio.com/craft/wp-json/oembed/1.0/embed3d28]
[ninzio.com/craft/project/fantastic-workspace/index.html]
[ninzio.com/craft/wp-json/oembed/1.0/embed27fc.json]
[ninzio.com/craft/wp-json/oembed/1.0/embed6bc8]
[ninzio.com/craft/project/modern-photo/index.html]
[ninzio.com/craft/wp-json/oembed/1.0/embed09db.json]
[ninzio.com/craft/project/morning-wake-up/index.html]
[ninzio.com/craft/wp-json/oembed/1.0/embedaf6f]
[ninzio.com/craft/wp-content/uploads/2017/10/blog11-795x405.jpg]
[ninzio.com/craft/wp-content/uploads/2017/10/blog12-795x405.jpg]
[ninzio.com/craft/tag/business/index.html]
[ninzio.com/craft/tag/corporate/index.html]
[ninzio.com/craft/tag/business/feed/index.html]
[ninzio.com/craft/tag/design/index.html]
[ninzio.com/craft/tag/corporate/feed/index.html]
[ninzio.com/craft/tag/design/feed/index.html]
[ninzio.com/craft/tag/development/index.html]
[ninzio.com/craft/tag/design/page/2/index.html]
[ninzio.com/craft/tag/entertanment/index.html]
[ninzio.com/craft/tag/development/feed/index.html]
[ninzio.com/craft/tag/fashion/index.html]
[ninzio.com/craft/tag/entertanment/feed/index.html]
[ninzio.com/craft/tag/logo/index.html]
[ninzio.com/craft/tag/entertanment/page/2/index.html]
[ninzio.com/craft/tag/development/page/2/index.html]
[ninzio.com/craft/tag/money/index.html]
[ninzio.com/craft/tag/fashion/feed/index.html]
[ninzio.com/craft/tag/logo/feed/index.html]
[ninzio.com/craft/tag/fashion/page/2/index.html]
[ninzio.com/craft/tag/logo/page/2/index.html]
[ninzio.com/craft/tag/multipurpose/index.html]
[ninzio.com/craft/tag/team/index.html]
[ninzio.com/craft/tag/money/feed/index.html]
[ninzio.com/craft/tag/thecraft/index.html]
[ninzio.com/craft/tag/multipurpose/feed/index.html]
[ninzio.com/craft/tag/team/feed/index.html]
[ninzio.com/craft/tag/themeforest/index.html]
[ninzio.com/craft/tag/wordpress/index.html]
[ninzio.com/craft/tag/money/page/2/index.html]
[ninzio.com/craft/tag/thecraft/feed/index.html]
[ninzio.com/craft/tag/themeforest/feed/index.html]
[ninzio.com/craft/tag/wordpress/feed/index.html]
[ninzio.com/craft/wp-json/oembed/1.0/embed2b8f.json]
[ninzio.com/craft/true-color-monitors-all-one-personal-books-workplace-4/feed/index.html]
[ninzio.com/craft/wp-json/oembed/1.0/embedf8f2]
[ninzio.com/craft/wp-content/uploads/2017/10/blog1.jpg]
[ninzio.com/craft/true-color-monitors-all-one-personal-books-workplace-4/index.html]
[ninzio.com/craft/wp-content/plugins/WPRT_VC_Addons/assets/fonts/craft-iconc4f8.svg]
[ninzio.com/craft/wp-content/plugins/js_composer/assets/fonts/vc_icons_v2/fonts/vcpb-plugin-icons01aa.svg]
[ninzio.com/craft/wp-content/plugins/js_composer/assets/fonts/vc_grid/vc_grid_v157a1.svg]
[ninzio.com/craft/wp-content/plugins/revslider/public/assets/fonts/revicons/revicons90c6.svg]
[ninzio.com/craft/wp-content/plugins/revslider/public/assets/css/openhand.html]
[ninzio.com/craft/wp-content/plugins/revslider/public/assets/css/closedhand.html]
[ninzio.com/craft/wp-content/themes/thecraft/assets/font/fontawesome-webfont3e6e.html]
[ninzio.com/craft/wp-content/themes/thecraft/assets/font/fontawesome-webfont3e6e.svg]
[ninzio.com/craft/wp-content/themes/thecraft/assets/font/craft4b84.svg]
[ninzio.com/craft/wp-content/plugins/WPRT_VC_Addons/assets/owl.video.play.html]
[ninzio.com/craft/wp-content/plugins/WPRT_VC_Addons/img/cbp-sprite.html]
[ninzio.com/craft/wp-content/plugins/WPRT_VC_Addons/assets/font/ytp-regular.html]
[ninzio.com/craft/wp-content/plugins/woocommerce/assets/css/select26765.css]
[ninzio.com/craft/index91e6.html]
[ninzio.com/craft/wp-json/oembed/1.0/embed986d.json]
[ninzio.com/craft/product/brand-new-black-jeans/feed/index.html]
[ninzio.com/craft/wp-json/oembed/1.0/embedb8f4]
[ninzio.com/craft/wp-content/uploads/2017/11/shop1.jpg]
[ninzio.com/craft/wp-content/uploads/2017/11/shop1-600x681.jpg]
[ninzio.com/craft/wp-content/uploads/2017/11/shop4.jpg]
[ninzio.com/craft/wp-content/uploads/2017/11/shop4-600x681.jpg]
[ninzio.com/craft/wp-content/uploads/2017/11/shop3.jpg]
[ninzio.com/craft/wp-content/uploads/2017/11/shop3-600x681.jpg]
[ninzio.com/craft/wp-content/uploads/2017/11/shop9-400x400.jpg]
[ninzio.com/craft/product/brand-new-black-jeans/index.html]
[ninzio.com/craft/product-category/men-shirts/index.html]
[ninzio.com/craft/product/brand-new-black-jeans/indexd13b.html]
[ninzio.com/craft/product/fantastic-women-shirt/index.html]
[ninzio.com/craft/wp-json/oembed/1.0/embedd6f6.json]
[ninzio.com/craft/product/brand-new-black-jeans/indexaa9b.html]
[ninzio.com/craft/product/brand-new-black-jeans/index95f9.html]
[ninzio.com/craft/product/brand-new-black-jeans/index5637.html]
[ninzio.com/craft/product/woman-modern-blouse/feed/index.html]
[ninzio.com/craft/wp-json/oembed/1.0/embed862a]
[ninzio.com/craft/wp-content/uploads/2017/11/shop12.jpg]
[ninzio.com/craft/wp-content/uploads/2017/11/shop12-600x681.jpg]
[ninzio.com/craft/wp-content/uploads/2017/11/shop5.jpg]
[ninzio.com/craft/wp-content/uploads/2017/11/shop5-600x681.jpg]
[ninzio.com/craft/product/woman-modern-blouse/index.html]
[ninzio.com/craft/product/woman-modern-blouse/indexf433.html]
[ninzio.com/craft/product/woman-modern-blouse/indexaa9b.html]
[ninzio.com/craft/wp-json/oembed/1.0/embed49c5.json]
[ninzio.com/craft/product/woman-modern-blouse/index8baf.html]
[ninzio.com/craft/product/woman-modern-blouse/index95f9.html]
[ninzio.com/craft/product/brand-new-black-jeans-3/feed/index.html]
[ninzio.com/craft/wp-json/oembed/1.0/embedb1fc]
[ninzio.com/craft/wp-content/uploads/2017/11/shop5-400x400.jpg]
[ninzio.com/craft/product/brand-new-black-jeans-3/index.html]
[ninzio.com/craft/wp-includes/js/jquery/ui/core.mine899.js]
[ninzio.com/craft/product/brand-new-black-jeans-3/indexd13b.html]
[ninzio.com/craft/product/brand-new-black-jeans-3/index8baf.html]
[ninzio.com/craft/product/brand-new-black-jeans-3/indexf433.html]
[ninzio.com/craft/product/white-classic-blouse/index.html]
[ninzio.com/craft/wp-includes/js/jquery/ui/widget.mine899.js]
[ninzio.com/craft/wp-includes/js/jquery/ui/mouse.mine899.js]
[ninzio.com/craft/product/brand-new-black-jeans-3/index66cd.html]
[ninzio.com/craft/product-tag/business/feed/index.html]
[ninzio.com/craft/wp-includes/js/jquery/ui/slider.mine899.js]
[ninzio.com/craft/wp-content/plugins/woocommerce/assets/js/jquery-ui-touch-punch/jquery-ui-touch-punch.min6765.js]
[ninzio.com/craft/product-tag/business/index66cd.html]
[ninzio.com/craft/wp-content/plugins/woocommerce/assets/js/accounting/accounting.minaffb.js]
[ninzio.com/craft/wp-content/plugins/woocommerce/assets/js/frontend/price-slider.min6765.js]
[ninzio.com/craft/product-tag/business/index.html]
[ninzio.com/craft/product-tag/design/index.html]
[ninzio.com/craft/product-tag/development/index.html]
[ninzio.com/craft/product-tag/entertanment/index.html]
[ninzio.com/craft/product-tag/fashion/index.html]
[ninzio.com/craft/product-tag/design/indexf433.html]
[ninzio.com/craft/product-tag/design/feed/index.html]
[ninzio.com/craft/product-tag/logo/index.html]
[ninzio.com/craft/product-tag/development/feed/index.html]
[ninzio.com/craft/product-tag/development/index203d.html]
[ninzio.com/craft/product-tag/money/index.html]
[ninzio.com/craft/product-tag/entertanment/feed/index.html]
[ninzio.com/craft/product-tag/fashion/feed/index.html]
[ninzio.com/craft/product-tag/entertanment/indexcb7a.html]
[ninzio.com/craft/index18ee.html]
[ninzio.com/craft/product-tag/fashion/indexf433.html]
[ninzio.com/craft/index26d0.html]
[ninzio.com/craft/product-tag/logo/feed/index.html]
[ninzio.com/craft/product-tag/money/feed/index.html]
[ninzio.com/craft/product-tag/logo/index66cd.html]
[ninzio.com/craft/product-tag/money/indexcb7a.html]
[ninzio.com/craft/music-playing-featured-technologies-for-child-and-adults-4/feed/index.html]
[ninzio.com/craft/wp-json/oembed/1.0/embed3e78.json]
[ninzio.com/craft/wp-json/oembed/1.0/embed2982]
[ninzio.com/craft/music-playing-featured-technologies-for-child-and-adults-4/index.html]
[ninzio.com/craft/index17f1.html]
[ninzio.com/craft/index74a1.html]
[ninzio.com/craft/index60da.html]
[ninzio.com/craft/home-6/indexf433.html]
[ninzio.com/craft/home-6/index5637.html]
[ninzio.com/craft/home-6/indexcb7a.html]
[ninzio.com/craft/cart/index3d89.html]
[ninzio.com/craft/index8054.html]
[ninzio.com/craft/index9787.html]
[ninzio.com/craft/index1098.html]
[ninzio.com/craft/index094d.html]
[ninzio.com/craft/index07c5.html]
[ninzio.com/craft/indexa9bf.html]
[ninzio.com/craft/indexaa19.html]
[ninzio.com/craft/index29f2.html]
[ninzio.com/craft/index6917.html]
[ninzio.com/craft/index9be9.html]
[ninzio.com/craft/index9383.html]
[ninzio.com/craft/index7f8f.html]
[ninzio.com/craft/checkout/index.html]
[ninzio.com/craft/cart/index7e44.html]
[ninzio.com/craft/wp-json/oembed/1.0/embedb6a7.json]
[ninzio.com/craft/project/website-creation-2/index.html]
[ninzio.com/craft/wp-json/oembed/1.0/embedad5c]
[ninzio.com/craft/wp-json/oembed/1.0/embed2d04.json]
[ninzio.com/craft/wp-json/oembed/1.0/embedee50]
[ninzio.com/craft/project/fantastic-design/index.html]
[ninzio.com/craft/wp-json/oembed/1.0/embed1c1a.json]
[ninzio.com/craft/wp-json/oembed/1.0/embed6560]
[ninzio.com/craft/project/wonderful-night/index.html]
[ninzio.com/craft/wp-json/oembed/1.0/embed3ba9.json]
[ninzio.com/craft/wp-json/oembed/1.0/embed89a8]
[ninzio.com/craft/project/mountain-woman-2/index.html]
[ninzio.com/craft/portfolio-standard/page/2/index.html]
[ninzio.com/craft/index76e4.html]
[ninzio.com/craft/portfolio-simple/page/2/index.html]
[ninzio.com/craft/indexa7b1.html]
[ninzio.com/craft/portfolio-grid/page/2/index.html]
[ninzio.com/craft/indexc556.html]
[ninzio.com/craft/index9af6.html]
[ninzio.com/craft/wp-json/oembed/1.0/embed5224.json]
[ninzio.com/craft/wp-json/oembed/1.0/embed59bb]
[ninzio.com/craft/project/modern-woman/index.html]
[ninzio.com/craft/wp-json/oembed/1.0/embede1d2.json]
[ninzio.com/craft/wp-json/oembed/1.0/embed137e]
[ninzio.com/craft/project/website-creation-3/index.html]
[ninzio.com/craft/author/admin/index.html]
[ninzio.com/craft/author/admin/feed/index.html]
[ninzio.com/craft/wp-json/oembed/1.0/embed094f.json]
[ninzio.com/craft/author/admin/page/2/index.html]
[ninzio.com/craft/true-color-monitors-all-one-personal-books-workplace-3/feed/index.html]
[ninzio.com/craft/wp-json/oembed/1.0/embed2bc0]
[ninzio.com/craft/true-color-monitors-all-one-personal-books-workplace-3/index.html]
[ninzio.com/craft/wp-json/oembed/1.0/embed9e95.json]
[ninzio.com/craft/music-playing-featured-technologies-for-child-and-adults-3/feed/index.html]
[ninzio.com/craft/category/fashion/index.html]
[ninzio.com/craft/wp-json/oembed/1.0/embed1249]
[ninzio.com/craft/music-playing-featured-technologies-for-child-and-adults-3/index.html]
[ninzio.com/craft/wp-json/oembed/1.0/embed8f51.json]
[ninzio.com/craft/officers-fired-after-removal-of-united-airlines-passenger-3/feed/index.html]
[ninzio.com/craft/officers-fired-after-removal-of-united-airlines-passenger-3/index.html]
[ninzio.com/craft/wp-json/oembed/1.0/embedeaf4]
[ninzio.com/craft/music-playing-featured-technologies-for-child-and-adults-2/feed/index.html]
[ninzio.com/craft/wp-json/oembed/1.0/embed99c9.json]
[ninzio.com/craft/wp-json/oembed/1.0/embed8342]
[ninzio.com/craft/music-playing-featured-technologies-for-child-and-adults-2/index.html]
[ninzio.com/craft/wp-json/oembed/1.0/embedcc98.json]
[ninzio.com/craft/officers-fired-after-removal-of-united-airlines-passenger/feed/index.html]
[ninzio.com/craft/wp-json/oembed/1.0/embed33ad]
[ninzio.com/craft/officers-fired-after-removal-of-united-airlines-passenger/index.html]
[ninzio.com/craft/wp-json/oembed/1.0/embed0a38.json]
[ninzio.com/craft/true-color-monitors-all-one-personal-books-workplace-2/feed/index.html]
[ninzio.com/craft/wp-json/oembed/1.0/embede545]
[ninzio.com/craft/true-color-monitors-all-one-personal-books-workplace-2/index.html]
[ninzio.com/craft/wp-json/oembed/1.0/embedf1a3.json]
[ninzio.com/craft/music-playing-featured-technologies-for-child-and-adults/feed/index.html]
[ninzio.com/craft/wp-json/oembed/1.0/embed1774]
[ninzio.com/craft/music-playing-featured-technologies-for-child-and-adults/index.html]
[ninzio.com/craft/blog/page/2/index.html]
[ninzio.com/craft/index160e.html]
[ninzio.com/craft/wp-content/uploads/2017/10/blog10-595x470.jpg]
[ninzio.com/craft/wp-content/uploads/2017/10/blog11-595x470.jpg]
[ninzio.com/craft/wp-content/uploads/2017/10/blog12-595x470.jpg]
[ninzio.com/craft/blog-grid/page/2/index.html]
[ninzio.com/craft/indexf75b.html]
[ninzio.com/craft/blog-list/page/2/index.html]
[ninzio.com/craft/index2cc4.html]
[ninzio.com/craft/category/lessons/index.html]
[ninzio.com/craft/category/design/index.html]
[ninzio.com/craft/category/lessons/feed/index.html]
[ninzio.com/craft/category/entertanment/index.html]
[ninzio.com/craft/category/design/feed/index.html]
[ninzio.com/craft/category/entertanment/feed/index.html]
[ninzio.com/craft/true-color-monitors-all-one-personal-books-workplace/feed/index.html]
[ninzio.com/craft/wp-json/oembed/1.0/embedcb60.json]
[ninzio.com/craft/true-color-monitors-all-one-personal-books-workplace/index.html]
[ninzio.com/craft/wp-json/oembed/1.0/embed8f28]
[ninzio.com/craft/wp-json/oembed/1.0/embed517d.json]
[ninzio.com/craft/officers-fired-after-removal-of-united-airlines-passenger-2/feed/index.html]
[ninzio.com/craft/wp-json/oembed/1.0/embed5516]
[ninzio.com/craft/officers-fired-after-removal-of-united-airlines-passenger-2/index.html]
[ninzio.com/craft/officers-fired-after-removal-of-united-airlines-passenger-5/index6d69.html]
[ninzio.com/craft/officers-fired-after-removal-of-united-airlines-passenger-5/index3d09.html]
[ninzio.com/craft/shop/index5637.html]
[ninzio.com/craft/wp-json/oembed/1.0/embed82d9.json]
[ninzio.com/craft/product/brand-new-black-jeans-2/feed/index.html]
[ninzio.com/craft/wp-json/oembed/1.0/embedd5a7]
[ninzio.com/craft/wp-content/uploads/2017/11/shop6.jpg]
[ninzio.com/craft/wp-content/uploads/2017/11/shop6-600x681.jpg]
[ninzio.com/craft/product/brand-new-black-jeans-2/index.html]
[ninzio.com/craft/product/brand-new-black-jeans-2/indexdda4.html]
[ninzio.com/craft/shop/index203d.html]
[ninzio.com/craft/product/brand-new-black-jeans-2/indexd13b.html]
[ninzio.com/craft/shop/indexf433.html]
[ninzio.com/craft/product/brand-new-black-jeans-2/indexaa9b.html]
[ninzio.com/craft/product/brand-new-black-jeans-2/index8465.html]
[ninzio.com/craft/shop/indexdda4.html]
[ninzio.com/craft/product/brand-new-blouse/feed/index.html]
[ninzio.com/craft/wp-json/oembed/1.0/embed88e5.json]
[ninzio.com/craft/wp-json/oembed/1.0/embeded5b]
[ninzio.com/craft/product/brand-new-blouse/index.html]
[ninzio.com/craft/product/brand-new-blouse/index203d.html]
[ninzio.com/craft/product/brand-new-blouse/index8465.html]
[ninzio.com/craft/shop/index95f9.html]
[ninzio.com/craft/product/brand-new-blouse/index5637.html]
[ninzio.com/craft/product/brand-new-blouse/indexf433.html]
[ninzio.com/craft/wp-json/oembed/1.0/embedee63.json]
[ninzio.com/craft/product/classic-wear-polo/feed/index.html]
[ninzio.com/craft/wp-json/oembed/1.0/embed9ca5]
[ninzio.com/craft/wp-content/uploads/2017/11/shop6-400x400.jpg]
[ninzio.com/craft/product/classic-wear-polo/index.html]
[ninzio.com/craft/shop/index8465.html]
[ninzio.com/craft/product/classic-wear-polo/indexaa9b.html]
[ninzio.com/craft/shop/page/2/index.html]
[ninzio.com/craft/product/sport-creative-wear/index.html]
[ninzio.com/craft/product/classic-wear-polo/indexf433.html]
[ninzio.com/craft/wp-content/plugins/woocommerce/assets/css/photoswipe/photoswipe6765.css]
[ninzio.com/craft/product/classic-wear-polo/indexa75b.html]
[ninzio.com/craft/product/classic-wear-polo/index5637.html]
[ninzio.com/craft/shop/page/2/indexd13b.html]
[ninzio.com/craft/wp-content/plugins/woocommerce/assets/css/photoswipe/default-skin/default-skin.png]
[ninzio.com/craft/shop/page/2/index8baf.html]
[ninzio.com/craft/shop/page/2/indexaa9b.html]
[ninzio.com/craft/shop/page/2/indexa75b.html]
[ninzio.com/craft/shop/page/2/index66cd.html]
[ninzio.com/craft/wp-content/plugins/woocommerce/assets/css/photoswipe/default-skin/default-skin6765.css]
[ninzio.com/craft/index3492.html]
[ninzio.com/craft/product-category/accesories/index.html]
[ninzio.com/craft/wp-content/plugins/woocommerce/assets/css/photoswipe/default-skin/preloader.gif]
[ninzio.com/craft/product-category/woman-shoes/index.html]
[ninzio.com/craft/shop/page/2/indexcb7a.html]
[ninzio.com/craft/product/awesome-green-tshirt/indexf433.html]
[ninzio.com/craft/product-category/accesories/feed/index.html]
[ninzio.com/craft/product/awesome-green-tshirt/indexcb7a.html]
[ninzio.com/craft/product-category/accesories/indexaa9b.html]
[ninzio.com/craft/product-category/accesories/index5637.html]
[ninzio.com/craft/product-category/accesories/indexf433.html]
[ninzio.com/craft/product-category/accesories/index8baf.html]
[ninzio.com/craft/wp-json/oembed/1.0/embed308b.json]
[ninzio.com/craft/product-category/accesories/indexcb7a.html]
[ninzio.com/craft/product-category/accesories/index66cd.html]
[ninzio.com/craft/product-category/woman-shoes/feed/index.html]
[ninzio.com/craft/product-category/woman-shoes/index5637.html]
[ninzio.com/craft/wp-json/oembed/1.0/embedb7ac]
[ninzio.com/craft/product/elegant-men-shirt/index.html]
[ninzio.com/craft/product-category/woman-shoes/index203d.html]
[ninzio.com/craft/product-category/woman-shoes/indexf433.html]
[ninzio.com/craft/product-category/woman-shoes/index95f9.html]
[ninzio.com/craft/product/awesome-green-tshirt/indexd13b.html]
[ninzio.com/craft/product-category/woman-shoes/page/2/index.html]
[ninzio.com/craft/product-category/woman-shoes/index8465.html]
[ninzio.com/craft/product-category/woman-shoes/indexd13b.html]
[ninzio.com/craft/product/awesome-green-tshirt/index95f9.html]
[ninzio.com/craft/product/awesome-green-tshirt/indexa75b.html]
[ninzio.com/craft/wp-json/oembed/1.0/embedcd03.json]
[ninzio.com/craft/product/awesome-green-tshirt/index203d.html]
[ninzio.com/craft/product/elegant-men-shirt/feed/index.html]
[ninzio.com/craft/product/awesome-green-tshirt/index66cd.html]
[ninzio.com/craft/wp-json/oembed/1.0/embedddf3]
[ninzio.com/craft/product/simple-wear-polo/index.html]
[ninzio.com/craft/product/elegant-men-shirt/index8465.html]
[ninzio.com/craft/product/elegant-men-shirt/index66cd.html]
[ninzio.com/craft/product/elegant-men-shirt/index8baf.html]
[ninzio.com/craft/product/awesome-green-tshirt/index8baf.html]
[ninzio.com/craft/product/elegant-men-shirt/indexaa9b.html]
[ninzio.com/craft/product/awesome-green-tshirt/indexaa9b.html]
[ninzio.com/craft/product/simple-wear-polo/feed/index.html]
[ninzio.com/craft/index4659.html]
[ninzio.com/craft/product/simple-wear-polo/index8465.html]
[ninzio.com/craft/product/simple-wear-polo/indexdda4.html]
[ninzio.com/craft/product/simple-wear-polo/indexaa9b.html]
[ninzio.com/craft/product/simple-wear-polo/index66cd.html]
[ninzio.com/craft/wp-json/oembed/1.0/embed1336.json]
[ninzio.com/craft/product/awesome-green-tshirt/index8465.html]
[ninzio.com/craft/wp-json/oembed/1.0/embed352f]
[ninzio.com/craft/elements/index.html]
[ninzio.com/craft/wp-content/plugins/js_composer/assets/css/lib/vc-entypo/fonts/vc_entypo.eot]
[ninzio.com/craft/wp-content/plugins/js_composer/assets/css/lib/vc-entypo/fonts/vc_entypo.woff]
[ninzio.com/craft/wp-content/plugins/js_composer/assets/css/lib/vc-entypo/fonts/vc_entypod41d.eot]
[ninzio.com/craft/wp-content/plugins/js_composer/assets/css/lib/vc-entypo/fonts/vc_entypo.ttf]
[ninzio.com/craft/wp-content/plugins/js_composer/assets/css/lib/vc-entypo/vc_entypo.min5243.css]
[ninzio.com/craft/indexc902.html]
[ninzio.com/craft/index8c34.html]
[ninzio.com/craft/index6eea.html]
[ninzio.com/craft/indexb4c1.html]
[ninzio.com/craft/index80c9.html]
[ninzio.com/craft/index6cd9.html]
[ninzio.com/craft/index0133.html]
[ninzio.com/craft/indexcfe0.html]
[ninzio.com/craft/index7849.html]
[ninzio.com/craft/index4978.html]
[ninzio.com/craft/indexf9af.html]
[ninzio.com/craft/index88a0.html]
[ninzio.com/craft/indexcf9a.html]
[ninzio.com/craft/index65c1.html]
[ninzio.com/craft/elements/project-post/page/2/index.html]
[ninzio.com/craft/elements/project-post/page/3/index.html]
[ninzio.com/craft/wp-json/oembed/1.0/embed23e5.json]
[ninzio.com/craft/wp-json/oembed/1.0/embed9183]
[ninzio.com/craft/project/awesome-workspace/index.html]
[ninzio.com/craft/wp-json/oembed/1.0/embedf04e.json]
[ninzio.com/craft/wp-json/oembed/1.0/embed6dbf]
[ninzio.com/craft/project/creative-workspace/index.html]
[ninzio.com/craft/index03bd.html]
[ninzio.com/craft/index3dc6.html]
[ninzio.com/craft/index44b6.html]
[ninzio.com/craft/index8ef5.html]
[ninzio.com/craft/indexe1d7.html]
[ninzio.com/craft/indexa693.html]
[ninzio.com/craft/indexb342.html]
[ninzio.com/craft/index97f3.html]
[ninzio.com/craft/index111c.html]
[ninzio.com/craft/index3f7e.html]
[ninzio.com/craft/indexc016.html]
[ninzio.com/craft/tag/design/page/2/index.html]
[ninzio.com/craft/tag/development/page/2/index.html]
[ninzio.com/craft/tag/entertanment/page/2/index.html]
[ninzio.com/craft/tag/fashion/page/2/index.html]
[ninzio.com/craft/tag/logo/page/2/index.html]
[ninzio.com/craft/tag/money/page/2/index.html]
[ninzio.com/craft/index12e9.html]
[ninzio.com/craft/index736e.html]
[ninzio.com/craft/product-category/men-shirts/index.html]
[ninzio.com/craft/product/brand-new-black-jeans/indexd13b.html]
[ninzio.com/craft/product-category/men-shirts/feed/index.html]
[ninzio.com/craft/product-category/men-shirts/index203d.html]
[ninzio.com/craft/product-category/men-shirts/indexdda4.html]
[ninzio.com/craft/product-category/men-shirts/indexf433.html]
[ninzio.com/craft/wp-json/oembed/1.0/embed1030.json]
[ninzio.com/craft/product-category/men-shirts/index8465.html]
[ninzio.com/craft/product-category/men-shirts/indexd13b.html]
[ninzio.com/craft/product-category/men-shirts/index8baf.html]
[ninzio.com/craft/product-category/men-shirts/page/2/index.html]
[ninzio.com/craft/wp-json/oembed/1.0/embede732]
[ninzio.com/craft/product/fantastic-women-shirt/index.html]
[ninzio.com/craft/product/brand-new-black-jeans/index203d.html]
[ninzio.com/craft/product/brand-new-black-jeans/indexa75b.html]
[ninzio.com/craft/product/brand-new-black-jeans/indexaa9b.html]
[ninzio.com/craft/product/brand-new-black-jeans/index8465.html]
[ninzio.com/craft/product/fantastic-women-shirt/feed/index.html]
[ninzio.com/craft/product/brand-new-black-jeans/index95f9.html]
[ninzio.com/craft/product/fantastic-women-shirt/indexd13b.html]
[ninzio.com/craft/product/fantastic-women-shirt/indexf433.html]
[ninzio.com/craft/product/fantastic-women-shirt/index66cd.html]
[ninzio.com/craft/product/fantastic-women-shirt/indexa75b.html]
[ninzio.com/craft/product/brand-new-black-jeans/index5637.html]
[ninzio.com/craft/product/brand-new-black-jeans/index66cd.html]
[ninzio.com/craft/product/brand-new-black-jeans/index8baf.html]
[ninzio.com/craft/indexcd66.html]
[ninzio.com/craft/product/woman-modern-blouse/indexf433.html]
[ninzio.com/craft/product/brand-new-black-jeans/indexcb7a.html]
[ninzio.com/craft/product/brand-new-black-jeans/indexdda4.html]
[ninzio.com/craft/product/woman-modern-blouse/indexaa9b.html]
[ninzio.com/craft/product/woman-modern-blouse/index95f9.html]
[ninzio.com/craft/product/woman-modern-blouse/index66cd.html]
[ninzio.com/craft/product/woman-modern-blouse/index5637.html]
[ninzio.com/craft/product/woman-modern-blouse/index8baf.html]
[ninzio.com/craft/index57e1.html]
[ninzio.com/craft/product/brand-new-black-jeans-3/index8baf.html]
[ninzio.com/craft/product/woman-modern-blouse/indexa75b.html]
[ninzio.com/craft/product/woman-modern-blouse/indexd13b.html]
[ninzio.com/craft/product/brand-new-black-jeans-3/indexd13b.html]
[ninzio.com/craft/product/brand-new-black-jeans-3/indexf433.html]
[ninzio.com/craft/product/woman-modern-blouse/index8465.html]
[ninzio.com/craft/product/brand-new-black-jeans-3/index203d.html]
[ninzio.com/craft/product/brand-new-black-jeans-3/index8465.html]
[ninzio.com/craft/wp-json/oembed/1.0/embed0187.json]
[ninzio.com/craft/product/white-classic-blouse/feed/index.html]
[ninzio.com/craft/wp-json/oembed/1.0/embedf339]
[ninzio.com/craft/product/white-classic-blouse/index.html]
[ninzio.com/craft/product/white-classic-blouse/indexdda4.html]
[ninzio.com/craft/product/white-classic-blouse/indexaa9b.html]
[ninzio.com/craft/product/white-classic-blouse/index8baf.html]
[ninzio.com/craft/product/brand-new-black-jeans-3/index66cd.html]
[ninzio.com/craft/product-tag/business/index66cd.html]
[ninzio.com/craft/product-tag/design/indexf433.html]
[ninzio.com/craft/product-tag/development/index203d.html]
[ninzio.com/craft/product-tag/entertanment/indexcb7a.html]
[ninzio.com/craft/product-tag/fashion/indexf433.html]
[ninzio.com/craft/product-tag/logo/index66cd.html]
[ninzio.com/craft/product-tag/money/indexcb7a.html]
[ninzio.com/craft/indexbd60.html]
[ninzio.com/craft/product/white-classic-blouse/index5637.html]
[ninzio.com/craft/cart/index3d89.html]
[ninzio.com/craft/wp-json/oembed/1.0/embed8c00.json]
[ninzio.com/craft/wp-json/oembed/1.0/embed34ec]
[ninzio.com/craft/wp-content/plugins/woocommerce/assets/js/frontend/checkout.min6765.js]
[ninzio.com/craft/checkout/index.html]
[ninzio.com/craft/cart/index6ccb.html]
[ninzio.com/craft/cart/index7e44.html]
[ninzio.com/craft/index3bad.html]
[ninzio.com/craft/indexe481.html]
[ninzio.com/craft/index8c3c.html]
[ninzio.com/craft/index785a.html]
[ninzio.com/craft/portfolio-standard/page/1/index.html]
[ninzio.com/craft/portfolio-simple/page/1/index.html]
[ninzio.com/craft/portfolio-grid/page/1/index.html]
[ninzio.com/craft/indexff0e.html]
[ninzio.com/craft/index26b6.html]
[ninzio.com/craft/author/admin/page/2/index.html]
[ninzio.com/craft/my-account/lost-password/index.html]
[ninzio.com/craft/index8eb0.html]
[ninzio.com/craft/category/fashion/index.html]
[ninzio.com/craft/home-6/indexaafe.html]
[ninzio.com/craft/index14d6.html]
[ninzio.com/craft/index6144.html]
[ninzio.com/craft/index2cbe.html]
[ninzio.com/craft/indexd399.html]
[ninzio.com/craft/index049d.html]
[ninzio.com/craft/index914d.html]
[ninzio.com/craft/blog/page/1/index.html]
[ninzio.com/craft/blog-grid/page/1/index.html]
[ninzio.com/craft/blog-list/page/1/index.html]
[ninzio.com/craft/indexf573.html]
[ninzio.com/craft/index7a13.html]
[ninzio.com/craft/index0143.html]
[ninzio.com/craft/product/brand-new-black-jeans-2/indexdda4.html]
[ninzio.com/craft/product/brand-new-black-jeans-2/indexd13b.html]
[ninzio.com/craft/category/fashion/feed/index.html]
[ninzio.com/craft/product/brand-new-black-jeans-2/index5637.html]
[ninzio.com/craft/product/brand-new-black-jeans-2/index8baf.html]
[ninzio.com/craft/product/brand-new-black-jeans-2/index95f9.html]
[ninzio.com/craft/product/brand-new-black-jeans-2/indexaa9b.html]
[ninzio.com/craft/product/brand-new-black-jeans-2/index8465.html]
[ninzio.com/craft/product/brand-new-black-jeans-2/indexcb7a.html]
[ninzio.com/craft/product/brand-new-black-jeans-2/indexa75b.html]
[ninzio.com/craft/product/brand-new-black-jeans-2/indexf433.html]
[ninzio.com/craft/cart/index3b1c.html]
[ninzio.com/craft/cart/indexc9ff.html]
[ninzio.com/craft/cart/index5d02.html]
[ninzio.com/craft/indexf351.html]
[ninzio.com/craft/product/brand-new-blouse/index8465.html]
[ninzio.com/craft/product/brand-new-blouse/index5637.html]
[ninzio.com/craft/product/brand-new-black-jeans-2/index66cd.html]
[ninzio.com/craft/product/brand-new-blouse/indexf433.html]
[ninzio.com/craft/shop/indexaafe.html]
[ninzio.com/craft/product/brand-new-blouse/index203d.html]
[ninzio.com/craft/product/brand-new-blouse/indexa75b.html]
[ninzio.com/craft/cart/indexefb8.html]
[ninzio.com/craft/indexad4d.html]
[ninzio.com/craft/product/classic-wear-polo/indexaa9b.html]
[ninzio.com/craft/product/brand-new-blouse/indexcb7a.html]
[ninzio.com/craft/product/brand-new-blouse/indexd13b.html]
[ninzio.com/craft/product/brand-new-blouse/indexaa9b.html]
[ninzio.com/craft/wp-json/oembed/1.0/embedb93d.json]
[ninzio.com/craft/product/classic-wear-polo/index66cd.html]
[ninzio.com/craft/product/sport-creative-wear/feed/index.html]
[ninzio.com/craft/wp-json/oembed/1.0/embed7bf3]
[ninzio.com/craft/product/sport-creative-wear/index.html]
[ninzio.com/craft/product/sport-creative-wear/index95f9.html]
[ninzio.com/craft/product/sport-creative-wear/index5637.html]
[ninzio.com/craft/product/sport-creative-wear/indexaa9b.html]
[ninzio.com/craft/product/sport-creative-wear/indexcb7a.html]
[ninzio.com/craft/product/classic-wear-polo/indexa75b.html]
[ninzio.com/craft/product/classic-wear-polo/indexf433.html]
[ninzio.com/craft/product/classic-wear-polo/index5637.html]
[ninzio.com/craft/product/classic-wear-polo/index203d.html]
[ninzio.com/craft/product/classic-wear-polo/index95f9.html]
[ninzio.com/craft/product/classic-wear-polo/indexcb7a.html]
[ninzio.com/craft/cart/indexc761.html]
[ninzio.com/craft/shop/page/2/indexd13b.html]
[ninzio.com/craft/shop/page/2/indexaa9b.html]
[ninzio.com/craft/shop/page/2/index8baf.html]
[ninzio.com/craft/shop/page/2/indexa75b.html]
[ninzio.com/craft/shop/page/2/index66cd.html]
[ninzio.com/craft/shop/page/2/indexcb7a.html]
[ninzio.com/craft/product/classic-wear-polo/indexd13b.html]
[ninzio.com/craft/shop/page/1/index.html]
[ninzio.com/craft/wp-content/plugins/woocommerce/assets/css/photoswipe/default-skin/default-skin.svg]
[ninzio.com/craft/product-category/accesories/index5637.html]
[ninzio.com/craft/product-category/accesories/indexf433.html]
[ninzio.com/craft/product-category/accesories/indexaa9b.html]
[ninzio.com/craft/product-category/accesories/index8baf.html]
[ninzio.com/craft/product-category/accesories/index66cd.html]
[ninzio.com/craft/product-category/accesories/indexcb7a.html]
[ninzio.com/craft/product/classic-wear-polo/index8baf.html]
[ninzio.com/craft/product-category/woman-shoes/index5637.html]
[ninzio.com/craft/product-category/woman-shoes/index203d.html]
[ninzio.com/craft/product-category/woman-shoes/indexf433.html]
[ninzio.com/craft/product-category/woman-shoes/index95f9.html]
[ninzio.com/craft/product-category/woman-shoes/index8465.html]
[ninzio.com/craft/product-category/woman-shoes/indexd13b.html]
[ninzio.com/craft/product-category/woman-shoes/page/2/index.html]
[ninzio.com/craft/product-category/woman-shoes/page/2/indexaa9b.html]
[ninzio.com/craft/product/awesome-green-tshirt/index95f9.html]
[ninzio.com/craft/product/awesome-green-tshirt/indexa75b.html]
[ninzio.com/craft/product/awesome-green-tshirt/index203d.html]
[ninzio.com/craft/cart/indexfc9f.html]
[ninzio.com/craft/product-category/woman-shoes/page/2/indexa75b.html]
[ninzio.com/craft/product-category/woman-shoes/page/2/indexcb7a.html]
[ninzio.com/craft/product/awesome-green-tshirt/index66cd.html]
[ninzio.com/craft/product/awesome-green-tshirt/indexaafe.html]
[ninzio.com/craft/index8df3.html]
[ninzio.com/craft/product/elegant-men-shirt/index66cd.html]
[ninzio.com/craft/product/elegant-men-shirt/index8baf.html]
[ninzio.com/craft/product/elegant-men-shirt/index8465.html]
[ninzio.com/craft/product/elegant-men-shirt/indexdda4.html]
[ninzio.com/craft/product/elegant-men-shirt/indexa75b.html]
[ninzio.com/craft/product/elegant-men-shirt/indexf433.html]
[ninzio.com/craft/product/elegant-men-shirt/indexaa9b.html]
[ninzio.com/craft/cart/indexb7c5.html]
[ninzio.com/craft/product/awesome-green-tshirt/indexaa9b.html]
[ninzio.com/craft/index7c58.html]
[ninzio.com/craft/product/simple-wear-polo/index8465.html]
[ninzio.com/craft/product/elegant-men-shirt/index95f9.html]
[ninzio.com/craft/product/simple-wear-polo/indexdda4.html]
[ninzio.com/craft/product/elegant-men-shirt/index5637.html]
[ninzio.com/craft/product/simple-wear-polo/index5637.html]
[ninzio.com/craft/product/simple-wear-polo/indexcb7a.html]
[ninzio.com/craft/product/simple-wear-polo/indexaa9b.html]
[ninzio.com/craft/product/simple-wear-polo/index66cd.html]
[ninzio.com/craft/product/simple-wear-polo/indexf433.html]
[ninzio.com/craft/product/simple-wear-polo/indexd13b.html]
[ninzio.com/craft/cart/indexeed0.html]
[ninzio.com/craft/product/awesome-green-tshirt/index8465.html]
[ninzio.com/craft/index5034.html]
[ninzio.com/craft/wp-content/plugins/js_composer/assets/css/lib/vc-entypo/fonts/vc_entypo.svg]
[ninzio.com/craft/elements/project-post/page/1/index.html]
[ninzio.com/craft/index4439.html]
[ninzio.com/craft/index1c24.html]
[ninzio.com/craft/tag/design/page/1/index.html]
[ninzio.com/craft/tag/development/page/1/index.html]
[ninzio.com/craft/tag/entertanment/page/1/index.html]
[ninzio.com/craft/tag/fashion/page/1/index.html]
[ninzio.com/craft/tag/logo/page/1/index.html]
[ninzio.com/craft/tag/money/page/1/index.html]
[ninzio.com/craft/product-category/men-shirts/indexdda4.html]
[ninzio.com/craft/product-category/men-shirts/index203d.html]
[ninzio.com/craft/product-category/men-shirts/indexf433.html]
[ninzio.com/craft/product-category/men-shirts/index8465.html]
[ninzio.com/craft/product-category/men-shirts/indexd13b.html]
[ninzio.com/craft/product-category/men-shirts/index8baf.html]
[ninzio.com/craft/product/simple-wear-polo/index203d.html]
[ninzio.com/craft/product-category/men-shirts/page/2/index.html]
[ninzio.com/craft/product/brand-new-black-jeans/indexa75b.html]
[ninzio.com/craft/product/brand-new-black-jeans/index203d.html]
[ninzio.com/craft/product/brand-new-black-jeans/index8465.html]
[ninzio.com/craft/index881d.html]
[ninzio.com/craft/product/fantastic-women-shirt/indexd13b.html]
[ninzio.com/craft/product-category/men-shirts/page/2/index66cd.html]
[ninzio.com/craft/product/fantastic-women-shirt/indexf433.html]
[ninzio.com/craft/product/fantastic-women-shirt/index66cd.html]
[ninzio.com/craft/product/fantastic-women-shirt/index5637.html]
[ninzio.com/craft/product/fantastic-women-shirt/indexa75b.html]
[ninzio.com/craft/product/fantastic-women-shirt/index203d.html]
[ninzio.com/craft/cart/index565f.html]
[ninzio.com/craft/product/fantastic-women-shirt/index95f9.html]
[ninzio.com/craft/product/brand-new-black-jeans/index66cd.html]
[ninzio.com/craft/product/brand-new-black-jeans/indexaafe.html]
[ninzio.com/craft/product/brand-new-black-jeans/index8baf.html]
[ninzio.com/craft/product/brand-new-black-jeans/indexdda4.html]
[ninzio.com/craft/product/fantastic-women-shirt/indexcb7a.html]
[ninzio.com/craft/product/fantastic-women-shirt/index8baf.html]
[ninzio.com/craft/product/brand-new-black-jeans/indexcb7a.html]
[ninzio.com/craft/product/woman-modern-blouse/index66cd.html]
[ninzio.com/craft/product/woman-modern-blouse/index5637.html]
[ninzio.com/craft/product/woman-modern-blouse/indexd13b.html]
[ninzio.com/craft/product/woman-modern-blouse/indexa75b.html]
[ninzio.com/craft/product/woman-modern-blouse/index8465.html]
[ninzio.com/craft/product/brand-new-black-jeans-3/index203d.html]
[ninzio.com/craft/product/brand-new-black-jeans-3/index8465.html]
[ninzio.com/craft/index7bb4.html]
[ninzio.com/craft/product/white-classic-blouse/indexdda4.html]
[ninzio.com/craft/product/white-classic-blouse/indexaa9b.html]
[ninzio.com/craft/product/woman-modern-blouse/index203d.html]
[ninzio.com/craft/product/white-classic-blouse/index5637.html]
[ninzio.com/craft/product/white-classic-blouse/index8baf.html]
[ninzio.com/craft/product/white-classic-blouse/index8465.html]
[ninzio.com/craft/product/white-classic-blouse/indexd13b.html]
[ninzio.com/craft/cart/indexa19a.html]
[ninzio.com/craft/indexa90d.html]
[ninzio.com/craft/product/white-classic-blouse/indexf433.html]
[ninzio.com/craft/product/white-classic-blouse/indexcb7a.html]
[ninzio.com/craft/wp-json/oembed/1.0/embed08f6.json]
[ninzio.com/craft/product/brand-new-black-jeans-3/indexaafe.html]
[ninzio.com/craft/my-account/index.html]
[ninzio.com/craft/wp-json/oembed/1.0/embedc1d3]
[ninzio.com/craft/wp-content/plugins/woocommerce/assets/js/frontend/lost-password.min6765.js]
[ninzio.com/craft/my-account/lost-password/index.html]
[ninzio.com/craft/home-6/indexaafe.html]
[ninzio.com/craft/cart/index7dcd.html]
[ninzio.com/craft/home-6/index914f.html]
[ninzio.com/craft/home-6/indexffab.html]
[ninzio.com/craft/home-6/index44cf.html]
[ninzio.com/craft/cart/indexc682.html]
[ninzio.com/craft/author/admin/page/1/index.html]
[ninzio.com/craft/product/brand-new-black-jeans-2/index95f9.html]
[ninzio.com/craft/product/brand-new-black-jeans-2/index5637.html]
[ninzio.com/craft/product/brand-new-black-jeans-2/index8baf.html]
[ninzio.com/craft/product/brand-new-black-jeans-2/indexcb7a.html]
[ninzio.com/craft/product/brand-new-black-jeans-2/indexa75b.html]
[ninzio.com/craft/product/brand-new-black-jeans-2/indexf433.html]
[ninzio.com/craft/product/brand-new-black-jeans-2/index66cd.html]
[ninzio.com/craft/shop/indexaafe.html]
[ninzio.com/craft/shop/indexdc3e.html]
[ninzio.com/craft/cart/index4945.html]
[ninzio.com/craft/shop/index75d9.html]
[ninzio.com/craft/shop/index914f.html]
[ninzio.com/craft/shop/indexffab.html]
[ninzio.com/craft/cart/index6627.html]
[ninzio.com/craft/product/brand-new-blouse/indexa75b.html]
[ninzio.com/craft/product/brand-new-blouse/indexcb7a.html]
[ninzio.com/craft/product/brand-new-blouse/indexaa9b.html]
[ninzio.com/craft/product/brand-new-blouse/indexd13b.html]
[ninzio.com/craft/cart/index54cf.html]
[ninzio.com/craft/product/classic-wear-polo/index66cd.html]
[ninzio.com/craft/index9646.html]
[ninzio.com/craft/product/sport-creative-wear/indexaa9b.html]
[ninzio.com/craft/shop/index2e65.html]
[ninzio.com/craft/shop/index583e.html]
[ninzio.com/craft/product/sport-creative-wear/index95f9.html]
[ninzio.com/craft/shop/page/2/indexaafe.html]
[ninzio.com/craft/product/sport-creative-wear/index5637.html]
[ninzio.com/craft/product/sport-creative-wear/indexcb7a.html]
[ninzio.com/craft/cart/index7863.html]
[ninzio.com/craft/product/sport-creative-wear/index203d.html]
[ninzio.com/craft/product/classic-wear-polo/index203d.html]
[ninzio.com/craft/product/sport-creative-wear/indexd13b.html]
[ninzio.com/craft/product/sport-creative-wear/index8465.html]
[ninzio.com/craft/product/classic-wear-polo/index95f9.html]
[ninzio.com/craft/product/classic-wear-polo/indexcb7a.html]
[ninzio.com/craft/product/classic-wear-polo/indexd13b.html]
[ninzio.com/craft/product/classic-wear-polo/index8baf.html]
[ninzio.com/craft/cart/index4528.html]
[ninzio.com/craft/product-category/woman-shoes/page/2/indexaa9b.html]
[ninzio.com/craft/product/classic-wear-polo/indexaafe.html]
[ninzio.com/craft/product-category/woman-shoes/page/2/indexa75b.html]
[ninzio.com/craft/product-category/woman-shoes/page/2/indexcb7a.html]
[ninzio.com/craft/product-category/woman-shoes/page/1/index.html]
[ninzio.com/craft/product/awesome-green-tshirt/indexaafe.html]
[ninzio.com/craft/product/classic-wear-polo/indexdda4.html]
[ninzio.com/craft/cart/index5407.html]
[ninzio.com/craft/product/awesome-green-tshirt/index6ed2.html]
[ninzio.com/craft/product/awesome-green-tshirt/indexcd53.html]
[ninzio.com/craft/product/awesome-green-tshirt/index2e65.html]
[ninzio.com/craft/product/elegant-men-shirt/indexdda4.html]
[ninzio.com/craft/product/elegant-men-shirt/indexa75b.html]
[ninzio.com/craft/product/elegant-men-shirt/indexf433.html]
[ninzio.com/craft/product/elegant-men-shirt/index95f9.html]
[ninzio.com/craft/product/elegant-men-shirt/index5637.html]
[ninzio.com/craft/product/simple-wear-polo/index5637.html]
[ninzio.com/craft/product/simple-wear-polo/indexcb7a.html]
[ninzio.com/craft/product/simple-wear-polo/indexd13b.html]
[ninzio.com/craft/product/simple-wear-polo/indexf433.html]
[ninzio.com/craft/product/simple-wear-polo/index203d.html]
[ninzio.com/craft/product-category/men-shirts/page/2/index66cd.html]
[ninzio.com/craft/product-category/men-shirts/page/1/index.html]
[ninzio.com/craft/product/awesome-green-tshirt/index583e.html]
[ninzio.com/craft/product/fantastic-women-shirt/index203d.html]
[ninzio.com/craft/product/fantastic-women-shirt/index95f9.html]
[ninzio.com/craft/product/fantastic-women-shirt/index5637.html]
[ninzio.com/craft/product/fantastic-women-shirt/index8baf.html]
[ninzio.com/craft/product/fantastic-women-shirt/indexcb7a.html]
[ninzio.com/craft/product/brand-new-black-jeans/indexaafe.html]
[ninzio.com/craft/product/elegant-men-shirt/indexcb7a.html]
[ninzio.com/craft/cart/indexfa5d.html]
[ninzio.com/craft/product/elegant-men-shirt/index203d.html]
[ninzio.com/craft/product/fantastic-women-shirt/index8465.html]
[ninzio.com/craft/product/woman-modern-blouse/index203d.html]
[ninzio.com/craft/product/brand-new-black-jeans/indexdb43.html]
[ninzio.com/craft/product/brand-new-black-jeans/index75d9.html]
[ninzio.com/craft/product/white-classic-blouse/index8465.html]
[ninzio.com/craft/product/white-classic-blouse/indexd13b.html]
[ninzio.com/craft/product/white-classic-blouse/indexf433.html]
[ninzio.com/craft/product/white-classic-blouse/indexcb7a.html]
[ninzio.com/craft/product/brand-new-black-jeans-3/indexaafe.html]
[ninzio.com/craft/product/brand-new-black-jeans/indexcd53.html]
[ninzio.com/craft/my-account/index.html]
[ninzio.com/craft/product/white-classic-blouse/index203d.html]
[ninzio.com/craft/product/brand-new-black-jeans/index914f.html]
[ninzio.com/craft/product/brand-new-black-jeans-3/indexdb43.html]
[ninzio.com/craft/index6435.html]
[ninzio.com/craft/cart/index46b5.html]
[ninzio.com/craft/home-6/indexffab.html]
[ninzio.com/craft/home-6/index914f.html]
[ninzio.com/craft/product/brand-new-black-jeans-3/index1a07.html]
[ninzio.com/craft/home-6/index44cf.html]
[ninzio.com/craft/cart/indexc682.html]
[ninzio.com/craft/shop/index914f.html]
[ninzio.com/craft/shop/index75d9.html]
[ninzio.com/craft/shop/indexffab.html]
[ninzio.com/craft/shop/indexdc3e.html]
[ninzio.com/craft/shop/index2e65.html]
[ninzio.com/craft/shop/index583e.html]
[ninzio.com/craft/product/brand-new-black-jeans-3/index583e.html]
[ninzio.com/craft/product/brand-new-black-jeans-3/index75d9.html]
[ninzio.com/craft/shop/page/2/indexaafe.html]
[ninzio.com/craft/shop/page/2/indexdb43.html]
[ninzio.com/craft/shop/page/2/index6ed2.html]
[ninzio.com/craft/shop/page/2/index1a07.html]
[ninzio.com/craft/shop/page/2/indexcd53.html]
[ninzio.com/craft/product/sport-creative-wear/index203d.html]
[ninzio.com/craft/product/sport-creative-wear/indexd13b.html]
[ninzio.com/craft/shop/page/2/index44cf.html]
[ninzio.com/craft/product/sport-creative-wear/index8465.html]
[ninzio.com/craft/product/classic-wear-polo/indexaafe.html]
[ninzio.com/craft/shop/page/2/indexa857.html]
[ninzio.com/craft/product/classic-wear-polo/indexdda4.html]
[ninzio.com/craft/product/sport-creative-wear/indexf433.html]
[ninzio.com/craft/product/classic-wear-polo/indexdb43.html]
[ninzio.com/craft/product/classic-wear-polo/indexffab.html]
[ninzio.com/craft/product/awesome-green-tshirt/index6ed2.html]
[ninzio.com/craft/product/classic-wear-polo/index914f.html]
[ninzio.com/craft/product/awesome-green-tshirt/indexcd53.html]
[ninzio.com/craft/product/classic-wear-polo/index1a07.html]
[ninzio.com/craft/product/awesome-green-tshirt/index2e65.html]
[ninzio.com/craft/product/awesome-green-tshirt/index44cf.html]
[ninzio.com/craft/product/awesome-green-tshirt/index75d9.html]
[ninzio.com/craft/product/awesome-green-tshirt/index583e.html]
[ninzio.com/craft/product/elegant-men-shirt/indexcb7a.html]
[ninzio.com/craft/product/elegant-men-shirt/index203d.html]
[ninzio.com/craft/product/fantastic-women-shirt/index8465.html]
[ninzio.com/craft/product/brand-new-black-jeans/index75d9.html]
[ninzio.com/craft/product/brand-new-black-jeans/indexdb43.html]
[ninzio.com/craft/product/awesome-green-tshirt/indexdb43.html]
[ninzio.com/craft/product/awesome-green-tshirt/index1a07.html]
[ninzio.com/craft/product/brand-new-black-jeans/indexcd53.html]
[ninzio.com/craft/product/brand-new-black-jeans/index914f.html]
[ninzio.com/craft/product/white-classic-blouse/index203d.html]
[ninzio.com/craft/product/brand-new-black-jeans-3/indexdb43.html]
[ninzio.com/craft/product/brand-new-black-jeans/index1a07.html]
[ninzio.com/craft/product/brand-new-black-jeans-3/index1a07.html]
[ninzio.com/craft/product/brand-new-black-jeans/index44cf.html]
[ninzio.com/craft/product/brand-new-black-jeans/index583e.html]
[ninzio.com/craft/product/brand-new-black-jeans-3/index583e.html]
[ninzio.com/craft/product/brand-new-black-jeans-3/index75d9.html]
[ninzio.com/craft/shop/page/2/indexdb43.html]
[ninzio.com/craft/shop/page/2/index6ed2.html]
[ninzio.com/craft/shop/page/2/index1a07.html]
[ninzio.com/craft/shop/page/2/indexcd53.html]
[ninzio.com/craft/shop/page/2/indexa857.html]
[ninzio.com/craft/product/brand-new-black-jeans-3/indexffab.html]
[ninzio.com/craft/shop/page/2/index44cf.html]
[ninzio.com/craft/shop/page/1/indexaafe.html]
[ninzio.com/craft/product/sport-creative-wear/indexf433.html]
[ninzio.com/craft/product/classic-wear-polo/indexdb43.html]
[ninzio.com/craft/product/brand-new-black-jeans-3/indexa857.html]
[ninzio.com/craft/product/classic-wear-polo/indexffab.html]
[ninzio.com/craft/product/classic-wear-polo/indexa857.html]
[ninzio.com/craft/product/classic-wear-polo/index2e65.html]
[ninzio.com/craft/product/classic-wear-polo/index914f.html]
[ninzio.com/craft/product/classic-wear-polo/index1a07.html]
[ninzio.com/craft/product/classic-wear-polo/indexcd53.html]
[ninzio.com/craft/product/awesome-green-tshirt/index44cf.html]
[ninzio.com/craft/product/classic-wear-polo/index75d9.html]
[ninzio.com/craft/product/awesome-green-tshirt/index75d9.html]
[ninzio.com/craft/product/awesome-green-tshirt/indexdb43.html]
[ninzio.com/craft/product/awesome-green-tshirt/index1a07.html]
[ninzio.com/craft/product/classic-wear-polo/indexdc3e.html]
[ninzio.com/craft/product/brand-new-black-jeans/index1a07.html]
[ninzio.com/craft/product/classic-wear-polo/index44cf.html]
[ninzio.com/craft/product/brand-new-black-jeans/index583e.html]
[ninzio.com/craft/product/awesome-green-tshirt/indexa857.html]
[ninzio.com/craft/product/brand-new-black-jeans/index44cf.html]
[ninzio.com/craft/product/awesome-green-tshirt/indexffab.html]
[ninzio.com/craft/product/brand-new-black-jeans-3/indexa857.html]
[ninzio.com/craft/product/brand-new-black-jeans-3/indexffab.html]
[ninzio.com/craft/product/classic-wear-polo/index2e65.html]
[ninzio.com/craft/product/classic-wear-polo/indexa857.html]
[ninzio.com/craft/product/classic-wear-polo/indexcd53.html]
[ninzio.com/craft/product/brand-new-black-jeans/indexa857.html]
[ninzio.com/craft/product/classic-wear-polo/index75d9.html]
[ninzio.com/craft/product/classic-wear-polo/indexdc3e.html]
[ninzio.com/craft/product/classic-wear-polo/index44cf.html]
[ninzio.com/craft/product/awesome-green-tshirt/indexa857.html]
[ninzio.com/craft/product/brand-new-black-jeans/index6ed2.html]
[ninzio.com/craft/product/awesome-green-tshirt/indexffab.html]
[ninzio.com/craft/product/brand-new-black-jeans/indexa857.html]
[ninzio.com/craft/product/brand-new-black-jeans/index6ed2.html]
[ninzio.com/craft/product/classic-wear-polo/index6ed2.html]
[ninzio.com/craft/product/brand-new-black-jeans/indexdc3e.html]
[ninzio.com/craft/product/brand-new-black-jeans/indexdc3e.html]
[ninzio.com/craft/product/classic-wear-polo/index6ed2.html]
