[motors.stylemixthemes.com/boats/index.html]
[backblue.gif]
[fade.gif]
[index.html]
[motors.stylemixthemes.com/boats/wp-content/cache/autoptimize/4/css/autoptimize_dde5c1c23c87726fc0b5e406bb1e1dc0.css]
[motors.stylemixthemes.com/boats/xmlrpc0db0.php]
[motors.stylemixthemes.com/boats/feed/index.html]
[motors.stylemixthemes.com/boats/comments/feed/index.html]
[motors.stylemixthemes.com/boats/wp-includes/wlwmanifest.xml]
[motors.stylemixthemes.com/boats/wp-json/oembed/1.0/embeda567.json]
[motors.stylemixthemes.com/boats/wp-content/uploads/sites/4/2016/07/cropped-favicon-boat-150x150.png]
[motors.stylemixthemes.com/boats/wp-json/oembed/1.0/embed7a9b]
[motors.stylemixthemes.com/boats/wp-content/uploads/sites/4/2016/07/cropped-favicon-boat-300x300.png]
[motors.stylemixthemes.com/boats/wp-content/uploads/sites/4/2016/07/cropped-favicon-boat-180x180.png]
[motors.stylemixthemes.com/boats/wp-content/uploads/sites/4/2015/09/boxes_bg8573.jpg]
[motors.stylemixthemes.com/boats/wp-json/index.html]
[motors.stylemixthemes.com/boats/wp-content/uploads/sites/4/2016/07/motors-boat-logo.svg]
[motors.stylemixthemes.com/boats/404-error-page]
[motors.stylemixthemes.com/boats/my-account/index.html]
[motors.stylemixthemes.com/boats/cart/index.html]
[motors.stylemixthemes.com/boats/compare/index.html]
[motors.stylemixthemes.com/boats/wp-content/uploads/sites/4/2016/12/slide-2-1.jpg]
[motors.stylemixthemes.com/boats/inventory/index.html]
[motors.stylemixthemes.com/boats/wp-content/uploads/sites/4/2016/07/slide-1-1.jpg]
[motors.stylemixthemes.com/boats/inventory/indexd93c.html]
[motors.stylemixthemes.com/boats/wp-content/uploads/sites/4/2016/07/boat-1.svg]
[motors.stylemixthemes.com/boats/listings/2015-glastron-gt180br/index.html]
[motors.stylemixthemes.com/boats/wp-content/uploads/sites/4/2016/07/canoe-1.svg]
[motors.stylemixthemes.com/boats/sell-a-boat/index.html]
[motors.stylemixthemes.com/boats/wp-content/uploads/sites/4/2016/07/dinghy-1.svg]
[motors.stylemixthemes.com/boats/blog/index.html]
[motors.stylemixthemes.com/boats/wp-content/uploads/sites/4/2016/07/jet-sky-1.svg]
[motors.stylemixthemes.com/boats/wp-content/uploads/sites/4/2016/07/sailboat-1.svg]
[motors.stylemixthemes.com/boats/wp-content/uploads/sites/4/2016/07/yacht-1.svg]
[motors.stylemixthemes.com/boats/blog/indexbf19.html]
[motors.stylemixthemes.com/boats/wp-content/uploads/sites/4/2015/12/Fotolia_80097123_Subscription_Monthly_M-255x135.jpg]
[motors.stylemixthemes.com/boats/teslas-autopilot-system-is-awesome-and-creepy-and-a-sign-of-a-beautiful-future/index.html]
[motors.stylemixthemes.com/boats/motors-rock/index.html]
[motors.stylemixthemes.com/boats/wp-content/uploads/sites/4/2015/12/Fotolia_80097123_Subscription_Monthly_M-798x466.jpg]
[motors.stylemixthemes.com/boats/motors-rocks/index.html]
[motors.stylemixthemes.com/boats/wp-content/uploads/sites/4/2015/12/Fotolia_61269900_Subscription_Monthly_M-255x135.jpg]
[motors.stylemixthemes.com/boats/service/index.html]
[motors.stylemixthemes.com/boats/wp-content/uploads/sites/4/2015/12/Fotolia_71206777_Subscription_Monthly_M-255x135.jpg]
[motors.stylemixthemes.com/boats/about-us/index.html]
[motors.stylemixthemes.com/boats/auto-loan-calculator/index.html]
[motors.stylemixthemes.com/boats/wp-content/uploads/sites/4/2015/12/Fotolia_61270557_Subscription_Monthly_XXL-255x135.jpg]
[motors.stylemixthemes.com/boats/wp-content/uploads/sites/4/2015/09/video-poster.jpg]
[motors.stylemixthemes.com/boats/shop/index.html]
[motors.stylemixthemes.com/boats/typography/index.html]
[motors.stylemixthemes.com/boats/wp-content/uploads/sites/4/2015/09/testimonial-1.jpg]
[motors.stylemixthemes.com/boats/coming-soon/index.html]
[motors.stylemixthemes.com/boats/wp-content/uploads/sites/4/2015/09/testimonial-2.jpg]
[motors.stylemixthemes.com/boats/wp-content/uploads/sites/4/2015/12/Fotolia_55945449_Subscription_Monthly_M-350x181.jpg]
[motors.stylemixthemes.com/boats/contact-us/index.html]
[motors.stylemixthemes.com/boats/wp-content/uploads/sites/4/2015/12/Fotolia_99648881_Subscription_Monthly_M-350x181.jpg]
[motors.stylemixthemes.com/boats/listings/alison-premium/index.html]
[motors.stylemixthemes.com/boats/inventory/index8d51.html]
[motors.stylemixthemes.com/boats/wp-content/uploads/sites/4/2015/12/Fotolia_111118092_Subscription_Monthly_XXL-350x181.jpg]
[motors.stylemixthemes.com/boats/wp-content/uploads/sites/4/2015/12/Fotolia_55945449_Subscription_Monthly_M-150x100.jpg]
[motors.stylemixthemes.com/boats/inventory/index105e.html]
[motors.stylemixthemes.com/boats/wp-content/uploads/sites/4/2015/12/Fotolia_99648881_Subscription_Monthly_M-150x100.jpg]
[motors.stylemixthemes.com/boats/inventory/index5b78.html]
[motors.stylemixthemes.com/boats/inventory/index6329.html]
[motors.stylemixthemes.com/boats/inventory/index1834.html]
[motors.stylemixthemes.com/boats/inventory/index613d.html]
[motors.stylemixthemes.com/boats/listings/alison-pk/index.html]
[motors.stylemixthemes.com/boats/listings/baycraft-md/index.html]
[developers.google.com/maps/documentation/javascript/examples/markerclusterer/markerclusterer20b9.js]
[motors.stylemixthemes.com/boats/wp-includes/js/jquery/jqueryb8ff.js]
[motors.stylemixthemes.com/boats/listings/baycraft-po/index.html]
[static.addtoany.com/menu/page.js]
[motors.stylemixthemes.com/boats/tap-yourself/index.html]
[motors.stylemixthemes.com/boats/how-the-new-mercedes-benz-sls-amg-on-the-track/index.html]
[motors.stylemixthemes.com/boats/we-believe-the-cars-we-offer-are-the-highest-quality/index.html]
[motors.stylemixthemes.com/boats/wp-content/cache/autoptimize/4/js/autoptimize_65eb5205f75db8f6d899d3c0dd97a978.js]
[motors.stylemixthemes.com/boats/index.html]
[motors.stylemixthemes.com/boats/xmlrpc.php]
[motors.stylemixthemes.com/boats/wp-content/plugins/contact-form-7/images/ajax-loader.gif]
[motors.stylemixthemes.com/boats/wp-content/uploads/sites/4/stm_fonts/stm-icon/stm-icon965f.eot]
[motors.stylemixthemes.com/boats/wp-content/uploads/sites/4/stm_fonts/icomoon/icomoonc034.ttf]
[motors.stylemixthemes.com/boats/wp-content/plugins/instagram-feed/img/loader.png]
[motors.stylemixthemes.com/boats/wp-content/plugins/js_composer/assets/lib/bower/font-awesome/fonts/fontawesome-webfont3e6e.eot]
[motors.stylemixthemes.com/boats/wp-content/plugins/stm_vehicles_listing/assets/fonts/lg/lgd641.eot]
[motors.stylemixthemes.com/boats/wp-content/plugins/revslider/public/assets/fonts/revicons/revicons90c6.eot]
[motors.stylemixthemes.com/boats/wp-content/themes/motors/assets/fonts/fontawesome/fontawesome-webfont3e6e.eot]
[motors.stylemixthemes.com/boats/wp-content/themes/motors/assets/images/fancybox/fancybox_sprite.png]
[motors.stylemixthemes.com/boats/wp-content/themes/motors/assets/fonts/service-fonts/stm-service-default963f.eot]
[motors.stylemixthemes.com/boats/wp-content/themes/motors/assets/fonts/boat-icons/boaticonsc138.eot]
[motors.stylemixthemes.com/boats/wp-content/themes/motors/assets/fonts/motorcycles/motorcycles9231.eot]
[motors.stylemixthemes.com/boats/wp-content/themes/motors/assets/fonts/rental/stm-rentalf3c8.eot]
[motors.stylemixthemes.com/boats/wp-content/themes/motors/assets/images/title-box-default-bg.jpg]
[motors.stylemixthemes.com/boats/wp-content/themes/motors/assets/images/tmp/box_img_1_preview.png]
[motors.stylemixthemes.com/boats/wp-content/plugins/js_composer/assets/vc/alert.png]
[motors.stylemixthemes.com/boats/wp-content/cache/autoptimize/4/css/autoptimize_dde5c1c23c87726fc0b5e406bb1e1dc0.css]
[motors.stylemixthemes.com/boats/wp-content/cache/autoptimize/4/css/autoptimize_bde1cc9a85e5b95e2dc48e976f52a6c2.css]
[motors.stylemixthemes.com/boats/wp-json/oembed/1.0/embed0fa2.json]
[motors.stylemixthemes.com/boats/wp-json/oembed/1.0/embedb2dc]
[motors.stylemixthemes.com/boats/my-account/index.html]
[motors.stylemixthemes.com/boats/my-account/lost-password/index.html]
[motors.stylemixthemes.com/boats/wp-content/uploads/sites/4/2016/07/motors-boat-logo.svg]
[motors.stylemixthemes.com/boats/wp-json/oembed/1.0/embed3356.json]
[motors.stylemixthemes.com/boats/wp-json/oembed/1.0/embed11d4]
[motors.stylemixthemes.com/boats/cart/index.html]
[motors.stylemixthemes.com/boats/wp-json/oembed/1.0/embed1c41.json]
[motors.stylemixthemes.com/boats/wp-json/oembed/1.0/embed2b78]
[motors.stylemixthemes.com/boats/wp-content/uploads/sites/4/2016/07/banner-top.png]
[motors.stylemixthemes.com/boats/wp-content/uploads/sites/4/2015/09/ca_boats.png]
[motors.stylemixthemes.com/boats/listings/index.html]
[motors.stylemixthemes.com/boats/compare/index.html]
[motors.stylemixthemes.com/boats/wp-json/oembed/1.0/embeda0c1.json]
[motors.stylemixthemes.com/boats/wp-json/oembed/1.0/embedb282]
[motors.stylemixthemes.com/boats/wp-content/themes/pearl-child/assets/images/boats-placeholders/boats-250.png]
[motors.stylemixthemes.com/boats/wp-content/uploads/sites/4/2015/12/Fotolia_80097123_Subscription_Monthly_M-150x100.jpg]
[motors.stylemixthemes.com/boats/listings/bayliner-lp/index.html]
[motors.stylemixthemes.com/boats/wp-content/uploads/sites/4/2015/12/Fotolia_61269900_Subscription_Monthly_M-150x100.jpg]
[motors.stylemixthemes.com/boats/listings/bayliner/index.html]
[motors.stylemixthemes.com/boats/wp-content/uploads/sites/4/2015/12/Fotolia_71206777_Subscription_Monthly_M-150x100.jpg]
[motors.stylemixthemes.com/boats/listings/baycraft-mx/index.html]
[motors.stylemixthemes.com/boats/wp-content/cache/autoptimize/4/js/autoptimize_509c90669601fba23dd13999e6f5d608.js]
[motors.stylemixthemes.com/boats/listings/2003-alison/index.html]
[motors.stylemixthemes.com/boats/inventory/page/2/index.html]
[motors.stylemixthemes.com/boats/wp-content/uploads/sites/4/2016/07/banner-bottom-248x200.jpg]
[www.google.com/recaptcha/api2670.js]
[motors.stylemixthemes.com/boats/inventory/index.html]
[motors.stylemixthemes.com/boats/inventory/indexd93c.html]
[motors.stylemixthemes.com/boats/wp-content/cache/autoptimize/4/js/autoptimize_a9abb5e4ad5e7cae36dd231a45d8050a.js]
[motors.stylemixthemes.com/boats/inventory/index058f.html]
[motors.stylemixthemes.com/boats/wp-content/cache/autoptimize/4/css/autoptimize_713ea60a28312926ba6efc32f1d68112.css]
[motors.stylemixthemes.com/boats/inventory/index4c79.html]
[motors.stylemixthemes.com/boats/inventory/index06fb.html]
[motors.stylemixthemes.com/boats/wp-content/cache/autoptimize/4/js/autoptimize_58cbeac8268d6dbef14fcfc3cd9063e3.js]
[motors.stylemixthemes.com/boats/wp-content/uploads/sites/4/2015/12/Fotolia_38565902_Subscription_Monthly_M.jpg]
[motors.stylemixthemes.com/boats/inventory/indexcea1.html]
[motors.stylemixthemes.com/boats/wp-json/oembed/1.0/embeddf51.json]
[motors.stylemixthemes.com/boats/listings/2015-glastron-gt180br/feed/index.html]
[motors.stylemixthemes.com/boats/wp-json/oembed/1.0/embeda962]
[motors.stylemixthemes.com/boats/wp-content/uploads/sites/4/2015/12/Fotolia_38565902_Subscription_Monthly_M-1110x577.jpg]
[motors.stylemixthemes.com/boats/wp-content/uploads/sites/4/2015/12/Fotolia_91085024_Subscription_Monthly_XXL.jpg]
[motors.stylemixthemes.com/boats/inventory/page/2/indexd93c.html]
[motors.stylemixthemes.com/boats/wp-content/uploads/sites/4/2015/12/Fotolia_91085024_Subscription_Monthly_XXL-350x181.jpg]
[motors.stylemixthemes.com/boats/wp-content/uploads/sites/4/2015/12/Fotolia_71206777_Subscription_Monthly_M.jpg]
[motors.stylemixthemes.com/boats/wp-content/uploads/sites/4/2015/12/Fotolia_71206777_Subscription_Monthly_M-350x181.jpg]
[motors.stylemixthemes.com/boats/wp-content/uploads/sites/4/2015/12/Fotolia_61270557_Subscription_Monthly_XXL.jpg]
[motors.stylemixthemes.com/boats/wp-content/uploads/sites/4/2015/12/Fotolia_61270557_Subscription_Monthly_XXL-350x181.jpg]
[motors.stylemixthemes.com/boats/wp-content/uploads/sites/4/2015/12/Fotolia_61269900_Subscription_Monthly_M.jpg]
[motors.stylemixthemes.com/boats/wp-content/uploads/sites/4/2015/12/Fotolia_61269900_Subscription_Monthly_M-350x181.jpg]
[motors.stylemixthemes.com/boats/wp-content/uploads/sites/4/2015/12/Fotolia_55945449_Subscription_Monthly_M.jpg]
[motors.stylemixthemes.com/boats/wp-content/uploads/sites/4/2015/12/Fotolia_53243479_Subscription_Monthly_M.jpg]
[motors.stylemixthemes.com/boats/wp-content/uploads/sites/4/2015/12/Fotolia_53243479_Subscription_Monthly_M-350x181.jpg]
[motors.stylemixthemes.com/boats/wp-content/uploads/sites/4/2016/07/poster-798x436.jpg]
[motors.stylemixthemes.com/boats/wp-content/uploads/sites/4/2016/07/poster-350x205.jpg]
[motors.stylemixthemes.com/boats/wp-content/uploads/sites/4/2016/07/contact-1.jpg]
[motors.stylemixthemes.com/boats/wp-content/uploads/sites/4/2016/07/contact-2.jpg]
[motors.stylemixthemes.com/boats/wp-content/themes/motors/assets/images/radio.png]
[motors.stylemixthemes.com/boats/listings/2015-glastron-gt180br/index.html]
[motors.stylemixthemes.com/boats/wp-json/oembed/1.0/embed54c5.json]
[motors.stylemixthemes.com/boats/sell-a-boat/index.html]
[motors.stylemixthemes.com/boats/wp-json/oembed/1.0/embeddae7]
[motors.stylemixthemes.com/boats/blog/page/2/index.html]
[motors.stylemixthemes.com/boats/wp-content/uploads/sites/4/2015/11/blog_bg.jpg]
[motors.stylemixthemes.com/boats/wp-content/uploads/sites/4/2015/12/Fotolia_94397993_Subscription_Monthly_M-350x181.jpg]
[motors.stylemixthemes.com/boats/all-colors-trims-are-always-in-stock/index.html]
[motors.stylemixthemes.com/boats/wp-content/uploads/sites/4/2015/12/Fotolia_80097123_Subscription_Monthly_M-350x181.jpg]
[motors.stylemixthemes.com/boats/we-strive-to-deliver-a-superior-experience-with-motors-rock/index.html]
[motors.stylemixthemes.com/boats/wp-content/uploads/sites/4/2015/12/Fotolia_71597957_Subscription_Monthly_XXL-350x181.jpg]
[motors.stylemixthemes.com/boats/tap-yourself-on-the-back-for-being-a-savvy-car-shopper/index.html]
[motors.stylemixthemes.com/boats/wp-content/uploads/sites/4/2016/07/poster-350x181.jpg]
[motors.stylemixthemes.com/boats/nissan-vehicles-are-distributed-throughout-the-united-states/index.html]
[motors.stylemixthemes.com/boats/how-the-tesla-model-xs-falcon-doors-handle-a-tight-parking-space/index.html]
[motors.stylemixthemes.com/boats/tesla-says-reliability-problems-cut-in-half-after-consumer-reports-snub/index.html]
[motors.stylemixthemes.com/boats/blog/index.html]
[motors.stylemixthemes.com/boats/tag/autopilot/index.html]
[motors.stylemixthemes.com/boats/tag/awards/index.html]
[motors.stylemixthemes.com/boats/blog/index7f61.html]
[motors.stylemixthemes.com/boats/tag/dealer/index.html]
[motors.stylemixthemes.com/boats/tag/defr/index.html]
[motors.stylemixthemes.com/boats/tag/future/index.html]
[motors.stylemixthemes.com/boats/blog/indexbf19.html]
[motors.stylemixthemes.com/boats/tag/light/index.html]
[motors.stylemixthemes.com/boats/tag/management/index.html]
[motors.stylemixthemes.com/boats/tag/marketing-plan/index.html]
[motors.stylemixthemes.com/boats/wp-json/oembed/1.0/embed838d.json]
[motors.stylemixthemes.com/boats/tag/motors/index.html]
[motors.stylemixthemes.com/boats/tag/project/index.html]
[motors.stylemixthemes.com/boats/wp-json/oembed/1.0/embedaffd]
[motors.stylemixthemes.com/boats/tag/rock/index.html]
[motors.stylemixthemes.com/boats/wp-content/uploads/sites/4/2015/12/Fotolia_99648881_Subscription_Monthly_M-1024x682.jpg]
[motors.stylemixthemes.com/boats/tag/rock-2/index.html]
[motors.stylemixthemes.com/boats/tag/vehicles/index.html]
[motors.stylemixthemes.com/boats/wp-content/uploads/sites/4/2015/12/Fotolia_99648881_Subscription_Monthly_M-398x235.jpg]
[motors.stylemixthemes.com/boats/2015/12/index.html]
[motors.stylemixthemes.com/classified/wp-content/uploads/sites/2/2016/12/ava1-160x160-160x160.jpg]
[motors.stylemixthemes.com/boats/2015/11/index.html]
[motors.stylemixthemes.com/boats/wp-content/cache/autoptimize/4/js/autoptimize_1beaae777c57df98a7ba883a629010eb.js]
[motors.stylemixthemes.com/boats/teslas-autopilot-system-is-awesome-and-creepy-and-a-sign-of-a-beautiful-future/index.html]
[motors.stylemixthemes.com/boats/blog/indexa117.html]
[motors.stylemixthemes.com/boats/blog/page/2/indexbf19.html]
[motors.stylemixthemes.com/boats/teslas-autopilot-system-is-awesome-and-creepy-and-a-sign-of-a-beautiful-future/feed/index.html]
[motors.stylemixthemes.com/boats/wp-json/oembed/1.0/embed4cd3.json]
[motors.stylemixthemes.com/boats/wp-json/oembed/1.0/embedc4e7]
[motors.stylemixthemes.com/boats/category/motors/index.html]
[motors.stylemixthemes.com/boats/wp-content/uploads/sites/4/2015/12/Fotolia_80097123_Subscription_Monthly_M.jpg]
[motors.stylemixthemes.com/boats/category/tesla/index.html]
[motors.stylemixthemes.com/boats/wp-content/uploads/sites/4/2015/12/Fotolia_87701861_Subscription_Monthly_M.jpg]
[motors.stylemixthemes.com/boats/wp-content/cache/autoptimize/4/js/autoptimize_df34f93401149c9fa99a8a8c59c6a2fd.js]
[motors.stylemixthemes.com/boats/teslas-autopilot-system-is-awesome-and-creepy-and-a-sign-of-a-beautiful-future/index5a86.html]
[motors.stylemixthemes.com/boats/wp-content/uploads/sites/4/2015/12/Fotolia_87701861_Subscription_Monthly_M-150x100.jpg]
[motors.stylemixthemes.com/boats/teslas-autopilot-system-is-awesome-and-creepy-and-a-sign-of-a-beautiful-future/indexa82a.html]
[motors.stylemixthemes.com/boats/wp-content/uploads/sites/4/2015/12/Fotolia_91085024_Subscription_Monthly_XXL-150x100.jpg]
[motors.stylemixthemes.com/boats/teslas-autopilot-system-is-awesome-and-creepy-and-a-sign-of-a-beautiful-future/indexf970.html]
[motors.stylemixthemes.com/boats/wp-content/uploads/sites/4/2015/12/Fotolia_94397993_Subscription_Monthly_M.jpg]
[motors.stylemixthemes.com/boats/wp-content/cache/autoptimize/4/js/autoptimize_497fefe9b4c4ed6dcbb612a1782cf7dc.js]
[motors.stylemixthemes.com/boats/teslas-autopilot-system-is-awesome-and-creepy-and-a-sign-of-a-beautiful-future/index745d.html]
[motors.stylemixthemes.com/boats/wp-content/uploads/sites/4/2015/12/Fotolia_94397993_Subscription_Monthly_M-150x100.jpg]
[motors.stylemixthemes.com/boats/teslas-autopilot-system-is-awesome-and-creepy-and-a-sign-of-a-beautiful-future/index954a.html]
[motors.stylemixthemes.com/boats/wp-content/uploads/sites/4/2015/12/Fotolia_99648881_Subscription_Monthly_M.jpg]
[motors.stylemixthemes.com/boats/teslas-autopilot-system-is-awesome-and-creepy-and-a-sign-of-a-beautiful-future/indexfaf1.html]
[motors.stylemixthemes.com/boats/wp-content/uploads/sites/4/2015/12/Fotolia_71597957_Subscription_Monthly_XXL.jpg]
[motors.stylemixthemes.com/boats/teslas-autopilot-system-is-awesome-and-creepy-and-a-sign-of-a-beautiful-future/index1dff.html]
[motors.stylemixthemes.com/boats/wp-content/uploads/sites/4/2015/12/Fotolia_71597957_Subscription_Monthly_XXL-150x100.jpg]
[motors.stylemixthemes.com/boats/teslas-autopilot-system-is-awesome-and-creepy-and-a-sign-of-a-beautiful-future/index2320.html]
[motors.stylemixthemes.com/boats/wp-content/uploads/sites/4/2015/12/Fotolia_71206777_Subscription_Monthly_M-1110x577.jpg]
[motors.stylemixthemes.com/boats/motors-rock/feed/index.html]
[motors.stylemixthemes.com/boats/wp-content/uploads/sites/4/2015/12/Fotolia_111118092_Subscription_Monthly_XXL-1024x687.jpg]
[motors.stylemixthemes.com/boats/wp-content/uploads/sites/4/2015/12/Fotolia_111118092_Subscription_Monthly_XXL-398x235.jpg]
[motors.stylemixthemes.com/boats/motors-rock/index.html]
[motors.stylemixthemes.com/boats/wp-json/oembed/1.0/embed32c1.json]
[motors.stylemixthemes.com/boats/motors-rocks/feed/index.html]
[motors.stylemixthemes.com/boats/wp-json/oembed/1.0/embed90bf]
[motors.stylemixthemes.com/boats/wp-content/uploads/sites/4/2015/12/Fotolia_87701861_Subscription_Monthly_M-1110x577.jpg]
[motors.stylemixthemes.com/boats/wp-content/uploads/sites/4/2015/12/Fotolia_103102900_Subscription_Monthly_M-1024x682.jpg]
[motors.stylemixthemes.com/boats/wp-content/uploads/sites/4/2015/12/Fotolia_103102900_Subscription_Monthly_M-540x235.jpg]
[motors.stylemixthemes.com/boats/motors-rocks/index.html]
[motors.stylemixthemes.com/boats/wp-json/oembed/1.0/embed1bf7.json]
[motors.stylemixthemes.com/boats/wp-json/oembed/1.0/embed4e07]
[motors.stylemixthemes.com/boats/wp-content/uploads/sites/4/2015/11/filler0f70.jpg]
[motors.stylemixthemes.com/boats/wp-content/uploads/sites/4/2015/12/Fotolia_103102900_Subscription_Monthly_M-350x205.jpg]
[motors.stylemixthemes.com/boats/wp-content/uploads/sites/4/2015/12/Fotolia_71206777_Subscription_Monthly_M-1024x683.jpg]
[motors.stylemixthemes.com/boats/wp-content/uploads/sites/4/2015/12/Fotolia_71206777_Subscription_Monthly_M-350x205.jpg]
[motors.stylemixthemes.com/boats/service/index.html]
[motors.stylemixthemes.com/boats/wp-json/oembed/1.0/embedc4cc.json]
[motors.stylemixthemes.com/boats/wp-json/oembed/1.0/embeda1c9]
[motors.stylemixthemes.com/boats/wp-content/uploads/sites/4/2015/12/Fotolia_53243479_Subscription_Monthly_M-1024x681.jpg]
[motors.stylemixthemes.com/boats/wp-content/uploads/sites/4/2015/12/Fotolia_38565902_Subscription_Monthly_M-1024x682.jpg]
[motors.stylemixthemes.com/boats/wp-content/uploads/sites/4/2015/12/Fotolia_94397993_Subscription_Monthly_M-270x180.jpg]
[motors.stylemixthemes.com/boats/wp-content/uploads/sites/4/2015/12/Fotolia_111118092_Subscription_Monthly_XXL.jpg]
[motors.stylemixthemes.com/boats/wp-content/uploads/sites/4/2015/12/Fotolia_111118092_Subscription_Monthly_XXL-270x180.jpg]
[motors.stylemixthemes.com/boats/wp-content/uploads/sites/4/2015/12/Fotolia_103102900_Subscription_Monthly_M.jpg]
[motors.stylemixthemes.com/boats/wp-content/uploads/sites/4/2015/12/Fotolia_103102900_Subscription_Monthly_M-270x180.jpg]
[motors.stylemixthemes.com/boats/wp-content/uploads/sites/4/2015/12/Fotolia_99648881_Subscription_Monthly_M-270x180.jpg]
[motors.stylemixthemes.com/boats/wp-content/uploads/sites/4/2015/12/Fotolia_91085024_Subscription_Monthly_XXL-270x180.jpg]
[motors.stylemixthemes.com/boats/wp-content/uploads/sites/4/2015/12/Fotolia_87701861_Subscription_Monthly_M-270x180.jpg]
[motors.stylemixthemes.com/boats/wp-content/uploads/sites/4/2015/10/testimonials.jpg]
[motors.stylemixthemes.com/boats/wp-content/uploads/sites/4/2015/10/about-us-1-213x142.jpg]
[motors.stylemixthemes.com/boats/wp-content/uploads/sites/4/2015/10/4-2.jpg]
[motors.stylemixthemes.com/boats/wp-content/uploads/sites/4/2015/10/2_.jpg]
[motors.stylemixthemes.com/boats/wp-content/uploads/sites/4/2015/10/3.jpg]
[motors.stylemixthemes.com/boats/wp-content/uploads/sites/4/2015/10/1.jpg]
[motors.stylemixthemes.com/boats/about-us/index.html]
[motors.stylemixthemes.com/boats/wp-json/oembed/1.0/embed915c.json]
[motors.stylemixthemes.com/boats/wp-json/oembed/1.0/embede712]
[motors.stylemixthemes.com/boats/wp-content/uploads/sites/4/2016/07/banner-bottom.jpg]
[motors.stylemixthemes.com/boats/wp-content/uploads/sites/4/2016/07/poster-253x206.jpg]
[motors.stylemixthemes.com/boats/auto-loan-calculator/index.html]
[motors.stylemixthemes.com/boats/wp-content/cache/autoptimize/4/css/autoptimize_2d73b19b4878b19567f7fe3c1133a50d.css]
[motors.stylemixthemes.com/boats/wp-content/uploads/sites/4/2015/09/shop_bg.jpg]
[motors.stylemixthemes.com/boats/shop/page/2/index.html]
[motors.stylemixthemes.com/boats/shop/feed/index.html]
[motors.stylemixthemes.com/boats/wp-content/uploads/sites/4/2013/06/Fotolia_49659674_Subscription_Monthly_M-300x300.jpg]
[motors.stylemixthemes.com/boats/wp-content/uploads/sites/4/2013/06/Fotolia_80216717_Subscription_Monthly_M-300x300.jpg]
[motors.stylemixthemes.com/boats/shop/parts/air-filter/index.html]
[motors.stylemixthemes.com/boats/shop/indexb101.html]
[motors.stylemixthemes.com/boats/wp-content/uploads/sites/4/2013/06/Fotolia_71447786_Subscription_Monthly_M-300x300.jpg]
[motors.stylemixthemes.com/boats/wp-content/uploads/sites/4/2013/06/Fotolia_85125432_Subscription_Monthly_M-300x300.jpg]
[motors.stylemixthemes.com/boats/shop/parts/woo-logo/index.html]
[motors.stylemixthemes.com/boats/wp-content/uploads/sites/4/2013/06/Fotolia_51963161_Subscription_Monthly_M-300x300.jpg]
[motors.stylemixthemes.com/boats/shop/index0865.html]
[motors.stylemixthemes.com/boats/wp-content/uploads/sites/4/2013/06/Fotolia_86290817_Subscription_Monthly_M-300x300.jpg]
[motors.stylemixthemes.com/boats/shop/exterior/car-brush/index.html]
[motors.stylemixthemes.com/boats/shop/interior/premium-quality/index.html]
[motors.stylemixthemes.com/boats/wp-content/uploads/sites/4/2013/06/Fotolia_73433899_Subscription_Monthly_M-300x300.jpg]
[motors.stylemixthemes.com/boats/shop/indexb522.html]
[motors.stylemixthemes.com/boats/shop/index0432.html]
[motors.stylemixthemes.com/boats/wp-content/cache/autoptimize/4/js/autoptimize_95b00a170aaa9f1385468a42fbb3e339.js]
[motors.stylemixthemes.com/boats/shop/exterior/car-wheel-r18/index.html]
[motors.stylemixthemes.com/boats/shop/index7c8e.html]
[motors.stylemixthemes.com/boats/wp-content/uploads/sites/4/2013/06/Fotolia_96481062_Subscription_Monthly_M-300x300.jpg]
[motors.stylemixthemes.com/boats/shop/parts/ship-your-idea/index.html]
[motors.stylemixthemes.com/boats/shop/wheels/ninja-rims-r20/index.html]
[motors.stylemixthemes.com/boats/shop/index047b.html]
[motors.stylemixthemes.com/boats/wp-content/uploads/sites/4/2013/06/Fotolia_55738797_Subscription_Monthly_M-300x300.jpg]
[motors.stylemixthemes.com/boats/shop/interior/ninja-silhouette/index.html]
[motors.stylemixthemes.com/boats/shop/index8254.html]
[motors.stylemixthemes.com/boats/wp-content/uploads/sites/4/2013/06/Fotolia_76850424_Subscription_Monthly_M-300x300.jpg]
[motors.stylemixthemes.com/boats/shop/index3f1f.html]
[motors.stylemixthemes.com/boats/shop/parts/oil-filter/index.html]
[motors.stylemixthemes.com/boats/wp-content/uploads/sites/4/2013/06/Fotolia_62895487_Subscription_Monthly_M-300x300.jpg]
[motors.stylemixthemes.com/boats/shop/index5fd6.html]
[motors.stylemixthemes.com/boats/shop/wheels/pirelli-tires-r20/index.html]
[motors.stylemixthemes.com/boats/shop/index741e.html]
[motors.stylemixthemes.com/boats/wp-content/uploads/sites/4/2013/06/steering-300x300.jpg]
[motors.stylemixthemes.com/boats/shop/exterior/singles/custom-spark-plug/index.html]
[motors.stylemixthemes.com/boats/wp-content/uploads/sites/4/2013/06/Fotolia_91869531_Subscription_Monthly_M-180x180.jpg]
[motors.stylemixthemes.com/boats/shop/index31e3.html]
[motors.stylemixthemes.com/boats/shop/interior/woo-ninja/index.html]
[motors.stylemixthemes.com/boats/product-category/exterior/index.html]
[motors.stylemixthemes.com/boats/shop/indexa07a.html]
[motors.stylemixthemes.com/boats/wp-content/uploads/sites/4/2013/06/Fotolia_96481062_Subscription_Monthly_M-180x180.jpg]
[motors.stylemixthemes.com/boats/product-category/exterior/singles/index.html]
[motors.stylemixthemes.com/boats/wp-content/uploads/sites/4/2013/06/Fotolia_85125432_Subscription_Monthly_M-180x180.jpg]
[motors.stylemixthemes.com/boats/product-category/interior/accessories/index.html]
[motors.stylemixthemes.com/boats/product-category/interior/index.html]
[motors.stylemixthemes.com/boats/product-category/interior/sound/index.html]
[motors.stylemixthemes.com/boats/shop/index.html]
[motors.stylemixthemes.com/boats/product-category/oil/index.html]
[motors.stylemixthemes.com/boats/product-category/parts/index.html]
[motors.stylemixthemes.com/boats/product-category/wheels/index.html]
[motors.stylemixthemes.com/boats/shop/interior/happy-ninja/index.html]
[motors.stylemixthemes.com/boats/wp-json/oembed/1.0/embed0ceb.json]
[motors.stylemixthemes.com/boats/typography/index.html]
[motors.stylemixthemes.com/boats/wp-json/oembed/1.0/embed479a]
[motors.stylemixthemes.com/boats/wp-json/oembed/1.0/embed4c5d.json]
[motors.stylemixthemes.com/boats/wp-json/oembed/1.0/embeda8f2]
[motors.stylemixthemes.com/boats/coming-soon/index.html]
[motors.stylemixthemes.com/boats/404-error-page.html]
[motors.stylemixthemes.com/boats/wp-json/oembed/1.0/embed2051.json]
[motors.stylemixthemes.com/boats/contact-us/index.html]
[motors.stylemixthemes.com/boats/wp-json/oembed/1.0/embed9f79]
[motors.stylemixthemes.com/boats/wp-json/oembed/1.0/embeded03.json]
[motors.stylemixthemes.com/boats/listings/alison-premium/feed/index.html]
[motors.stylemixthemes.com/boats/wp-json/oembed/1.0/embed2aa2]
[motors.stylemixthemes.com/boats/wp-content/uploads/sites/4/2015/12/Fotolia_80097123_Subscription_Monthly_M-1110x577.jpg]
[motors.stylemixthemes.com/boats/wp-content/cache/autoptimize/4/js/autoptimize_51034490de1439926e67abcdd86d3c21.js]
[motors.stylemixthemes.com/boats/wp-content/uploads/sites/4/2015/12/Fotolia_87701861_Subscription_Monthly_M-350x181.jpg]
[motors.stylemixthemes.com/boats/wp-content/uploads/sites/4/2015/12/Fotolia_87701861_Subscription_Monthly_M-798x466.jpg]
[motors.stylemixthemes.com/boats/wp-content/cache/autoptimize/4/js/autoptimize_e1745ec62cd21006746a38cd9e020066.js]
[motors.stylemixthemes.com/boats/wp-content/uploads/sites/4/2015/12/Fotolia_111118092_Subscription_Monthly_XXL-798x466.jpg]
[motors.stylemixthemes.com/boats/wp-content/uploads/sites/4/2015/12/Fotolia_55945449_Subscription_Monthly_M-798x466.jpg]
[motors.stylemixthemes.com/boats/wp-content/uploads/sites/4/2015/12/Fotolia_38565902_Subscription_Monthly_M-798x466.jpg]
[motors.stylemixthemes.com/boats/wp-content/cache/autoptimize/4/js/autoptimize_c63745933166afea6f256bc37a2da5be.js]
[motors.stylemixthemes.com/boats/wp-content/uploads/sites/4/2015/12/Fotolia_87701861_Subscription_Monthly_M-350x205.jpg]
[motors.stylemixthemes.com/boats/wp-content/uploads/sites/4/2015/12/Fotolia_111118092_Subscription_Monthly_XXL-350x205.jpg]
[motors.stylemixthemes.com/boats/wp-content/uploads/sites/4/2015/12/Fotolia_55945449_Subscription_Monthly_M-350x205.jpg]
[motors.stylemixthemes.com/boats/wp-content/uploads/sites/4/2015/12/Fotolia_38565902_Subscription_Monthly_M-350x205.jpg]
[motors.stylemixthemes.com/boats/listings/alison-premium/index.html]
[motors.stylemixthemes.com/boats/inventory/index8d51.html]
[motors.stylemixthemes.com/boats/wp-content/uploads/sites/4/2016/07/boat-1.svg]
[motors.stylemixthemes.com/boats/inventory/index105e.html]
[motors.stylemixthemes.com/boats/wp-content/uploads/sites/4/2016/07/canoe-1.svg]
[motors.stylemixthemes.com/boats/inventory/index5b78.html]
[motors.stylemixthemes.com/boats/wp-content/uploads/sites/4/2016/07/dinghy-1.svg]
[motors.stylemixthemes.com/boats/inventory/index6329.html]
[motors.stylemixthemes.com/boats/wp-content/uploads/sites/4/2016/07/jet-sky-1.svg]
[motors.stylemixthemes.com/boats/inventory/index1834.html]
[motors.stylemixthemes.com/boats/wp-content/uploads/sites/4/2016/07/sailboat-1.svg]
[motors.stylemixthemes.com/boats/inventory/index613d.html]
[motors.stylemixthemes.com/boats/wp-content/uploads/sites/4/2016/07/yacht-1.svg]
[motors.stylemixthemes.com/boats/wp-json/oembed/1.0/embed3493.json]
[motors.stylemixthemes.com/boats/listings/alison-pk/feed/index.html]
[motors.stylemixthemes.com/boats/listings/glastron-st/index.html]
[motors.stylemixthemes.com/boats/wp-json/oembed/1.0/embed1ccb]
[motors.stylemixthemes.com/boats/wp-content/uploads/sites/4/2015/12/Fotolia_61269900_Subscription_Monthly_M-1110x577.jpg]
[motors.stylemixthemes.com/boats/listings/alison-pk/index.html]
[motors.stylemixthemes.com/boats/listings/baycraft-md/feed/index.html]
[motors.stylemixthemes.com/boats/wp-json/oembed/1.0/embed78a6.json]
[motors.stylemixthemes.com/boats/wp-json/oembed/1.0/embedb9f8]
[motors.stylemixthemes.com/boats/wp-content/uploads/sites/4/2015/12/Fotolia_103102900_Subscription_Monthly_M-350x181.jpg]
[motors.stylemixthemes.com/boats/wp-content/uploads/sites/4/2016/07/poster.jpg]
[motors.stylemixthemes.com/boats/wp-content/uploads/sites/4/2015/12/Fotolia_94397993_Subscription_Monthly_M-798x466.jpg]
[motors.stylemixthemes.com/boats/wp-content/uploads/sites/4/2015/12/Fotolia_91085024_Subscription_Monthly_XXL-798x466.jpg]
[motors.stylemixthemes.com/boats/wp-content/uploads/sites/4/2015/12/Fotolia_71597957_Subscription_Monthly_XXL-798x466.jpg]
[motors.stylemixthemes.com/boats/wp-content/uploads/sites/4/2015/12/Fotolia_61269900_Subscription_Monthly_M-798x466.jpg]
[motors.stylemixthemes.com/boats/wp-content/uploads/sites/4/2015/12/Fotolia_94397993_Subscription_Monthly_M-350x205.jpg]
[motors.stylemixthemes.com/boats/wp-content/uploads/sites/4/2015/12/Fotolia_91085024_Subscription_Monthly_XXL-350x205.jpg]
[motors.stylemixthemes.com/boats/wp-content/uploads/sites/4/2015/12/Fotolia_80097123_Subscription_Monthly_M-350x205.jpg]
[motors.stylemixthemes.com/boats/wp-content/uploads/sites/4/2015/12/Fotolia_71597957_Subscription_Monthly_XXL-350x205.jpg]
[motors.stylemixthemes.com/boats/wp-content/uploads/sites/4/2015/12/Fotolia_61269900_Subscription_Monthly_M-350x205.jpg]
[motors.stylemixthemes.com/boats/listings/baycraft-md/index.html]
[motors.stylemixthemes.com/boats/wp-json/oembed/1.0/embed079a.json]
[motors.stylemixthemes.com/boats/listings/baycraft-po/feed/index.html]
[motors.stylemixthemes.com/boats/wp-json/oembed/1.0/embed3799]
[motors.stylemixthemes.com/boats/wp-content/uploads/sites/4/2015/12/Fotolia_61270557_Subscription_Monthly_XXL-1110x577.jpg]
[motors.stylemixthemes.com/boats/listings/baycraft-po/index.html]
[motors.stylemixthemes.com/boats/wp-json/oembed/1.0/embedd221.json]
[motors.stylemixthemes.com/boats/tap-yourself/feed/index.html]
[motors.stylemixthemes.com/boats/tap-yourself/index.html]
[motors.stylemixthemes.com/boats/wp-json/oembed/1.0/embed05b3]
[motors.stylemixthemes.com/boats/wp-json/oembed/1.0/embede0fb.json]
[motors.stylemixthemes.com/boats/category/uncategorized/index.html]
[motors.stylemixthemes.com/boats/how-the-new-mercedes-benz-sls-amg-on-the-track/feed/index.html]
[motors.stylemixthemes.com/boats/wp-json/oembed/1.0/embed678d]
[motors.stylemixthemes.com/boats/how-the-new-mercedes-benz-sls-amg-on-the-track/index.html]
[motors.stylemixthemes.com/boats/wp-json/oembed/1.0/embedfd2e.json]
[motors.stylemixthemes.com/boats/we-believe-the-cars-we-offer-are-the-highest-quality/feed/index.html]
[motors.stylemixthemes.com/boats/wp-json/oembed/1.0/embed8472]
[motors.stylemixthemes.com/boats/we-believe-the-cars-we-offer-are-the-highest-quality/index.html]
[motors.stylemixthemes.com/boats/wp-admin/admin-ajax.html]
[motors.stylemixthemes.com/boats/wp-content/plugins/stm_vehicles_listing/assets/css/frontend/owl.video.play.html]
[motors.stylemixthemes.com/boats/wp-content/themes/motors/assets/fonts/glyphicons-halflings-regular.html]
[motors.stylemixthemes.com/boats/wp-content/cache/autoptimize/4/css/autoptimize_bde1cc9a85e5b95e2dc48e976f52a6c2.css]
[motors.stylemixthemes.com/boats/index2cf9.html]
[motors.stylemixthemes.com/boats/my-account/lost-password/index.html]
[motors.stylemixthemes.com/boats/index0345.html]
[motors.stylemixthemes.com/boats/indexd1a7.html]
[motors.stylemixthemes.com/boats/wp-content/themes/pearl-child/assets/images/compare-empty.html]
[motors.stylemixthemes.com/boats/listings/index.html]
[motors.stylemixthemes.com/boats/index071d.html]
[motors.stylemixthemes.com/boats/listings/bayliner-lp/feed/index.html]
[motors.stylemixthemes.com/boats/wp-json/oembed/1.0/embed2ca2.json]
[motors.stylemixthemes.com/boats/wp-json/oembed/1.0/embed1798]
[motors.stylemixthemes.com/boats/listings/page/2/index.html]
[motors.stylemixthemes.com/boats/wp-content/uploads/sites/4/2015/12/Fotolia_71597957_Subscription_Monthly_XXL-1110x577.jpg]
[motors.stylemixthemes.com/boats/wp-content/uploads/sites/4/2016/07/single-boat.jpg]
[motors.stylemixthemes.com/boats/wp-content/uploads/sites/4/2016/07/single-boat-350x181.jpg]
[motors.stylemixthemes.com/boats/listings/bayliner-lp/index.html]
[motors.stylemixthemes.com/boats/wp-json/oembed/1.0/embed8484.json]
[motors.stylemixthemes.com/boats/listings/bayliner/feed/index.html]
[motors.stylemixthemes.com/boats/wp-json/oembed/1.0/embed82e2]
[motors.stylemixthemes.com/boats/listings/bayliner/index.html]
[motors.stylemixthemes.com/boats/wp-json/oembed/1.0/embed50f2.json]
[motors.stylemixthemes.com/boats/listings/baycraft-mx/feed/index.html]
[motors.stylemixthemes.com/boats/wp-json/oembed/1.0/embedb7c9]
[motors.stylemixthemes.com/boats/wp-content/uploads/sites/4/2015/12/Fotolia_111118092_Subscription_Monthly_XXL-1110x577.jpg]
[motors.stylemixthemes.com/boats/listings/baycraft-mx/index.html]
[motors.stylemixthemes.com/boats/wp-json/oembed/1.0/embedf961.json]
[motors.stylemixthemes.com/boats/listings/2003-alison/feed/index.html]
[motors.stylemixthemes.com/boats/wp-json/oembed/1.0/embed52cb]
[motors.stylemixthemes.com/boats/wp-content/uploads/sites/4/2015/12/Fotolia_103102900_Subscription_Monthly_M-1110x577.jpg]
[motors.stylemixthemes.com/boats/listings/2003-alison/index.html]
[motors.stylemixthemes.com/boats/inventory/page/2/index.html]
[motors.stylemixthemes.com/boats/inventory/index058f.html]
[motors.stylemixthemes.com/boats/inventory/page/2/index058f.html]
[motors.stylemixthemes.com/boats/inventory/index4c79.html]
[motors.stylemixthemes.com/boats/inventory/index06fb.html]
[motors.stylemixthemes.com/boats/inventory/indexcea1.html]
[motors.stylemixthemes.com/boats/inventory/page/2/indexd93c.html]
[motors.stylemixthemes.com/boats/wp-content/cache/autoptimize/4/css/autoptimize_713ea60a28312926ba6efc32f1d68112.css]
[motors.stylemixthemes.com/boats/index133c.html]
[motors.stylemixthemes.com/boats/indexe006.html]
[motors.stylemixthemes.com/boats/wp-content/uploads/sites/4/2015/12/Fotolia_38565902_Subscription_Monthly_M-350x181.jpg]
[motors.stylemixthemes.com/boats/wp-content/cache/autoptimize/4/js/autoptimize_0cca57927d56a2f85643e53bb74be9d8.js]
[motors.stylemixthemes.com/boats/blog/page/2/index.html]
[motors.stylemixthemes.com/boats/post-format-video/index.html]
[motors.stylemixthemes.com/boats/wp-json/oembed/1.0/embed18c1.json]
[motors.stylemixthemes.com/boats/all-colors-trims-are-always-in-stock/feed/index.html]
[motors.stylemixthemes.com/boats/wp-json/oembed/1.0/embed3907]
[motors.stylemixthemes.com/boats/wp-content/uploads/sites/4/2015/12/Fotolia_94397993_Subscription_Monthly_M-1110x577.jpg]
[motors.stylemixthemes.com/boats/wp-content/uploads/sites/4/2015/12/Fotolia_61270557_Subscription_Monthly_XXL-1024x682.jpg]
[motors.stylemixthemes.com/boats/wp-content/uploads/sites/4/2015/12/Fotolia_61270557_Subscription_Monthly_XXL-398x235.jpg]
[motors.stylemixthemes.com/boats/all-colors-trims-are-always-in-stock/index.html]
[motors.stylemixthemes.com/boats/wp-json/oembed/1.0/embed4898.json]
[motors.stylemixthemes.com/boats/we-strive-to-deliver-a-superior-experience-with-motors-rock/feed/index.html]
[motors.stylemixthemes.com/boats/wp-json/oembed/1.0/embedb76b]
[motors.stylemixthemes.com/boats/wp-content/uploads/sites/4/2016/07/single-boat-398x235.jpg]
[motors.stylemixthemes.com/boats/we-strive-to-deliver-a-superior-experience-with-motors-rock/index.html]
[motors.stylemixthemes.com/boats/wp-json/oembed/1.0/embed9f8e.json]
[motors.stylemixthemes.com/boats/tap-yourself-on-the-back-for-being-a-savvy-car-shopper/feed/index.html]
[motors.stylemixthemes.com/boats/wp-json/oembed/1.0/embedc428]
[motors.stylemixthemes.com/boats/wp-content/uploads/sites/4/2015/12/Fotolia_91085024_Subscription_Monthly_XXL-1110x577.jpg]
[motors.stylemixthemes.com/boats/wp-content/uploads/sites/4/2016/07/poster-540x235.jpg]
[motors.stylemixthemes.com/boats/tap-yourself-on-the-back-for-being-a-savvy-car-shopper/index.html]
[motors.stylemixthemes.com/boats/wp-json/oembed/1.0/embed6239.json]
[motors.stylemixthemes.com/boats/nissan-vehicles-are-distributed-throughout-the-united-states/feed/index.html]
[motors.stylemixthemes.com/boats/wp-json/oembed/1.0/embed249d]
[motors.stylemixthemes.com/boats/wp-content/uploads/sites/4/2015/12/Fotolia_87701861_Subscription_Monthly_M-1024x682.jpg]
[motors.stylemixthemes.com/boats/wp-content/uploads/sites/4/2015/12/Fotolia_87701861_Subscription_Monthly_M-398x235.jpg]
[motors.stylemixthemes.com/boats/nissan-vehicles-are-distributed-throughout-the-united-states/index.html]
[motors.stylemixthemes.com/boats/wp-json/oembed/1.0/embed73e4.json]
[motors.stylemixthemes.com/boats/how-the-tesla-model-xs-falcon-doors-handle-a-tight-parking-space/feed/index.html]
[motors.stylemixthemes.com/boats/wp-json/oembed/1.0/embeda46a]
[motors.stylemixthemes.com/boats/how-the-tesla-model-xs-falcon-doors-handle-a-tight-parking-space/index.html]
[motors.stylemixthemes.com/boats/wp-json/oembed/1.0/embed50ed.json]
[motors.stylemixthemes.com/boats/tesla-says-reliability-problems-cut-in-half-after-consumer-reports-snub/feed/index.html]
[motors.stylemixthemes.com/boats/wp-json/oembed/1.0/embedc6dc]
[motors.stylemixthemes.com/boats/wp-content/uploads/sites/4/2015/12/Fotolia_91085024_Subscription_Monthly_XXL-1024x682.jpg]
[motors.stylemixthemes.com/boats/wp-content/uploads/sites/4/2015/12/Fotolia_91085024_Subscription_Monthly_XXL-398x235.jpg]
[motors.stylemixthemes.com/boats/tesla-says-reliability-problems-cut-in-half-after-consumer-reports-snub/index.html]
[motors.stylemixthemes.com/boats/tag/autopilot/index.html]
[motors.stylemixthemes.com/boats/tag/autopilot/feed/index.html]
[motors.stylemixthemes.com/boats/tag/awards/index.html]
[motors.stylemixthemes.com/boats/tag/dealer/index.html]
[motors.stylemixthemes.com/boats/tag/awards/feed/index.html]
[motors.stylemixthemes.com/boats/tag/dealer/feed/index.html]
[motors.stylemixthemes.com/boats/tag/defr/index.html]
[motors.stylemixthemes.com/boats/tag/future/index.html]
[motors.stylemixthemes.com/boats/tag/defr/feed/index.html]
[motors.stylemixthemes.com/boats/tag/light/index.html]
[motors.stylemixthemes.com/boats/tag/future/feed/index.html]
[motors.stylemixthemes.com/boats/tag/light/feed/index.html]
[motors.stylemixthemes.com/boats/tag/management/index.html]
[motors.stylemixthemes.com/boats/tag/marketing-plan/index.html]
[motors.stylemixthemes.com/boats/tag/management/feed/index.html]
[motors.stylemixthemes.com/boats/tag/marketing-plan/feed/index.html]
[motors.stylemixthemes.com/boats/tag/motors/index.html]
[motors.stylemixthemes.com/boats/tag/project/index.html]
[motors.stylemixthemes.com/boats/tag/motors/feed/index.html]
[motors.stylemixthemes.com/boats/tag/rock/index.html]
[motors.stylemixthemes.com/boats/tag/project/feed/index.html]
[motors.stylemixthemes.com/boats/tag/rock-2/index.html]
[motors.stylemixthemes.com/boats/tag/rock/feed/index.html]
[motors.stylemixthemes.com/boats/tag/rock-2/feed/index.html]
[motors.stylemixthemes.com/boats/tag/vehicles/index.html]
[motors.stylemixthemes.com/boats/2015/12/index.html]
[motors.stylemixthemes.com/boats/2015/11/index.html]
[motors.stylemixthemes.com/boats/blog/indexa117.html]
[motors.stylemixthemes.com/boats/blog/page/2/indexbf19.html]
[motors.stylemixthemes.com/boats/index6ade.html]
[motors.stylemixthemes.com/boats/category/motors/index.html]
[motors.stylemixthemes.com/boats/tag/vehicles/feed/index.html]
[motors.stylemixthemes.com/boats/category/tesla/index.html]
[motors.stylemixthemes.com/boats/blog/page/2/indexf3c1.html]
[motors.stylemixthemes.com/boats/teslas-autopilot-system-is-awesome-and-creepy-and-a-sign-of-a-beautiful-future/index5a86.html]
[motors.stylemixthemes.com/boats/teslas-autopilot-system-is-awesome-and-creepy-and-a-sign-of-a-beautiful-future/indexa82a.html]
[motors.stylemixthemes.com/boats/category/motors/page/2/index.html]
[motors.stylemixthemes.com/boats/teslas-autopilot-system-is-awesome-and-creepy-and-a-sign-of-a-beautiful-future/indexf970.html]
[motors.stylemixthemes.com/boats/teslas-autopilot-system-is-awesome-and-creepy-and-a-sign-of-a-beautiful-future/index745d.html]
[motors.stylemixthemes.com/boats/teslas-autopilot-system-is-awesome-and-creepy-and-a-sign-of-a-beautiful-future/index954a.html]
[motors.stylemixthemes.com/boats/category/motors/feed/index.html]
[motors.stylemixthemes.com/boats/teslas-autopilot-system-is-awesome-and-creepy-and-a-sign-of-a-beautiful-future/indexfaf1.html]
[motors.stylemixthemes.com/boats/teslas-autopilot-system-is-awesome-and-creepy-and-a-sign-of-a-beautiful-future/index1dff.html]
[motors.stylemixthemes.com/boats/category/tesla/feed/index.html]
[motors.stylemixthemes.com/boats/teslas-autopilot-system-is-awesome-and-creepy-and-a-sign-of-a-beautiful-future/index2320.html]
[motors.stylemixthemes.com/boats/index030b.html]
[motors.stylemixthemes.com/boats/index21fd.html]
[motors.stylemixthemes.com/boats/index4cfb.html]
[motors.stylemixthemes.com/boats/index12d0.html]
[motors.stylemixthemes.com/boats/indexdf27.html]
[motors.stylemixthemes.com/boats/wp-content/cache/autoptimize/4/css/autoptimize_2d73b19b4878b19567f7fe3c1133a50d.css]
[motors.stylemixthemes.com/boats/wp-content/uploads/sites/4/2013/06/Fotolia_60790408_Subscription_Monthly_M-300x300.jpg]
[motors.stylemixthemes.com/boats/shop/interior/sound/syntetic-oil-5w-40/index.html]
[motors.stylemixthemes.com/boats/wp-content/uploads/sites/4/2013/06/Fotolia_56282843_Subscription_Monthly_M-300x300.jpg]
[motors.stylemixthemes.com/boats/wp-content/uploads/sites/4/2013/06/Fotolia_91869531_Subscription_Monthly_M-300x300.jpg]
[motors.stylemixthemes.com/boats/shop/page/2/indexcf52.html]
[motors.stylemixthemes.com/boats/shop/page/2/index.html]
[motors.stylemixthemes.com/boats/shop/parts/synthetic-oil-filter/index.html]
[motors.stylemixthemes.com/boats/shop/page/2/index7091.html]
[motors.stylemixthemes.com/boats/shop/page/2/indexeea2.html]
[motors.stylemixthemes.com/boats/wp-content/uploads/sites/4/2013/06/Fotolia_49659674_Subscription_Monthly_M.jpg]
[motors.stylemixthemes.com/boats/wp-content/cache/autoptimize/4/css/autoptimize_08bc63545b5790620a5121231bdd6ec7.css]
[motors.stylemixthemes.com/boats/wp-json/oembed/1.0/embed1b45.json]
[motors.stylemixthemes.com/boats/shop/parts/air-filter/feed/index.html]
[motors.stylemixthemes.com/boats/wp-json/oembed/1.0/embedb324]
[motors.stylemixthemes.com/boats/wp-content/uploads/sites/4/2013/06/Fotolia_49659674_Subscription_Monthly_M-600x600.jpg]
[motors.stylemixthemes.com/boats/wp-content/uploads/sites/4/2013/06/T_1_front.jpg]
[motors.stylemixthemes.com/boats/wp-content/uploads/sites/4/2013/06/T_1_front-600x600.jpg]
[motors.stylemixthemes.com/boats/wp-content/uploads/sites/4/2013/06/T_2_front.jpg]
[motors.stylemixthemes.com/boats/wp-content/uploads/sites/4/2013/06/T_2_front-600x600.jpg]
[motors.stylemixthemes.com/boats/wp-content/uploads/sites/4/2013/06/T_2_back.jpg]
[motors.stylemixthemes.com/boats/wp-content/uploads/sites/4/2013/06/T_2_back-600x600.jpg]
[motors.stylemixthemes.com/boats/shop/parts/air-filter/index.html]
[motors.stylemixthemes.com/boats/shop/indexb101.html]
[motors.stylemixthemes.com/boats/product-tag/dealership/index.html]
[motors.stylemixthemes.com/boats/product-tag/motors/index.html]
[motors.stylemixthemes.com/boats/product-tag/parts/index.html]
[motors.stylemixthemes.com/boats/shop/parts/air-filter/index5fd6.html]
[motors.stylemixthemes.com/boats/wp-content/uploads/sites/4/2013/06/Fotolia_80216717_Subscription_Monthly_M.jpg]
[motors.stylemixthemes.com/boats/shop/parts/air-filter/index7091.html]
[motors.stylemixthemes.com/boats/shop/parts/air-filter/index0432.html]
[motors.stylemixthemes.com/boats/shop/page/2/indexb101.html]
[motors.stylemixthemes.com/boats/wp-json/oembed/1.0/embed7f52.json]
[motors.stylemixthemes.com/boats/shop/parts/woo-logo/feed/index.html]
[motors.stylemixthemes.com/boats/wp-json/oembed/1.0/embed4523]
[motors.stylemixthemes.com/boats/wp-content/uploads/sites/4/2013/06/Fotolia_80216717_Subscription_Monthly_M-600x600.jpg]
[motors.stylemixthemes.com/boats/shop/parts/woo-logo/index.html]
[motors.stylemixthemes.com/boats/shop/parts/woo-logo/index741e.html]
[motors.stylemixthemes.com/boats/shop/parts/woo-logo/index0432.html]
[motors.stylemixthemes.com/boats/shop/index0865.html]
[motors.stylemixthemes.com/boats/shop/parts/woo-logo/indexb101.html]
[motors.stylemixthemes.com/boats/wp-content/uploads/sites/4/2013/06/Fotolia_71447786_Subscription_Monthly_M.jpg]
[motors.stylemixthemes.com/boats/shop/page/2/index0865.html]
[motors.stylemixthemes.com/boats/wp-json/oembed/1.0/embed4a51.json]
[motors.stylemixthemes.com/boats/shop/exterior/car-brush/feed/index.html]
[motors.stylemixthemes.com/boats/wp-json/oembed/1.0/embedab3a]
[motors.stylemixthemes.com/boats/shop/exterior/car-brush/index.html]
[motors.stylemixthemes.com/boats/shop/exterior/car-brush/index0865.html]
[motors.stylemixthemes.com/boats/shop/index0432.html]
[motors.stylemixthemes.com/boats/shop/exterior/car-brush/indexb101.html]
[motors.stylemixthemes.com/boats/shop/exterior/car-brush/indexcf52.html]
[motors.stylemixthemes.com/boats/wp-content/uploads/sites/4/2013/06/Fotolia_85125432_Subscription_Monthly_M.jpg]
[motors.stylemixthemes.com/boats/shop/page/2/index0432.html]
[motors.stylemixthemes.com/boats/wp-json/oembed/1.0/embeda58a.json]
[motors.stylemixthemes.com/boats/shop/interior/premium-quality/feed/index.html]
[motors.stylemixthemes.com/boats/wp-json/oembed/1.0/embed7480]
[motors.stylemixthemes.com/boats/wp-content/uploads/sites/4/2013/06/Fotolia_85125432_Subscription_Monthly_M-600x600.jpg]
[motors.stylemixthemes.com/boats/shop/interior/premium-quality/index.html]
[motors.stylemixthemes.com/boats/product-tag/dealer/index.html]
[motors.stylemixthemes.com/boats/shop/indexb522.html]
[motors.stylemixthemes.com/boats/shop/interior/premium-quality/index8254.html]
[motors.stylemixthemes.com/boats/shop/interior/premium-quality/indexeea2.html]
[motors.stylemixthemes.com/boats/shop/interior/premium-quality/indexcf52.html]
[motors.stylemixthemes.com/boats/wp-content/uploads/sites/4/2013/06/Fotolia_51963161_Subscription_Monthly_M.jpg]
[motors.stylemixthemes.com/boats/shop/page/2/indexb522.html]
[motors.stylemixthemes.com/boats/wp-json/oembed/1.0/embedeb3c.json]
[motors.stylemixthemes.com/boats/shop/exterior/car-wheel-r18/feed/index.html]
[motors.stylemixthemes.com/boats/wp-content/cache/autoptimize/4/js/autoptimize_af6b243bf97626d1530133099f17b879.js]
[motors.stylemixthemes.com/boats/wp-json/oembed/1.0/embed8eaa]
[motors.stylemixthemes.com/boats/wp-content/uploads/sites/4/2013/06/Fotolia_51963161_Subscription_Monthly_M-600x600.jpg]
[motors.stylemixthemes.com/boats/shop/exterior/car-wheel-r18/index.html]
[motors.stylemixthemes.com/boats/shop/exterior/car-wheel-r18/index741e.html]
[motors.stylemixthemes.com/boats/shop/index7c8e.html]
[motors.stylemixthemes.com/boats/shop/exterior/car-wheel-r18/index0432.html]
[motors.stylemixthemes.com/boats/wp-content/uploads/sites/4/2013/06/Fotolia_86290817_Subscription_Monthly_M.jpg]
[motors.stylemixthemes.com/boats/shop/exterior/car-wheel-r18/index8254.html]
[motors.stylemixthemes.com/boats/shop/page/2/index7c8e.html]
[motors.stylemixthemes.com/boats/wp-json/oembed/1.0/embed02e2.json]
[motors.stylemixthemes.com/boats/shop/parts/ship-your-idea/feed/index.html]
[motors.stylemixthemes.com/boats/wp-json/oembed/1.0/embed3ba3]
[motors.stylemixthemes.com/boats/wp-content/uploads/sites/4/2013/06/Fotolia_86290817_Subscription_Monthly_M-600x600.jpg]
[motors.stylemixthemes.com/boats/wp-content/uploads/sites/4/2013/06/T_1_back.jpg]
[motors.stylemixthemes.com/boats/wp-content/uploads/sites/4/2013/06/T_1_back-600x600.jpg]
[motors.stylemixthemes.com/boats/shop/parts/ship-your-idea/index.html]
[motors.stylemixthemes.com/boats/shop/index047b.html]
[motors.stylemixthemes.com/boats/shop/parts/ship-your-idea/index741e.html]
[motors.stylemixthemes.com/boats/shop/parts/ship-your-idea/index0865.html]
[motors.stylemixthemes.com/boats/wp-content/uploads/sites/4/2013/06/Fotolia_73433899_Subscription_Monthly_M.jpg]
[motors.stylemixthemes.com/boats/shop/page/2/index047b.html]
[motors.stylemixthemes.com/boats/wp-json/oembed/1.0/embede71a.json]
[motors.stylemixthemes.com/boats/shop/wheels/ninja-rims-r20/feed/index.html]
[motors.stylemixthemes.com/boats/shop/parts/ship-your-idea/indexeea2.html]
[motors.stylemixthemes.com/boats/wp-json/oembed/1.0/embed3d76]
[motors.stylemixthemes.com/boats/wp-content/uploads/sites/4/2013/06/Fotolia_73433899_Subscription_Monthly_M-600x600.jpg]
[motors.stylemixthemes.com/boats/shop/wheels/ninja-rims-r20/index.html]
[motors.stylemixthemes.com/boats/shop/index8254.html]
[motors.stylemixthemes.com/boats/product-tag/car/index.html]
[motors.stylemixthemes.com/boats/product-tag/sound/index.html]
[motors.stylemixthemes.com/boats/shop/wheels/ninja-rims-r20/index3f1f.html]
[motors.stylemixthemes.com/boats/shop/wheels/ninja-rims-r20/index0865.html]
[motors.stylemixthemes.com/boats/shop/wheels/ninja-rims-r20/index5fd6.html]
[motors.stylemixthemes.com/boats/wp-content/uploads/sites/4/2013/06/Fotolia_96481062_Subscription_Monthly_M.jpg]
[motors.stylemixthemes.com/boats/shop/page/2/index8254.html]
[motors.stylemixthemes.com/boats/wp-json/oembed/1.0/embede6c6.json]
[motors.stylemixthemes.com/boats/shop/interior/ninja-silhouette/feed/index.html]
[motors.stylemixthemes.com/boats/wp-json/oembed/1.0/embed4278]
[motors.stylemixthemes.com/boats/wp-content/uploads/sites/4/2013/06/Fotolia_96481062_Subscription_Monthly_M-600x600.jpg]
[motors.stylemixthemes.com/boats/shop/interior/ninja-silhouette/index.html]
[motors.stylemixthemes.com/boats/shop/index3f1f.html]
[motors.stylemixthemes.com/boats/shop/interior/ninja-silhouette/index8254.html]
[motors.stylemixthemes.com/boats/shop/interior/ninja-silhouette/indexcf52.html]
[motors.stylemixthemes.com/boats/shop/interior/ninja-silhouette/index7091.html]
[motors.stylemixthemes.com/boats/wp-content/uploads/sites/4/2013/06/Fotolia_55738797_Subscription_Monthly_M.jpg]
[motors.stylemixthemes.com/boats/shop/page/2/index3f1f.html]
[motors.stylemixthemes.com/boats/wp-json/oembed/1.0/embed9a7f.json]
[motors.stylemixthemes.com/boats/shop/parts/oil-filter/feed/index.html]
[motors.stylemixthemes.com/boats/wp-json/oembed/1.0/embed9601]
[motors.stylemixthemes.com/boats/shop/parts/oil-filter/index.html]
[motors.stylemixthemes.com/boats/shop/index5fd6.html]
[motors.stylemixthemes.com/boats/shop/parts/oil-filter/indexb101.html]
[motors.stylemixthemes.com/boats/shop/parts/oil-filter/index8254.html]
[motors.stylemixthemes.com/boats/shop/parts/oil-filter/index741e.html]
[motors.stylemixthemes.com/boats/shop/page/2/index5fd6.html]
[motors.stylemixthemes.com/boats/wp-content/uploads/sites/4/2013/06/Fotolia_76850424_Subscription_Monthly_M.jpg]
[motors.stylemixthemes.com/boats/wp-json/oembed/1.0/embed28a7.json]
[motors.stylemixthemes.com/boats/shop/wheels/pirelli-tires-r20/feed/index.html]
[motors.stylemixthemes.com/boats/wp-json/oembed/1.0/embed25d5]
[motors.stylemixthemes.com/boats/wp-content/uploads/sites/4/2013/06/Fotolia_76850424_Subscription_Monthly_M-600x600.jpg]
[motors.stylemixthemes.com/boats/shop/wheels/pirelli-tires-r20/index.html]
[motors.stylemixthemes.com/boats/shop/index741e.html]
[motors.stylemixthemes.com/boats/product-tag/air/index.html]
[motors.stylemixthemes.com/boats/product-tag/compressor/index.html]
[motors.stylemixthemes.com/boats/shop/wheels/pirelli-tires-r20/index047b.html]
[motors.stylemixthemes.com/boats/wp-content/uploads/sites/4/2013/06/Fotolia_62895487_Subscription_Monthly_M.jpg]
[motors.stylemixthemes.com/boats/shop/page/2/index741e.html]
[motors.stylemixthemes.com/boats/shop/wheels/pirelli-tires-r20/indexcf52.html]
[motors.stylemixthemes.com/boats/shop/wheels/pirelli-tires-r20/indexeea2.html]
[motors.stylemixthemes.com/boats/shop/exterior/singles/custom-spark-plug/feed/index.html]
[motors.stylemixthemes.com/boats/wp-json/oembed/1.0/embed1760.json]
[motors.stylemixthemes.com/boats/wp-json/oembed/1.0/embed3647]
[motors.stylemixthemes.com/boats/wp-content/uploads/sites/4/2013/06/Fotolia_62895487_Subscription_Monthly_M-600x600.jpg]
[motors.stylemixthemes.com/boats/shop/exterior/singles/custom-spark-plug/index.html]
[motors.stylemixthemes.com/boats/shop/index31e3.html]
[motors.stylemixthemes.com/boats/shop/exterior/singles/custom-spark-plug/index0865.html]
[motors.stylemixthemes.com/boats/shop/exterior/singles/custom-spark-plug/index0432.html]
[motors.stylemixthemes.com/boats/wp-content/uploads/sites/4/2013/06/steering.jpg]
[motors.stylemixthemes.com/boats/shop/exterior/singles/custom-spark-plug/index047b.html]
[motors.stylemixthemes.com/boats/shop/page/2/index31e3.html]
[motors.stylemixthemes.com/boats/wp-json/oembed/1.0/embedf02f.json]
[motors.stylemixthemes.com/boats/shop/interior/woo-ninja/feed/index.html]
[motors.stylemixthemes.com/boats/wp-json/oembed/1.0/embed2aa6]
[motors.stylemixthemes.com/boats/wp-content/uploads/sites/4/2013/06/steering-600x600.jpg]
[motors.stylemixthemes.com/boats/shop/interior/woo-ninja/index.html]
[motors.stylemixthemes.com/boats/shop/indexa07a.html]
[motors.stylemixthemes.com/boats/shop/interior/woo-ninja/indexb522.html]
[motors.stylemixthemes.com/boats/shop/interior/woo-ninja/indexeea2.html]
[motors.stylemixthemes.com/boats/product-category/exterior/index.html]
[motors.stylemixthemes.com/boats/shop/interior/woo-ninja/index3f1f.html]
[motors.stylemixthemes.com/boats/product-category/exterior/singles/index.html]
[motors.stylemixthemes.com/boats/shop/page/2/indexa07a.html]
[motors.stylemixthemes.com/boats/product-category/exterior/feed/index.html]
[motors.stylemixthemes.com/boats/product-category/interior/index.html]
[motors.stylemixthemes.com/boats/product-category/exterior/index0432.html]
[motors.stylemixthemes.com/boats/product-category/exterior/index7c8e.html]
[motors.stylemixthemes.com/boats/product-category/exterior/singles/feed/index.html]
[motors.stylemixthemes.com/boats/product-category/interior/accessories/index.html]
[motors.stylemixthemes.com/boats/product-category/exterior/index31e3.html]
[motors.stylemixthemes.com/boats/product-category/interior/sound/index.html]
[motors.stylemixthemes.com/boats/product-category/exterior/singles/index0432.html]
[motors.stylemixthemes.com/boats/product-category/interior/feed/index.html]
[motors.stylemixthemes.com/boats/product-category/exterior/singles/index31e3.html]
[motors.stylemixthemes.com/boats/product-category/oil/index.html]
[motors.stylemixthemes.com/boats/product-category/interior/indexb522.html]
[motors.stylemixthemes.com/boats/product-category/interior/index3f1f.html]
[motors.stylemixthemes.com/boats/product-category/parts/index.html]
[motors.stylemixthemes.com/boats/product-category/interior/indexa07a.html]
[motors.stylemixthemes.com/boats/product-category/interior/indexcf52.html]
[motors.stylemixthemes.com/boats/product-category/wheels/index.html]
[motors.stylemixthemes.com/boats/product-category/interior/accessories/feed/index.html]
[motors.stylemixthemes.com/boats/product-category/interior/indexeea2.html]
[motors.stylemixthemes.com/boats/product-category/interior/sound/feed/index.html]
[motors.stylemixthemes.com/boats/product-category/interior/accessories/indexcf52.html]
[motors.stylemixthemes.com/boats/wp-content/uploads/sites/4/2013/06/Fotolia_91869531_Subscription_Monthly_M.jpg]
[motors.stylemixthemes.com/boats/product-category/oil/feed/index.html]
[motors.stylemixthemes.com/boats/product-category/interior/sound/index3f1f.html]
[motors.stylemixthemes.com/boats/product-category/interior/sound/indexcf52.html]
[motors.stylemixthemes.com/boats/product-category/oil/indexb101.html]
[motors.stylemixthemes.com/boats/wp-json/oembed/1.0/embedbb8f.json]
[motors.stylemixthemes.com/boats/product-category/oil/index5fd6.html]
[motors.stylemixthemes.com/boats/product-category/oil/index31e3.html]
[motors.stylemixthemes.com/boats/product-category/oil/indexcf52.html]
[motors.stylemixthemes.com/boats/wp-json/oembed/1.0/embedc04f]
[motors.stylemixthemes.com/boats/product-category/oil/index7091.html]
[motors.stylemixthemes.com/boats/product-category/parts/feed/index.html]
[motors.stylemixthemes.com/boats/wp-content/uploads/sites/4/2013/06/Fotolia_91869531_Subscription_Monthly_M-600x600.jpg]
[motors.stylemixthemes.com/boats/product-category/parts/indexb101.html]
[motors.stylemixthemes.com/boats/shop/interior/happy-ninja/index.html]
[motors.stylemixthemes.com/boats/product-category/parts/index0865.html]
[motors.stylemixthemes.com/boats/index65a9.html]
[motors.stylemixthemes.com/boats/product-category/parts/index0432.html]
[motors.stylemixthemes.com/boats/product-category/parts/index047b.html]
[motors.stylemixthemes.com/boats/indexf9b5.html]
[motors.stylemixthemes.com/boats/product-category/parts/index8254.html]
[motors.stylemixthemes.com/boats/product-category/parts/index5fd6.html]
[motors.stylemixthemes.com/boats/indexbf05.html]
[motors.stylemixthemes.com/boats/product-category/parts/index741e.html]
[motors.stylemixthemes.com/boats/product-category/parts/index31e3.html]
[motors.stylemixthemes.com/boats/index3486.html]
[motors.stylemixthemes.com/boats/product-category/parts/indexcf52.html]
[motors.stylemixthemes.com/boats/product-category/parts/index7091.html]
[motors.stylemixthemes.com/boats/product-category/wheels/feed/index.html]
[motors.stylemixthemes.com/boats/product-category/parts/indexeea2.html]
[motors.stylemixthemes.com/boats/product-category/wheels/index7c8e.html]
[motors.stylemixthemes.com/boats/wp-json/oembed/1.0/embed8741.json]
[motors.stylemixthemes.com/boats/product-category/wheels/index8254.html]
[motors.stylemixthemes.com/boats/product-category/wheels/index741e.html]
[motors.stylemixthemes.com/boats/shop/interior/happy-ninja/feed/index.html]
[motors.stylemixthemes.com/boats/wp-json/oembed/1.0/embededd4]
[motors.stylemixthemes.com/boats/listings/glastron-st/index.html]
[motors.stylemixthemes.com/boats/shop/interior/happy-ninja/index741e.html]
[motors.stylemixthemes.com/boats/shop/interior/happy-ninja/index0865.html]
[motors.stylemixthemes.com/boats/listings/glastron-st/feed/index.html]
[motors.stylemixthemes.com/boats/index4af2.html]
[motors.stylemixthemes.com/boats/index2004.html]
[motors.stylemixthemes.com/boats/index17d2.html]
[motors.stylemixthemes.com/boats/index3b66.html]
[motors.stylemixthemes.com/boats/category/uncategorized/index.html]
[motors.stylemixthemes.com/boats/index4c5b.html]
[motors.stylemixthemes.com/boats/index6f0d.html]
[motors.stylemixthemes.com/boats/listings/page/2/index.html]
[motors.stylemixthemes.com/boats/index28fe.html]
[motors.stylemixthemes.com/boats/index1914.html]
[motors.stylemixthemes.com/boats/indexb776.html]
[motors.stylemixthemes.com/boats/index7b09.html]
[motors.stylemixthemes.com/boats/inventory/page/2/index058f.html]
[motors.stylemixthemes.com/boats/shop/interior/happy-ninja/index0432.html]
[motors.stylemixthemes.com/boats/category/uncategorized/feed/index.html]
[motors.stylemixthemes.com/boats/wp-json/oembed/1.0/embed2d5b.json]
[motors.stylemixthemes.com/boats/post-format-video/feed/index.html]
[motors.stylemixthemes.com/boats/wp-json/oembed/1.0/embed76e2]
[motors.stylemixthemes.com/boats/wp-content/uploads/sites/4/2016/07/slide-2-1024x396.jpg]
[motors.stylemixthemes.com/boats/wp-content/uploads/sites/4/2016/07/slide-2-398x235.jpg]
[motors.stylemixthemes.com/boats/post-format-video/index.html]
[motors.stylemixthemes.com/boats/index1ce2.html]
[motors.stylemixthemes.com/boats/index559c.html]
[motors.stylemixthemes.com/boats/index6421.html]
[motors.stylemixthemes.com/boats/index5ce3.html]
[motors.stylemixthemes.com/boats/index13b6.html]
[motors.stylemixthemes.com/boats/index3f90.html]
[motors.stylemixthemes.com/boats/blog/page/2/indexf3c1.html]
[motors.stylemixthemes.com/boats/category/motors/page/2/index.html]
[motors.stylemixthemes.com/boats/wp-content/uploads/sites/4/2013/06/Fotolia_60790408_Subscription_Monthly_M.jpg]
[motors.stylemixthemes.com/boats/blog/indexf3c1.html]
[motors.stylemixthemes.com/boats/wp-json/oembed/1.0/embed6e94.json]
[motors.stylemixthemes.com/boats/shop/interior/sound/syntetic-oil-5w-40/feed/index.html]
[motors.stylemixthemes.com/boats/wp-json/oembed/1.0/embed116b]
[motors.stylemixthemes.com/boats/wp-content/uploads/sites/4/2013/06/Fotolia_60790408_Subscription_Monthly_M-600x600.jpg]
[motors.stylemixthemes.com/boats/shop/interior/sound/syntetic-oil-5w-40/index.html]
[motors.stylemixthemes.com/boats/shop/interior/sound/syntetic-oil-5w-40/index8254.html]
[motors.stylemixthemes.com/boats/shop/interior/sound/syntetic-oil-5w-40/index741e.html]
[motors.stylemixthemes.com/boats/shop/page/2/indexcf52.html]
[motors.stylemixthemes.com/boats/shop/interior/sound/syntetic-oil-5w-40/index3f1f.html]
[motors.stylemixthemes.com/boats/wp-content/uploads/sites/4/2013/06/Fotolia_56282843_Subscription_Monthly_M.jpg]
[motors.stylemixthemes.com/boats/shop/indexcf52.html]
[motors.stylemixthemes.com/boats/wp-json/oembed/1.0/embed4484.json]
[motors.stylemixthemes.com/boats/shop/parts/synthetic-oil-filter/feed/index.html]
[motors.stylemixthemes.com/boats/wp-json/oembed/1.0/embed216e]
[motors.stylemixthemes.com/boats/wp-content/uploads/sites/4/2013/06/Fotolia_56282843_Subscription_Monthly_M-600x600.jpg]
[motors.stylemixthemes.com/boats/shop/parts/synthetic-oil-filter/index.html]
[motors.stylemixthemes.com/boats/shop/page/2/index7091.html]
[motors.stylemixthemes.com/boats/shop/page/2/indexeea2.html]
[motors.stylemixthemes.com/boats/shop/parts/synthetic-oil-filter/index0865.html]
[motors.stylemixthemes.com/boats/shop/parts/synthetic-oil-filter/index0432.html]
[motors.stylemixthemes.com/boats/wp-content/plugins/woocommerce/assets/css/photoswipe/default-skin/default-skin.png]
[motors.stylemixthemes.com/boats/wp-content/cache/autoptimize/4/css/autoptimize_08bc63545b5790620a5121231bdd6ec7.css]
[motors.stylemixthemes.com/boats/index817f.html]
[motors.stylemixthemes.com/boats/product-tag/dealership/index.html]
[motors.stylemixthemes.com/boats/shop/parts/synthetic-oil-filter/index741e.html]
[motors.stylemixthemes.com/boats/shop/indexeea2.html]
[motors.stylemixthemes.com/boats/shop/index7091.html]
[motors.stylemixthemes.com/boats/product-tag/motors/index.html]
[motors.stylemixthemes.com/boats/product-tag/dealership/feed/index.html]
[motors.stylemixthemes.com/boats/product-tag/dealership/indexb522.html]
[motors.stylemixthemes.com/boats/product-tag/dealership/indexb101.html]
[motors.stylemixthemes.com/boats/product-tag/parts/index.html]
[motors.stylemixthemes.com/boats/product-tag/dealership/index047b.html]
[motors.stylemixthemes.com/boats/product-tag/dealership/index5fd6.html]
[motors.stylemixthemes.com/boats/product-tag/motors/feed/index.html]
[motors.stylemixthemes.com/boats/shop/parts/air-filter/index5fd6.html]
[motors.stylemixthemes.com/boats/product-tag/dealership/index31e3.html]
[motors.stylemixthemes.com/boats/shop/parts/air-filter/index7091.html]
[motors.stylemixthemes.com/boats/product-tag/motors/indexb101.html]
[motors.stylemixthemes.com/boats/product-tag/motors/indexb522.html]
[motors.stylemixthemes.com/boats/shop/parts/air-filter/index0432.html]
[motors.stylemixthemes.com/boats/product-tag/motors/index047b.html]
[motors.stylemixthemes.com/boats/product-tag/motors/index5fd6.html]
[motors.stylemixthemes.com/boats/shop/page/2/indexb101.html]
[motors.stylemixthemes.com/boats/product-tag/parts/feed/index.html]
[motors.stylemixthemes.com/boats/product-tag/motors/index31e3.html]
[motors.stylemixthemes.com/boats/indexc5eb.html]
[motors.stylemixthemes.com/boats/product-tag/parts/indexb101.html]
[motors.stylemixthemes.com/boats/product-tag/parts/index047b.html]
[motors.stylemixthemes.com/boats/shop/parts/woo-logo/index0432.html]
[motors.stylemixthemes.com/boats/product-tag/parts/index5fd6.html]
[motors.stylemixthemes.com/boats/product-tag/parts/index31e3.html]
[motors.stylemixthemes.com/boats/shop/parts/air-filter/index0865.html]
[motors.stylemixthemes.com/boats/shop/parts/woo-logo/index741e.html]
[motors.stylemixthemes.com/boats/shop/parts/air-filter/index31e3.html]
[motors.stylemixthemes.com/boats/shop/parts/air-filter/index047b.html]
[motors.stylemixthemes.com/boats/shop/parts/woo-logo/indexb101.html]
[motors.stylemixthemes.com/boats/shop/parts/air-filter/index8254.html]
[motors.stylemixthemes.com/boats/shop/parts/air-filter/indexb522.html]
[motors.stylemixthemes.com/boats/shop/parts/woo-logo/index5fd6.html]
[motors.stylemixthemes.com/boats/shop/page/2/index0865.html]
[motors.stylemixthemes.com/boats/shop/parts/woo-logo/index8254.html]
[motors.stylemixthemes.com/boats/shop/parts/woo-logo/indexcf52.html]
[motors.stylemixthemes.com/boats/shop/parts/woo-logo/index047b.html]
[motors.stylemixthemes.com/boats/index7849.html]
[motors.stylemixthemes.com/boats/shop/exterior/car-brush/index0865.html]
[motors.stylemixthemes.com/boats/shop/parts/woo-logo/index7091.html]
[motors.stylemixthemes.com/boats/shop/parts/woo-logo/index31e3.html]
[motors.stylemixthemes.com/boats/shop/exterior/car-brush/indexb101.html]
[motors.stylemixthemes.com/boats/shop/exterior/car-brush/index31e3.html]
[motors.stylemixthemes.com/boats/shop/exterior/car-brush/index7c8e.html]
[motors.stylemixthemes.com/boats/shop/exterior/car-brush/indexcf52.html]
[motors.stylemixthemes.com/boats/shop/exterior/car-brush/index5fd6.html]
[motors.stylemixthemes.com/boats/shop/page/2/index0432.html]
[motors.stylemixthemes.com/boats/indexe6f0.html]
[motors.stylemixthemes.com/boats/product-tag/dealer/index.html]
[motors.stylemixthemes.com/boats/shop/exterior/car-brush/index8254.html]
[motors.stylemixthemes.com/boats/product-tag/dealer/feed/index.html]
[motors.stylemixthemes.com/boats/shop/exterior/car-brush/indexeea2.html]
[motors.stylemixthemes.com/boats/shop/exterior/car-brush/index741e.html]
[motors.stylemixthemes.com/boats/shop/interior/premium-quality/index8254.html]
[motors.stylemixthemes.com/boats/product-tag/dealer/indexb522.html]
[motors.stylemixthemes.com/boats/shop/interior/premium-quality/indexeea2.html]
[motors.stylemixthemes.com/boats/product-tag/dealer/index3f1f.html]
[motors.stylemixthemes.com/boats/product-tag/dealer/index8254.html]
[motors.stylemixthemes.com/boats/shop/interior/premium-quality/indexcf52.html]
[motors.stylemixthemes.com/boats/product-tag/dealer/indexcf52.html]
[motors.stylemixthemes.com/boats/shop/interior/premium-quality/index31e3.html]
[motors.stylemixthemes.com/boats/shop/page/2/indexb522.html]
[motors.stylemixthemes.com/boats/shop/interior/premium-quality/index5fd6.html]
[motors.stylemixthemes.com/boats/index5900.html]
[motors.stylemixthemes.com/boats/shop/interior/premium-quality/indexa07a.html]
[motors.stylemixthemes.com/boats/shop/exterior/car-wheel-r18/index741e.html]
[motors.stylemixthemes.com/boats/shop/exterior/car-wheel-r18/index0432.html]
[motors.stylemixthemes.com/boats/shop/exterior/car-wheel-r18/index8254.html]
[motors.stylemixthemes.com/boats/shop/page/2/index7c8e.html]
[motors.stylemixthemes.com/boats/index9430.html]
[motors.stylemixthemes.com/boats/shop/interior/premium-quality/index3f1f.html]
[motors.stylemixthemes.com/boats/shop/parts/ship-your-idea/index741e.html]
[motors.stylemixthemes.com/boats/shop/parts/ship-your-idea/index0865.html]
[motors.stylemixthemes.com/boats/shop/interior/premium-quality/indexb101.html]
[motors.stylemixthemes.com/boats/shop/parts/ship-your-idea/indexeea2.html]
[motors.stylemixthemes.com/boats/shop/parts/ship-your-idea/index5fd6.html]
[motors.stylemixthemes.com/boats/shop/parts/ship-your-idea/index0432.html]
[motors.stylemixthemes.com/boats/shop/page/2/index047b.html]
[motors.stylemixthemes.com/boats/index6b6b.html]
[motors.stylemixthemes.com/boats/product-tag/car/index.html]
[motors.stylemixthemes.com/boats/shop/parts/ship-your-idea/index31e3.html]
[motors.stylemixthemes.com/boats/shop/parts/ship-your-idea/indexb101.html]
[motors.stylemixthemes.com/boats/product-tag/car/feed/index.html]
[motors.stylemixthemes.com/boats/shop/parts/ship-your-idea/index8254.html]
[motors.stylemixthemes.com/boats/product-tag/sound/index.html]
[motors.stylemixthemes.com/boats/product-tag/car/index8254.html]
[motors.stylemixthemes.com/boats/shop/wheels/ninja-rims-r20/index3f1f.html]
[motors.stylemixthemes.com/boats/product-tag/car/index3f1f.html]
[motors.stylemixthemes.com/boats/product-tag/car/index741e.html]
[motors.stylemixthemes.com/boats/shop/wheels/ninja-rims-r20/index5fd6.html]
[motors.stylemixthemes.com/boats/product-tag/car/indexcf52.html]
[motors.stylemixthemes.com/boats/product-tag/sound/feed/index.html]
[motors.stylemixthemes.com/boats/product-tag/car/index7091.html]
[motors.stylemixthemes.com/boats/shop/wheels/ninja-rims-r20/index0865.html]
[motors.stylemixthemes.com/boats/product-tag/car/indexeea2.html]
[motors.stylemixthemes.com/boats/product-tag/sound/index8254.html]
[motors.stylemixthemes.com/boats/shop/page/2/index8254.html]
[motors.stylemixthemes.com/boats/product-tag/sound/indexcf52.html]
[motors.stylemixthemes.com/boats/product-tag/sound/index3f1f.html]
[motors.stylemixthemes.com/boats/indexea0f.html]
[motors.stylemixthemes.com/boats/shop/wheels/ninja-rims-r20/indexb101.html]
[motors.stylemixthemes.com/boats/shop/wheels/ninja-rims-r20/indexeea2.html]
[motors.stylemixthemes.com/boats/shop/interior/ninja-silhouette/indexcf52.html]
[motors.stylemixthemes.com/boats/shop/wheels/ninja-rims-r20/index7c8e.html]
[motors.stylemixthemes.com/boats/shop/wheels/ninja-rims-r20/indexb522.html]
[motors.stylemixthemes.com/boats/shop/interior/ninja-silhouette/index8254.html]
[motors.stylemixthemes.com/boats/shop/wheels/ninja-rims-r20/index7091.html]
[motors.stylemixthemes.com/boats/shop/wheels/ninja-rims-r20/indexcf52.html]
[motors.stylemixthemes.com/boats/shop/interior/ninja-silhouette/indexb522.html]
[motors.stylemixthemes.com/boats/shop/interior/ninja-silhouette/index7091.html]
[motors.stylemixthemes.com/boats/shop/page/2/index3f1f.html]
[motors.stylemixthemes.com/boats/indexdb34.html]
[motors.stylemixthemes.com/boats/shop/interior/ninja-silhouette/indexa07a.html]
[motors.stylemixthemes.com/boats/shop/parts/oil-filter/index741e.html]
[motors.stylemixthemes.com/boats/shop/parts/oil-filter/indexb101.html]
[motors.stylemixthemes.com/boats/shop/interior/ninja-silhouette/index741e.html]
[motors.stylemixthemes.com/boats/shop/parts/oil-filter/index8254.html]
[motors.stylemixthemes.com/boats/shop/parts/oil-filter/index047b.html]
[motors.stylemixthemes.com/boats/shop/parts/oil-filter/indexcf52.html]
[motors.stylemixthemes.com/boats/shop/page/2/index5fd6.html]
[motors.stylemixthemes.com/boats/indexff6b.html]
[motors.stylemixthemes.com/boats/product-tag/air/index.html]
[motors.stylemixthemes.com/boats/shop/parts/oil-filter/index0865.html]
[motors.stylemixthemes.com/boats/product-tag/compressor/index.html]
[motors.stylemixthemes.com/boats/shop/parts/oil-filter/index7091.html]
[motors.stylemixthemes.com/boats/product-tag/air/feed/index.html]
[motors.stylemixthemes.com/boats/shop/wheels/pirelli-tires-r20/index047b.html]
[motors.stylemixthemes.com/boats/product-tag/air/index741e.html]
[motors.stylemixthemes.com/boats/product-tag/air/index7091.html]
[motors.stylemixthemes.com/boats/shop/wheels/pirelli-tires-r20/indexcf52.html]
[motors.stylemixthemes.com/boats/product-tag/compressor/feed/index.html]
[motors.stylemixthemes.com/boats/product-tag/air/indexeea2.html]
[motors.stylemixthemes.com/boats/shop/wheels/pirelli-tires-r20/indexeea2.html]
[motors.stylemixthemes.com/boats/product-tag/compressor/index741e.html]
[motors.stylemixthemes.com/boats/product-tag/compressor/index7091.html]
[motors.stylemixthemes.com/boats/shop/page/2/index741e.html]
[motors.stylemixthemes.com/boats/product-tag/compressor/indexeea2.html]
[motors.stylemixthemes.com/boats/shop/wheels/pirelli-tires-r20/index7091.html]
[motors.stylemixthemes.com/boats/indexea31.html]
[motors.stylemixthemes.com/boats/shop/wheels/pirelli-tires-r20/indexb101.html]
[motors.stylemixthemes.com/boats/shop/exterior/singles/custom-spark-plug/index0432.html]
[motors.stylemixthemes.com/boats/shop/wheels/pirelli-tires-r20/index0865.html]
[motors.stylemixthemes.com/boats/shop/wheels/pirelli-tires-r20/index0432.html]
[motors.stylemixthemes.com/boats/shop/wheels/pirelli-tires-r20/index5fd6.html]
[motors.stylemixthemes.com/boats/shop/exterior/singles/custom-spark-plug/index0865.html]
[motors.stylemixthemes.com/boats/shop/exterior/singles/custom-spark-plug/indexb101.html]
[motors.stylemixthemes.com/boats/shop/exterior/singles/custom-spark-plug/indexcf52.html]
[motors.stylemixthemes.com/boats/shop/exterior/singles/custom-spark-plug/index047b.html]
[motors.stylemixthemes.com/boats/shop/exterior/singles/custom-spark-plug/index741e.html]
[motors.stylemixthemes.com/boats/shop/exterior/singles/custom-spark-plug/index7091.html]
[motors.stylemixthemes.com/boats/shop/page/2/index31e3.html]
[motors.stylemixthemes.com/boats/index153d.html]
[motors.stylemixthemes.com/boats/shop/interior/woo-ninja/indexb522.html]
[motors.stylemixthemes.com/boats/shop/interior/woo-ninja/indexeea2.html]
[motors.stylemixthemes.com/boats/shop/interior/woo-ninja/index3f1f.html]
[motors.stylemixthemes.com/boats/shop/page/2/indexa07a.html]
[motors.stylemixthemes.com/boats/product-category/exterior/index0432.html]
[motors.stylemixthemes.com/boats/product-category/exterior/index7c8e.html]
[motors.stylemixthemes.com/boats/product-category/exterior/index31e3.html]
[motors.stylemixthemes.com/boats/shop/exterior/singles/custom-spark-plug/indexb522.html]
[motors.stylemixthemes.com/boats/shop/exterior/singles/custom-spark-plug/indexeea2.html]
[motors.stylemixthemes.com/boats/product-category/exterior/singles/index0432.html]
[motors.stylemixthemes.com/boats/product-category/exterior/singles/index31e3.html]
[motors.stylemixthemes.com/boats/product-category/interior/indexb522.html]
[motors.stylemixthemes.com/boats/product-category/interior/index3f1f.html]
[motors.stylemixthemes.com/boats/product-category/interior/indexa07a.html]
[motors.stylemixthemes.com/boats/product-category/interior/indexcf52.html]
[motors.stylemixthemes.com/boats/product-category/interior/indexeea2.html]
[motors.stylemixthemes.com/boats/product-category/interior/accessories/indexcf52.html]
[motors.stylemixthemes.com/boats/product-category/interior/sound/index3f1f.html]
[motors.stylemixthemes.com/boats/product-category/interior/sound/indexcf52.html]
[motors.stylemixthemes.com/boats/product-category/oil/indexb101.html]
[motors.stylemixthemes.com/boats/product-category/oil/index5fd6.html]
[motors.stylemixthemes.com/boats/product-category/oil/index31e3.html]
[motors.stylemixthemes.com/boats/product-category/oil/indexcf52.html]
[motors.stylemixthemes.com/boats/product-category/oil/index7091.html]
[motors.stylemixthemes.com/boats/product-category/parts/indexb101.html]
[motors.stylemixthemes.com/boats/product-category/parts/index0865.html]
[motors.stylemixthemes.com/boats/shop/exterior/singles/custom-spark-plug/index5fd6.html]
[motors.stylemixthemes.com/boats/product-category/parts/index0432.html]
[motors.stylemixthemes.com/boats/product-category/parts/index047b.html]
[motors.stylemixthemes.com/boats/product-category/parts/index8254.html]
[motors.stylemixthemes.com/boats/product-category/parts/index5fd6.html]
[motors.stylemixthemes.com/boats/product-category/parts/index741e.html]
[motors.stylemixthemes.com/boats/product-category/parts/index31e3.html]
[motors.stylemixthemes.com/boats/product-category/parts/indexcf52.html]
[motors.stylemixthemes.com/boats/product-category/parts/index7091.html]
[motors.stylemixthemes.com/boats/product-category/parts/indexeea2.html]
[motors.stylemixthemes.com/boats/product-category/wheels/index7c8e.html]
[motors.stylemixthemes.com/boats/product-category/wheels/index8254.html]
[motors.stylemixthemes.com/boats/product-category/wheels/index741e.html]
[motors.stylemixthemes.com/boats/index5a24.html]
[motors.stylemixthemes.com/boats/shop/interior/happy-ninja/index741e.html]
[motors.stylemixthemes.com/boats/shop/interior/happy-ninja/index0865.html]
[motors.stylemixthemes.com/boats/shop/interior/happy-ninja/indexa07a.html]
[motors.stylemixthemes.com/boats/shop/interior/happy-ninja/index8254.html]
[motors.stylemixthemes.com/boats/shop/interior/happy-ninja/index7091.html]
[motors.stylemixthemes.com/boats/shop/interior/happy-ninja/index5fd6.html]
[motors.stylemixthemes.com/boats/shop/interior/happy-ninja/index0432.html]
[motors.stylemixthemes.com/boats/index96d7.html]
[motors.stylemixthemes.com/boats/indexa8fe.html]
[motors.stylemixthemes.com/boats/blog/indexf3c1.html]
[motors.stylemixthemes.com/boats/index2b79.html]
[motors.stylemixthemes.com/boats/shop/interior/sound/syntetic-oil-5w-40/index741e.html]
[motors.stylemixthemes.com/boats/shop/interior/happy-ninja/index31e3.html]
[motors.stylemixthemes.com/boats/shop/interior/sound/syntetic-oil-5w-40/index8254.html]
[motors.stylemixthemes.com/boats/shop/interior/happy-ninja/indexb522.html]
[motors.stylemixthemes.com/boats/shop/interior/sound/syntetic-oil-5w-40/index3f1f.html]
[motors.stylemixthemes.com/boats/shop/interior/happy-ninja/index3f1f.html]
[motors.stylemixthemes.com/boats/shop/interior/sound/syntetic-oil-5w-40/index5fd6.html]
[motors.stylemixthemes.com/boats/shop/interior/sound/syntetic-oil-5w-40/index0432.html]
[motors.stylemixthemes.com/boats/shop/indexcf52.html]
[motors.stylemixthemes.com/boats/indexc9ac.html]
[motors.stylemixthemes.com/boats/shop/parts/synthetic-oil-filter/index0865.html]
[motors.stylemixthemes.com/boats/shop/interior/sound/syntetic-oil-5w-40/index7091.html]
[motors.stylemixthemes.com/boats/shop/interior/sound/syntetic-oil-5w-40/index0865.html]
[motors.stylemixthemes.com/boats/shop/parts/synthetic-oil-filter/index0432.html]
[motors.stylemixthemes.com/boats/shop/parts/synthetic-oil-filter/index31e3.html]
[motors.stylemixthemes.com/boats/shop/parts/synthetic-oil-filter/index5fd6.html]
[motors.stylemixthemes.com/boats/shop/parts/synthetic-oil-filter/index741e.html]
[motors.stylemixthemes.com/boats/shop/index7091.html]
[motors.stylemixthemes.com/boats/shop/parts/synthetic-oil-filter/indexcf52.html]
[motors.stylemixthemes.com/boats/shop/indexeea2.html]
[motors.stylemixthemes.com/boats/product-tag/dealership/indexb101.html]
[motors.stylemixthemes.com/boats/product-tag/dealership/indexb522.html]
[motors.stylemixthemes.com/boats/product-tag/dealership/index047b.html]
[motors.stylemixthemes.com/boats/shop/parts/synthetic-oil-filter/index3f1f.html]
[motors.stylemixthemes.com/boats/product-tag/dealership/index5fd6.html]
[motors.stylemixthemes.com/boats/product-tag/dealership/index31e3.html]
[motors.stylemixthemes.com/boats/product-tag/motors/indexb101.html]
[motors.stylemixthemes.com/boats/product-tag/motors/indexb522.html]
[motors.stylemixthemes.com/boats/product-tag/motors/index047b.html]
[motors.stylemixthemes.com/boats/product-tag/motors/index5fd6.html]
[motors.stylemixthemes.com/boats/product-tag/motors/index31e3.html]
[motors.stylemixthemes.com/boats/product-tag/parts/indexb101.html]
[motors.stylemixthemes.com/boats/product-tag/parts/index047b.html]
[motors.stylemixthemes.com/boats/product-tag/parts/index5fd6.html]
[motors.stylemixthemes.com/boats/product-tag/parts/index31e3.html]
[motors.stylemixthemes.com/boats/shop/parts/air-filter/index0865.html]
[motors.stylemixthemes.com/boats/shop/parts/synthetic-oil-filter/index047b.html]
[motors.stylemixthemes.com/boats/shop/parts/air-filter/index31e3.html]
[motors.stylemixthemes.com/boats/shop/parts/air-filter/index047b.html]
[motors.stylemixthemes.com/boats/shop/parts/air-filter/index8254.html]
[motors.stylemixthemes.com/boats/shop/parts/air-filter/indexeea2.html]
[motors.stylemixthemes.com/boats/shop/parts/air-filter/indexb522.html]
[motors.stylemixthemes.com/boats/shop/parts/woo-logo/index5fd6.html]
[motors.stylemixthemes.com/boats/shop/parts/woo-logo/index8254.html]
[motors.stylemixthemes.com/boats/shop/parts/air-filter/index741e.html]
[motors.stylemixthemes.com/boats/shop/parts/woo-logo/indexcf52.html]
[motors.stylemixthemes.com/boats/shop/parts/woo-logo/index047b.html]
[motors.stylemixthemes.com/boats/shop/parts/woo-logo/index7091.html]
[motors.stylemixthemes.com/boats/shop/parts/woo-logo/index31e3.html]
[motors.stylemixthemes.com/boats/shop/exterior/car-brush/index31e3.html]
[motors.stylemixthemes.com/boats/shop/parts/air-filter/indexcf52.html]
[motors.stylemixthemes.com/boats/shop/exterior/car-brush/index7c8e.html]
[motors.stylemixthemes.com/boats/shop/exterior/car-brush/index5fd6.html]
[motors.stylemixthemes.com/boats/shop/exterior/car-brush/index8254.html]
[motors.stylemixthemes.com/boats/shop/parts/woo-logo/indexeea2.html]
[motors.stylemixthemes.com/boats/shop/exterior/car-brush/index741e.html]
[motors.stylemixthemes.com/boats/shop/exterior/car-brush/indexeea2.html]
[motors.stylemixthemes.com/boats/product-tag/dealer/indexb522.html]
[motors.stylemixthemes.com/boats/product-tag/dealer/index8254.html]
[motors.stylemixthemes.com/boats/product-tag/dealer/index3f1f.html]
[motors.stylemixthemes.com/boats/product-tag/dealer/indexcf52.html]
[motors.stylemixthemes.com/boats/shop/exterior/car-brush/index7091.html]
[motors.stylemixthemes.com/boats/shop/interior/premium-quality/index31e3.html]
[motors.stylemixthemes.com/boats/shop/interior/premium-quality/index5fd6.html]
[motors.stylemixthemes.com/boats/shop/interior/premium-quality/indexa07a.html]
[motors.stylemixthemes.com/boats/shop/exterior/car-brush/index047b.html]
[motors.stylemixthemes.com/boats/shop/interior/premium-quality/index3f1f.html]
[motors.stylemixthemes.com/boats/shop/interior/premium-quality/indexb101.html]
[motors.stylemixthemes.com/boats/shop/parts/ship-your-idea/index0432.html]
[motors.stylemixthemes.com/boats/shop/parts/ship-your-idea/index5fd6.html]
[motors.stylemixthemes.com/boats/shop/interior/premium-quality/index047b.html]
[motors.stylemixthemes.com/boats/shop/parts/ship-your-idea/index31e3.html]
[motors.stylemixthemes.com/boats/shop/parts/ship-your-idea/indexb101.html]
[motors.stylemixthemes.com/boats/shop/parts/ship-your-idea/index8254.html]
[motors.stylemixthemes.com/boats/product-tag/car/index8254.html]
[motors.stylemixthemes.com/boats/product-tag/car/index3f1f.html]
[motors.stylemixthemes.com/boats/product-tag/car/index741e.html]
[motors.stylemixthemes.com/boats/product-tag/car/indexcf52.html]
[motors.stylemixthemes.com/boats/shop/parts/ship-your-idea/indexcf52.html]
[motors.stylemixthemes.com/boats/product-tag/car/index7091.html]
[motors.stylemixthemes.com/boats/product-tag/car/indexeea2.html]
[motors.stylemixthemes.com/boats/product-tag/sound/index8254.html]
[motors.stylemixthemes.com/boats/product-tag/sound/index3f1f.html]
[motors.stylemixthemes.com/boats/product-tag/sound/indexcf52.html]
[motors.stylemixthemes.com/boats/shop/wheels/ninja-rims-r20/indexb101.html]
[motors.stylemixthemes.com/boats/shop/wheels/ninja-rims-r20/indexeea2.html]
[motors.stylemixthemes.com/boats/shop/wheels/ninja-rims-r20/index7c8e.html]
[motors.stylemixthemes.com/boats/shop/wheels/ninja-rims-r20/indexb522.html]
[motors.stylemixthemes.com/boats/shop/wheels/ninja-rims-r20/index7091.html]
[motors.stylemixthemes.com/boats/shop/wheels/ninja-rims-r20/indexcf52.html]
[motors.stylemixthemes.com/boats/shop/wheels/ninja-rims-r20/index741e.html]
[motors.stylemixthemes.com/boats/shop/wheels/ninja-rims-r20/index0432.html]
[motors.stylemixthemes.com/boats/shop/interior/ninja-silhouette/indexb522.html]
[motors.stylemixthemes.com/boats/shop/interior/ninja-silhouette/indexa07a.html]
[motors.stylemixthemes.com/boats/shop/interior/ninja-silhouette/index741e.html]
[motors.stylemixthemes.com/boats/shop/parts/oil-filter/index047b.html]
[motors.stylemixthemes.com/boats/shop/wheels/ninja-rims-r20/index31e3.html]
[motors.stylemixthemes.com/boats/shop/wheels/ninja-rims-r20/index047b.html]
[motors.stylemixthemes.com/boats/shop/parts/oil-filter/indexcf52.html]
[motors.stylemixthemes.com/boats/shop/parts/oil-filter/index0865.html]
[motors.stylemixthemes.com/boats/shop/interior/ninja-silhouette/indexeea2.html]
[motors.stylemixthemes.com/boats/shop/parts/oil-filter/index7091.html]
[motors.stylemixthemes.com/boats/product-tag/air/index741e.html]
[motors.stylemixthemes.com/boats/shop/parts/oil-filter/index0432.html]
[motors.stylemixthemes.com/boats/product-tag/air/index7091.html]
[motors.stylemixthemes.com/boats/product-tag/air/indexeea2.html]
[motors.stylemixthemes.com/boats/product-tag/compressor/index741e.html]
[motors.stylemixthemes.com/boats/product-tag/compressor/index7091.html]
[motors.stylemixthemes.com/boats/product-tag/compressor/indexeea2.html]
[motors.stylemixthemes.com/boats/shop/parts/oil-filter/index31e3.html]
[motors.stylemixthemes.com/boats/shop/wheels/pirelli-tires-r20/index7091.html]
[motors.stylemixthemes.com/boats/shop/wheels/pirelli-tires-r20/indexb101.html]
[motors.stylemixthemes.com/boats/shop/parts/oil-filter/indexb522.html]
[motors.stylemixthemes.com/boats/shop/wheels/pirelli-tires-r20/index0865.html]
[motors.stylemixthemes.com/boats/shop/wheels/pirelli-tires-r20/index0432.html]
[motors.stylemixthemes.com/boats/shop/wheels/pirelli-tires-r20/index5fd6.html]
[motors.stylemixthemes.com/boats/shop/exterior/singles/custom-spark-plug/indexb101.html]
[motors.stylemixthemes.com/boats/shop/wheels/pirelli-tires-r20/index3f1f.html]
[motors.stylemixthemes.com/boats/shop/wheels/pirelli-tires-r20/index8254.html]
[motors.stylemixthemes.com/boats/shop/wheels/pirelli-tires-r20/index31e3.html]
[motors.stylemixthemes.com/boats/shop/exterior/singles/custom-spark-plug/indexcf52.html]
[motors.stylemixthemes.com/boats/shop/exterior/singles/custom-spark-plug/index741e.html]
[motors.stylemixthemes.com/boats/shop/exterior/singles/custom-spark-plug/index7091.html]
[motors.stylemixthemes.com/boats/shop/exterior/singles/custom-spark-plug/indexb522.html]
[motors.stylemixthemes.com/boats/shop/exterior/singles/custom-spark-plug/indexeea2.html]
[motors.stylemixthemes.com/boats/shop/exterior/singles/custom-spark-plug/index5fd6.html]
[motors.stylemixthemes.com/boats/shop/exterior/singles/custom-spark-plug/index8254.html]
[motors.stylemixthemes.com/boats/shop/interior/happy-ninja/index8254.html]
[motors.stylemixthemes.com/boats/shop/interior/happy-ninja/indexa07a.html]
[motors.stylemixthemes.com/boats/shop/interior/happy-ninja/index7091.html]
[motors.stylemixthemes.com/boats/shop/interior/happy-ninja/index5fd6.html]
[motors.stylemixthemes.com/boats/shop/interior/happy-ninja/index31e3.html]
[motors.stylemixthemes.com/boats/shop/interior/happy-ninja/indexb522.html]
[motors.stylemixthemes.com/boats/shop/interior/happy-ninja/index3f1f.html]
[motors.stylemixthemes.com/boats/shop/interior/happy-ninja/index047b.html]
[motors.stylemixthemes.com/boats/shop/interior/sound/syntetic-oil-5w-40/index5fd6.html]
[motors.stylemixthemes.com/boats/shop/interior/sound/syntetic-oil-5w-40/index0432.html]
[motors.stylemixthemes.com/boats/shop/interior/happy-ninja/indexb101.html]
[motors.stylemixthemes.com/boats/shop/interior/sound/syntetic-oil-5w-40/index7091.html]
[motors.stylemixthemes.com/boats/shop/interior/sound/syntetic-oil-5w-40/index047b.html]
[motors.stylemixthemes.com/boats/shop/interior/sound/syntetic-oil-5w-40/index0865.html]
[motors.stylemixthemes.com/boats/shop/interior/sound/syntetic-oil-5w-40/index31e3.html]
[motors.stylemixthemes.com/boats/shop/parts/synthetic-oil-filter/index5fd6.html]
[motors.stylemixthemes.com/boats/shop/interior/sound/syntetic-oil-5w-40/indexb522.html]
[motors.stylemixthemes.com/boats/shop/parts/synthetic-oil-filter/index31e3.html]
[motors.stylemixthemes.com/boats/shop/interior/sound/syntetic-oil-5w-40/indexeea2.html]
[motors.stylemixthemes.com/boats/shop/parts/synthetic-oil-filter/indexcf52.html]
[motors.stylemixthemes.com/boats/shop/parts/synthetic-oil-filter/index3f1f.html]
[motors.stylemixthemes.com/boats/shop/parts/synthetic-oil-filter/index047b.html]
[motors.stylemixthemes.com/boats/shop/parts/air-filter/indexeea2.html]
[motors.stylemixthemes.com/boats/shop/parts/air-filter/index741e.html]
[motors.stylemixthemes.com/boats/shop/interior/sound/syntetic-oil-5w-40/indexb101.html]
[motors.stylemixthemes.com/boats/shop/parts/air-filter/indexcf52.html]
[motors.stylemixthemes.com/boats/shop/parts/woo-logo/indexeea2.html]
[motors.stylemixthemes.com/boats/shop/exterior/car-brush/index7091.html]
[motors.stylemixthemes.com/boats/shop/parts/synthetic-oil-filter/index8254.html]
[motors.stylemixthemes.com/boats/shop/exterior/car-brush/index047b.html]
[motors.stylemixthemes.com/boats/shop/interior/premium-quality/index047b.html]
[motors.stylemixthemes.com/boats/shop/parts/ship-your-idea/indexcf52.html]
[motors.stylemixthemes.com/boats/shop/wheels/ninja-rims-r20/index741e.html]
[motors.stylemixthemes.com/boats/shop/wheels/ninja-rims-r20/index0432.html]
[motors.stylemixthemes.com/boats/shop/wheels/ninja-rims-r20/index31e3.html]
[motors.stylemixthemes.com/boats/shop/wheels/ninja-rims-r20/index047b.html]
[motors.stylemixthemes.com/boats/shop/interior/ninja-silhouette/indexeea2.html]
[motors.stylemixthemes.com/boats/shop/parts/ship-your-idea/index7091.html]
[motors.stylemixthemes.com/boats/shop/parts/oil-filter/index0432.html]
[motors.stylemixthemes.com/boats/shop/parts/oil-filter/index31e3.html]
[motors.stylemixthemes.com/boats/shop/parts/oil-filter/indexb522.html]
[motors.stylemixthemes.com/boats/shop/wheels/pirelli-tires-r20/index31e3.html]
[motors.stylemixthemes.com/boats/shop/wheels/pirelli-tires-r20/index3f1f.html]
[motors.stylemixthemes.com/boats/shop/wheels/pirelli-tires-r20/index8254.html]
[motors.stylemixthemes.com/boats/shop/exterior/singles/custom-spark-plug/index8254.html]
[motors.stylemixthemes.com/boats/shop/interior/happy-ninja/index047b.html]
[motors.stylemixthemes.com/boats/shop/interior/happy-ninja/indexb101.html]
[motors.stylemixthemes.com/boats/shop/interior/sound/syntetic-oil-5w-40/index047b.html]
[motors.stylemixthemes.com/boats/shop/interior/sound/syntetic-oil-5w-40/index31e3.html]
[motors.stylemixthemes.com/boats/shop/parts/oil-filter/indexeea2.html]
[motors.stylemixthemes.com/boats/shop/interior/sound/syntetic-oil-5w-40/indexb522.html]
[motors.stylemixthemes.com/boats/shop/interior/sound/syntetic-oil-5w-40/indexeea2.html]
[motors.stylemixthemes.com/boats/shop/interior/sound/syntetic-oil-5w-40/indexb101.html]
[motors.stylemixthemes.com/boats/shop/parts/synthetic-oil-filter/index8254.html]
[motors.stylemixthemes.com/boats/shop/parts/ship-your-idea/index7091.html]
[motors.stylemixthemes.com/boats/shop/parts/oil-filter/indexeea2.html]
[motors.stylemixthemes.com/boats/shop/parts/ship-your-idea/indexb522.html]
[motors.stylemixthemes.com/boats/shop/parts/ship-your-idea/indexb522.html]
